******************************************************************************
                  TI ARM Linker PC v16.9.4                     
******************************************************************************
>> Linked Thu Nov 09 14:20:39 2017

OUTPUT FILE NAME:   <ADC_testing.out>
ENTRY POINT SYMBOL: "_c_int00"  address: 00000e1d


MEMORY CONFIGURATION

         name            origin    length      used     unused   attr    fill
----------------------  --------  ---------  --------  --------  ----  --------
  FLASH                 00000000   00040000  00001306  0003ecfa  R  X
  SRAM                  20000000   00008000  00000220  00007de0  RW X


SEGMENT ALLOCATION MAP

run origin  load origin   length   init length attrs members
----------  ----------- ---------- ----------- ----- -------
00000000    00000000    0000130c   0000130c    r-x
  00000000    00000000    0000026c   0000026c    r-- .intvecs
  0000026c    0000026c    00000f4a   00000f4a    r-x .text
  000011b8    000011b8    0000012c   0000012c    r-- .const
  000012e8    000012e8    00000024   00000024    r-- .cinit
20000000    20000000    00000220   00000000    rw-
  20000000    20000000    00000200   00000000    rw- .stack
  20000200    20000200    00000020   00000000    rw- .data


SECTION ALLOCATION MAP

 output                                  attributes/
section   page    origin      length       input sections
--------  ----  ----------  ----------   ----------------
.intvecs   0    00000000    0000026c     
                  00000000    0000026c     tm4c123gh6pge_startup_ccs.obj (.intvecs)

.text      0    0000026c    00000f4a     
                  0000026c    0000049c     uartstdio.obj (.text)
                  00000708    00000194     single_ended.obj (.text)
                  0000089c    00000132     driverlib.lib : gpio.obj (.text:GPIOPadConfigSet)
                  000009ce    00000002     rtsv7M4_T_le_v4SPD16_eabi.lib : i_div0.obj (.text)
                  000009d0    00000110     driverlib.lib : sysctl.obj (.text:SysCtlClockGet)
                  00000ae0    000000f4                   : sysctl.obj (.text:SysCtlClockSet)
                  00000bd4    0000009c     rtsv7M4_T_le_v4SPD16_eabi.lib : memcpy_t2.obj (.text)
                  00000c70    0000007a     driverlib.lib : adc.obj (.text:ADCSequenceStepConfigure)
                  00000cea    00000002     rtsv7M4_T_le_v4SPD16_eabi.lib : mpu_init.obj (.text)
                  00000cec    00000070                                   : autoinit.obj (.text)
                  00000d5c    00000068                                   : copy_decompress_lzss.obj (.text:decompress:lzss)
                  00000dc4    00000058     driverlib.lib : adc.obj (.text:ADCSequenceConfigure)
                  00000e1c    00000054     rtsv7M4_T_le_v4SPD16_eabi.lib : boot.obj (.text)
                  00000e70    00000054                                   : exit.obj (.text)
                  00000ec4    0000004c                                   : cpy_tbl.obj (.text)
                  00000f10    00000048     driverlib.lib : gpio.obj (.text:GPIOPinConfigure)
                  00000f58    00000046                   : uart.obj (.text:UARTConfigSetExpClk)
                  00000f9e    00000040     rtsv7M4_T_le_v4SPD16_eabi.lib : u_divt2.obj (.text)
                  00000fde    00000002                                   : startup.obj (.text)
                  00000fe0    00000038     driverlib.lib : sysctl.obj (.text:SysCtlPeripheralPresent)
                  00001018    00000034                   : sysctl.obj (.text:SysCtlPeripheralEnable)
                  0000104c    0000002e                   : adc.obj (.text:ADCIntStatus)
                  0000107a    0000002a                   : gpio.obj (.text:GPIODirModeSet)
                  000010a4    00000020                   : uart.obj (.text:UARTDisable)
                  000010c4    0000001e                   : adc.obj (.text:ADCSequenceDataGet)
                  000010e2    00000018                   : adc.obj (.text:ADCProcessorTrigger)
                  000010fa    00000002     --HOLE-- [fill = 0]
                  000010fc    00000018     rtsv7M4_T_le_v4SPD16_eabi.lib : args_main.obj (.text)
                  00001114    00000014     driverlib.lib : uart.obj (.text:UARTEnable)
                  00001128    00000014     rtsv7M4_T_le_v4SPD16_eabi.lib : _lock.obj (.text)
                  0000113c    00000012     driverlib.lib : gpio.obj (.text:GPIOPinTypeADC)
                  0000114e    00000012                   : gpio.obj (.text:GPIOPinTypeUART)
                  00001160    0000000e                   : adc.obj (.text:ADCSequenceEnable)
                  0000116e    0000000e     rtsv7M4_T_le_v4SPD16_eabi.lib : copy_decompress_none.obj (.text:decompress:none)
                  0000117c    0000000c     tm4c123gh6pge_startup_ccs.obj (.text)
                  00001188    0000000a     driverlib.lib : adc.obj (.text:ADCIntClear)
                  00001192    0000000a                   : uart.obj (.text:UARTCharGet)
                  0000119c    0000000a                   : uart.obj (.text:UARTCharPut)
                  000011a6    00000006                   : sysctl.obj (.text:SysCtlDelay)
                  000011ac    00000006                   : uart.obj (.text:UARTClockSourceSet)
                  000011b2    00000004     rtsv7M4_T_le_v4SPD16_eabi.lib : pre_init.obj (.text)

.const     0    000011b8    0000012c     
                  000011b8    00000090     driverlib.lib : gpio.obj (.const:g_pui32GPIOBaseAddrs)
                  00001248    0000006c                   : sysctl.obj (.const:g_pui32Xtals)
                  000012b4    00000012     uartstdio.obj (.const:.string)
                  000012c6    00000002     --HOLE-- [fill = 0]
                  000012c8    0000000c     uartstdio.obj (.const:g_ui32UARTBase)
                  000012d4    0000000c     uartstdio.obj (.const:g_ui32UARTPeriph)
                  000012e0    00000004     uartstdio.obj (.const)

.cinit     0    000012e8    00000024     
                  000012e8    00000011     (.cinit..data.load) [load image, compression = lzss]
                  000012f9    00000003     --HOLE-- [fill = 0]
                  000012fc    00000008     (__TI_handler_table)
                  00001304    00000008     (__TI_cinit_table)

.init_array 
*          0    00000000    00000000     UNINITIALIZED

.stack     0    20000000    00000200     UNINITIALIZED
                  20000000    00000200     --HOLE--

.data      0    20000200    00000020     UNINITIALIZED
                  20000200    0000000c     rtsv7M4_T_le_v4SPD16_eabi.lib : exit.obj (.data:$O1$$)
                  2000020c    00000008                                   : _lock.obj (.data:$O1$$)
                  20000214    00000005     uartstdio.obj (.data)
                  20000219    00000003     --HOLE--
                  2000021c    00000004     rtsv7M4_T_le_v4SPD16_eabi.lib : stkdepth_vars.obj (.data)

MODULE SUMMARY

       Module                          code   ro data   rw data
       ------                          ----   -------   -------
    .\
       uartstdio.obj                   1180   46        5      
       tm4c123gh6pge_startup_ccs.obj   12     620       0      
       single_ended.obj                404    0         0      
    +--+-------------------------------+------+---------+---------+
       Total:                          1596   666       5      
                                                               
    C:/ti/TivaWare_C_Series-2.1.3.156/driverlib/ccs/Debug/driverlib.lib
       sysctl.obj                      630    108       0      
       gpio.obj                        456    144       0      
       adc.obj                         334    0         0      
       uart.obj                        148    0         0      
    +--+-------------------------------+------+---------+---------+
       Total:                          1568   252       0      
                                                               
    C:\ti\ccsv7\tools\compiler\ti-cgt-arm_16.9.4.LTS\lib\rtsv7M4_T_le_v4SPD16_eabi.lib
       memcpy_t2.obj                   156    0         0      
       autoinit.obj                    112    0         0      
       copy_decompress_lzss.obj        104    0         0      
       exit.obj                        84     0         12     
       boot.obj                        84     0         0      
       cpy_tbl.obj                     76     0         0      
       u_divt2.obj                     64     0         0      
       _lock.obj                       20     0         8      
       args_main.obj                   24     0         0      
       copy_decompress_none.obj        14     0         0      
       pre_init.obj                    4      0         0      
       stkdepth_vars.obj               0      0         4      
       i_div0.obj                      2      0         0      
       mpu_init.obj                    2      0         0      
       startup.obj                     2      0         0      
    +--+-------------------------------+------+---------+---------+
       Total:                          748    0         24     
                                                               
       Stack:                          0      0         512    
       Linker Generated:               0      33        0      
    +--+-------------------------------+------+---------+---------+
       Grand Total:                    3912   951       541    


LINKER GENERATED COPY TABLES

__TI_cinit_table @ 00001304 records: 1, size/record: 8, table size: 8
	.data: load addr=000012e8, load size=00000011 bytes, run addr=20000200, run size=00000020 bytes, compression=lzss


LINKER GENERATED HANDLER TABLE

__TI_handler_table @ 000012fc records: 2, size/record: 4, table size: 8
	index: 0, handler: __TI_decompress_lzss
	index: 1, handler: __TI_decompress_none


GLOBAL SYMBOLS: SORTED ALPHABETICALLY BY Name 

address   name                           
-------   ----                           
00001189  ADCIntClear                    
0000104d  ADCIntStatus                   
000010e3  ADCProcessorTrigger            
00000dc5  ADCSequenceConfigure           
000010c5  ADCSequenceDataGet             
00001161  ADCSequenceEnable              
00000c71  ADCSequenceStepConfigure       
00000e71  C$$EXIT                        
0000107b  GPIODirModeSet                 
0000089d  GPIOPadConfigSet               
00000f11  GPIOPinConfigure               
0000113d  GPIOPinTypeADC                 
0000114f  GPIOPinTypeUART                
00000709  InitConsole                    
0000117d  ResetISR                       
UNDEFED   SHT$$INIT_ARRAY$$Base          
UNDEFED   SHT$$INIT_ARRAY$$Limit         
000009d1  SysCtlClockGet                 
00000ae1  SysCtlClockSet                 
000011a7  SysCtlDelay                    
00001019  SysCtlPeripheralEnable         
00000fe1  SysCtlPeripheralPresent        
00001193  UARTCharGet                    
0000119d  UARTCharPut                    
000011ad  UARTClockSourceSet             
00000f59  UARTConfigSetExpClk            
000010a5  UARTDisable                    
00001115  UARTEnable                     
0000026d  UARTStdioConfig                
000003b3  UARTgetc                       
000002f9  UARTgets                       
000006d3  UARTprintf                     
000003d9  UARTvprintf                    
000002b3  UARTwrite                      
20000200  __STACK_END                    
00000200  __STACK_SIZE                   
20000200  __STACK_TOP                    
00001304  __TI_CINIT_Base                
0000130c  __TI_CINIT_Limit               
000012fc  __TI_Handler_Table_Base        
00001304  __TI_Handler_Table_Limit       
00000ced  __TI_auto_init                 
20000200  __TI_cleanup_ptr               
00000d5d  __TI_decompress_lzss           
0000116f  __TI_decompress_none           
20000204  __TI_dtors_ptr                 
20000208  __TI_enable_exit_profile_output
ffffffff  __TI_pprof_out_hndl            
ffffffff  __TI_prof_data_size            
ffffffff  __TI_prof_data_start           
00000000  __TI_static_base__             
000009cf  __aeabi_idiv0                  
00000bd5  __aeabi_memcpy                 
00000bd5  __aeabi_memcpy4                
00000bd5  __aeabi_memcpy8                
00000f9f  __aeabi_uidiv                  
00000f9f  __aeabi_uidivmod               
ffffffff  __binit__                      
ffffffff  __c_args__                     
00000ceb  __mpu_init                     
20000000  __stack                        
000010fd  _args_main                     
00000e1d  _c_int00                       
2000020c  _lock                          
00001137  _nop                           
0000112f  _register_lock                 
00001129  _register_unlock               
00000fdf  _system_post_cinit             
000011b3  _system_pre_init               
20000210  _unlock                        
00000e75  abort                          
ffffffff  binit                          
00000ec5  copy_in                        
00000e7d  exit                           
00000000  g_pfnVectors                   
00000745  main                           
2000021c  main_func_sp                   
00000bd5  memcpy                         


GLOBAL SYMBOLS: SORTED BY Symbol Address 

address   name                           
-------   ----                           
00000000  __TI_static_base__             
00000000  g_pfnVectors                   
00000200  __STACK_SIZE                   
0000026d  UARTStdioConfig                
000002b3  UARTwrite                      
000002f9  UARTgets                       
000003b3  UARTgetc                       
000003d9  UARTvprintf                    
000006d3  UARTprintf                     
00000709  InitConsole                    
00000745  main                           
0000089d  GPIOPadConfigSet               
000009cf  __aeabi_idiv0                  
000009d1  SysCtlClockGet                 
00000ae1  SysCtlClockSet                 
00000bd5  __aeabi_memcpy                 
00000bd5  __aeabi_memcpy4                
00000bd5  __aeabi_memcpy8                
00000bd5  memcpy                         
00000c71  ADCSequenceStepConfigure       
00000ceb  __mpu_init                     
00000ced  __TI_auto_init                 
00000d5d  __TI_decompress_lzss           
00000dc5  ADCSequenceConfigure           
00000e1d  _c_int00                       
00000e71  C$$EXIT                        
00000e75  abort                          
00000e7d  exit                           
00000ec5  copy_in                        
00000f11  GPIOPinConfigure               
00000f59  UARTConfigSetExpClk            
00000f9f  __aeabi_uidiv                  
00000f9f  __aeabi_uidivmod               
00000fdf  _system_post_cinit             
00000fe1  SysCtlPeripheralPresent        
00001019  SysCtlPeripheralEnable         
0000104d  ADCIntStatus                   
0000107b  GPIODirModeSet                 
000010a5  UARTDisable                    
000010c5  ADCSequenceDataGet             
000010e3  ADCProcessorTrigger            
000010fd  _args_main                     
00001115  UARTEnable                     
00001129  _register_unlock               
0000112f  _register_lock                 
00001137  _nop                           
0000113d  GPIOPinTypeADC                 
0000114f  GPIOPinTypeUART                
00001161  ADCSequenceEnable              
0000116f  __TI_decompress_none           
0000117d  ResetISR                       
00001189  ADCIntClear                    
00001193  UARTCharGet                    
0000119d  UARTCharPut                    
000011a7  SysCtlDelay                    
000011ad  UARTClockSourceSet             
000011b3  _system_pre_init               
000012fc  __TI_Handler_Table_Base        
00001304  __TI_CINIT_Base                
00001304  __TI_Handler_Table_Limit       
0000130c  __TI_CINIT_Limit               
20000000  __stack                        
20000200  __STACK_END                    
20000200  __STACK_TOP                    
20000200  __TI_cleanup_ptr               
20000204  __TI_dtors_ptr                 
20000208  __TI_enable_exit_profile_output
2000020c  _lock                          
20000210  _unlock                        
2000021c  main_func_sp                   
ffffffff  __TI_pprof_out_hndl            
ffffffff  __TI_prof_data_size            
ffffffff  __TI_prof_data_start           
ffffffff  __binit__                      
ffffffff  __c_args__                     
ffffffff  binit                          
UNDEFED   SHT$$INIT_ARRAY$$Base          
UNDEFED   SHT$$INIT_ARRAY$$Limit         

[78 symbols]
