******************************************************************************
                  TI ARM Linker PC v16.9.4                     
******************************************************************************
>> Linked Thu Nov 23 17:27:19 2017

OUTPUT FILE NAME:   <Frost_Probe.out>
ENTRY POINT SYMBOL: "_c_int00"  address: 000025c1


MEMORY CONFIGURATION

         name            origin    length      used     unused   attr    fill
----------------------  --------  ---------  --------  --------  ----  --------
  FLASH                 00000000   00040000  00002e46  0003d1ba  R  X
  SRAM                  20000000   00008000  00000284  00007d7c  RW X


SEGMENT ALLOCATION MAP

run origin  load origin   length   init length attrs members
----------  ----------- ---------- ----------- ----- -------
00000000    00000000    00002e48   00002e48    r-x
  00000000    00000000    0000026c   0000026c    r-- .intvecs
  0000026c    0000026c    000027a6   000027a6    r-x .text
  00002a14    00002a14    000003fc   000003fc    r-- .const
  00002e10    00002e10    00000038   00000038    r-- .cinit
20000000    20000000    00000284   00000000    rw-
  20000000    20000000    00000200   00000000    rw- .stack
  20000200    20000200    00000054   00000000    rw- .bss
  20000254    20000254    00000030   00000000    rw- .data


SECTION ALLOCATION MAP

 output                                  attributes/
section   page    origin      length       input sections
--------  ----  ----------  ----------   ----------------
.intvecs   0    00000000    0000026c     
                  00000000    0000026c     tm4c123gh6pge_startup_ccs.obj (.intvecs)

.text      0    0000026c    000027a6     
                  0000026c    00000c84     ustdlib.obj (.text)
                  00000ef0    000005cc     FP_acquire.obj (.text)
                  000014bc    000004dc     uartstdio.obj (.text)
                  00001998    00000268     datetimeset.obj (.text)
                  00001c00    0000025c     Main.obj (.text)
                  00001e5c    00000132     driverlib.lib : gpio.obj (.text:GPIOPadConfigSet)
                  00001f8e    00000002     rtsv7M4_T_le_v4SPD16_eabi.lib : i_div0.obj (.text)
                  00001f90    00000110     driverlib.lib : sysctl.obj (.text:SysCtlClockGet)
                  000020a0    000000cc                   : sw_crc.obj (.text:Crc16)
                  0000216c    0000009c     rtsv7M4_T_le_v4SPD16_eabi.lib : memcpy_t2.obj (.text)
                  00002208    0000007a     driverlib.lib : adc.obj (.text:ADCSequenceStepConfigure)
                  00002282    0000007a     rtsv7M4_T_le_v4SPD16_eabi.lib : memset_t2.obj (.text)
                  000022fc    00000070                                   : autoinit.obj (.text)
                  0000236c    00000068     driverlib.lib : interrupt.obj (.text:IntDisable)
                  000023d4    00000068                   : interrupt.obj (.text:IntEnable)
                  0000243c    00000068     rtsv7M4_T_le_v4SPD16_eabi.lib : copy_decompress_lzss.obj (.text:decompress:lzss)
                  000024a4    00000064     driverlib.lib : hibernate.obj (.text:HibernateWakeSet)
                  00002508    00000060                   : timer.obj (.text:TimerConfigure)
                  00002568    00000058                   : adc.obj (.text:ADCSequenceConfigure)
                  000025c0    00000054     rtsv7M4_T_le_v4SPD16_eabi.lib : boot.obj (.text)
                  00002614    00000054                                   : exit.obj (.text)
                  00002668    0000004c                                   : cpy_tbl.obj (.text)
                  000026b4    00000048     driverlib.lib : gpio.obj (.text:GPIOPinConfigure)
                  000026fc    00000040     rtsv7M4_T_le_v4SPD16_eabi.lib : strtok.obj (.text)
                  0000273c    00000040                                   : u_divt2.obj (.text)
                  0000277c    00000034     driverlib.lib : sysctl.obj (.text:SysCtlPeripheralEnable)
                  000027b0    0000002c                   : hibernate.obj (.text:HibernateRTCSet)
                  000027dc    0000002a                   : gpio.obj (.text:GPIODirModeSet)
                  00002806    0000002a     rtsv7M4_T_le_v4SPD16_eabi.lib : strspn.obj (.text)
                  00002830    00000028     driverlib.lib : hibernate.obj (.text:HibernateDataSet)
                  00002858    00000024                   : hibernate.obj (.text:HibernateDataGet)
                  0000287c    00000024     rtsv7M4_T_le_v4SPD16_eabi.lib : strcspn.obj (.text)
                  000028a0    00000018     driverlib.lib : hibernate.obj (.text:HibernateIntStatus)
                  000028b8    00000018     rtsv7M4_T_le_v4SPD16_eabi.lib : args_main.obj (.text)
                  000028d0    00000014     driverlib.lib : hibernate.obj (.text:HibernateEnableExpClk)
                  000028e4    00000014                   : hibernate.obj (.text:HibernateIntClear)
                  000028f8    00000014                   : hibernate.obj (.text:HibernateRTCEnable)
                  0000290c    00000014                   : hibernate.obj (.text:HibernateRequest)
                  00002920    00000014     rtsv7M4_T_le_v4SPD16_eabi.lib : _lock.obj (.text)
                  00002934    00000012     driverlib.lib : gpio.obj (.text:GPIOPinTypeADC)
                  00002946    00000012                   : timer.obj (.text:TimerLoadSet)
                  00002958    00000010                   : hibernate.obj (.text:HibernateRTCMatchSet)
                  00002968    00000010                   : hibernate.obj (.text:HibernateRTCSSGet)
                  00002978    00000010                   : hibernate.obj (.text:HibernateRTCTrimSet)
                  00002988    00000010                   : hibernate.obj (.text:_HibernateWriteComplete)
                  00002998    0000000e                   : adc.obj (.text:ADCSequenceEnable)
                  000029a6    0000000e                   : timer.obj (.text:TimerEnable)
                  000029b4    0000000e     rtsv7M4_T_le_v4SPD16_eabi.lib : copy_decompress_none.obj (.text:decompress:none)
                  000029c2    00000002                                   : mpu_init.obj (.text)
                  000029c4    0000000c     driverlib.lib : hibernate.obj (.text:HibernateRTCGet)
                  000029d0    0000000c     rtsv7M4_T_le_v4SPD16_eabi.lib : copy_zero_init.obj (.text:decompress:ZI)
                  000029dc    0000000c     tm4c123gh6pge_startup_ccs.obj (.text)
                  000029e8    0000000a     driverlib.lib : adc.obj (.text:ADCIntClear)
                  000029f2    00000008                   : sw_crc.obj (.text:Crc16Array)
                  000029fa    00000008                   : timer.obj (.text:TimerIntEnable)
                  00002a02    00000006                   : timer.obj (.text:TimerClockSourceSet)
                  00002a08    00000004                   : timer.obj (.text:TimerIntClear)
                  00002a0c    00000004     rtsv7M4_T_le_v4SPD16_eabi.lib : pre_init.obj (.text)
                  00002a10    00000002                                   : startup.obj (.text)

.const     0    00002a14    000003fc     
                  00002a14    00000200     driverlib.lib : sw_crc.obj (.const:g_pui16Crc16)
                  00002c14    00000090                   : gpio.obj (.const:g_pui32GPIOBaseAddrs)
                  00002ca4    00000070                   : interrupt.obj (.const)
                  00002d14    0000006c                   : sysctl.obj (.const:g_pui32Xtals)
                  00002d80    00000030     ustdlib.obj (.const:g_psDaysToMonth)
                  00002db0    00000018     ustdlib.obj (.const:g_pfExponents)
                  00002dc8    00000012     uartstdio.obj (.const:.string)
                  00002dda    00000002     --HOLE-- [fill = 0]
                  00002ddc    00000012     ustdlib.obj (.const:.string)
                  00002dee    00000002     --HOLE-- [fill = 0]
                  00002df0    0000000c     uartstdio.obj (.const:g_ui32UARTBase)
                  00002dfc    0000000c     uartstdio.obj (.const:g_ui32UARTPeriph)
                  00002e08    00000004     uartstdio.obj (.const)
                  00002e0c    00000004     ustdlib.obj (.const)

.cinit     0    00002e10    00000038     
                  00002e10    00000014     (.cinit..data.load) [load image, compression = lzss]
                  00002e24    0000000c     (__TI_handler_table)
                  00002e30    00000008     (.cinit..bss.load) [load image, compression = zero_init]
                  00002e38    00000010     (__TI_cinit_table)

.init_array 
*          0    00000000    00000000     UNINITIALIZED

.stack     0    20000000    00000200     UNINITIALIZED
                  20000000    00000200     --HOLE--

.bss       0    20000200    00000054     UNINITIALIZED
                  20000200    00000030     (.common:ConfigState)
                  20000230    00000024     (.common:RealTime)

.data      0    20000254    00000030     UNINITIALIZED
                  20000254    0000000c     rtsv7M4_T_le_v4SPD16_eabi.lib : exit.obj (.data:$O1$$)
                  20000260    00000008                                   : _lock.obj (.data:$O1$$)
                  20000268    00000008     FP_acquire.obj (.data)
                  20000270    00000005     uartstdio.obj (.data)
                  20000275    00000003     --HOLE--
                  20000278    00000004     rtsv7M4_T_le_v4SPD16_eabi.lib : stkdepth_vars.obj (.data)
                  2000027c    00000004                                   : strtok.obj (.data)
                  20000280    00000004     ustdlib.obj (.data)

MODULE SUMMARY

       Module                          code    ro data   rw data
       ------                          ----    -------   -------
    .\
       ustdlib.obj                     3204    94        4      
       FP_acquire.obj                  1484    0         56     
       uartstdio.obj                   1244    46        5      
       Main.obj                        604     0         36     
       tm4c123gh6pge_startup_ccs.obj   12      620       0      
       datetimeset.obj                 616     0         0      
    +--+-------------------------------+-------+---------+---------+
       Total:                          7164    760       101    
                                                                
    C:/ti/TivaWare_C_Series-2.1.3.156/driverlib/ccs/Debug/driverlib.lib
       sw_crc.obj                      212     512       0      
       gpio.obj                        438     144       0      
       sysctl.obj                      324     108       0      
       hibernate.obj                   400     0         0      
       interrupt.obj                   208     112       0      
       adc.obj                         234     0         0      
       timer.obj                       146     0         0      
    +--+-------------------------------+-------+---------+---------+
       Total:                          1962    876       0      
                                                                
    C:\ti\ccsv7\tools\compiler\ti-cgt-arm_16.9.4.LTS\lib\rtsv7M4_T_le_v4SPD16_eabi.lib
       memcpy_t2.obj                   156     0         0      
       memset_t2.obj                   122     0         0      
       autoinit.obj                    112     0         0      
       copy_decompress_lzss.obj        104     0         0      
       exit.obj                        84      0         12     
       boot.obj                        84      0         0      
       cpy_tbl.obj                     76      0         0      
       strtok.obj                      64      0         4      
       u_divt2.obj                     64      0         0      
       strspn.obj                      42      0         0      
       strcspn.obj                     36      0         0      
       _lock.obj                       20      0         8      
       args_main.obj                   24      0         0      
       copy_decompress_none.obj        14      0         0      
       copy_zero_init.obj              12      0         0      
       pre_init.obj                    4       0         0      
       stkdepth_vars.obj               0       0         4      
       i_div0.obj                      2       0         0      
       mpu_init.obj                    2       0         0      
       startup.obj                     2       0         0      
    +--+-------------------------------+-------+---------+---------+
       Total:                          1024    0         28     
                                                                
       Stack:                          0       0         512    
       Linker Generated:               0       56        0      
    +--+-------------------------------+-------+---------+---------+
       Grand Total:                    10150   1692      641    


LINKER GENERATED COPY TABLES

__TI_cinit_table @ 00002e38 records: 2, size/record: 8, table size: 16
	.data: load addr=00002e10, load size=00000014 bytes, run addr=20000254, run size=00000030 bytes, compression=lzss
	.bss: load addr=00002e30, load size=00000008 bytes, run addr=20000200, run size=00000054 bytes, compression=zero_init


LINKER GENERATED HANDLER TABLE

__TI_handler_table @ 00002e24 records: 3, size/record: 4, table size: 12
	index: 0, handler: __TI_decompress_lzss
	index: 1, handler: __TI_decompress_none
	index: 2, handler: __TI_zero_init


GLOBAL SYMBOLS: SORTED ALPHABETICALLY BY Name 

address   name                           
-------   ----                           
000029e9  ADCIntClear                    
00002569  ADCSequenceConfigure           
00002999  ADCSequenceEnable              
00002209  ADCSequenceStepConfigure       
00001291  ADCSetup                       
00001005  AcquireSetup                   
00002615  C$$EXIT                        
20000200  ConfigState                    
000020a1  Crc16                          
000029f3  Crc16Array                     
00001999  DateSet                        
000027dd  GPIODirModeSet                 
00001e5d  GPIOPadConfigSet               
000026b5  GPIOPinConfigure               
00002935  GPIOPinTypeADC                 
0000131d  GetHibData                     
00002859  HibernateDataGet               
00002831  HibernateDataSet               
000028d1  HibernateEnableExpClk          
000028e5  HibernateIntClear              
000028a1  HibernateIntStatus             
000028f9  HibernateRTCEnable             
000029c5  HibernateRTCGet                
00002959  HibernateRTCMatchSet           
00002969  HibernateRTCSSGet              
000027b1  HibernateRTCSet                
00002979  HibernateRTCTrimSet            
0000290d  HibernateRequest               
000024a5  HibernateWakeSet               
00001c01  InitConsole                    
0000236d  IntDisable                     
000023d5  IntEnable                      
00000f29  RTCHandler                     
00001ced  RTCSetup                       
20000230  RealTime                       
000029dd  ResetISR                       
UNDEFED   SHT$$INIT_ARRAY$$Base          
UNDEFED   SHT$$INIT_ARRAY$$Limit         
000013a3  SetHibData                     
00001221  StartLogging                   
00001f91  SysCtlClockGet                 
0000277d  SysCtlPeripheralEnable         
00001c55  SysTimeSet                     
00001a63  TimeSet                        
00000ef1  Timer0Handler                  
00002a03  TimerClockSourceSet            
00002509  TimerConfigure                 
000029a7  TimerEnable                    
00002a09  TimerIntClear                  
000029fb  TimerIntEnable                 
00002947  TimerLoadSet                   
000014bd  UARTStdioConfig                
00001635  UARTgetc                       
0000156f  UARTgets                       
00001963  UARTprintf                     
00001669  UARTvprintf                    
0000151d  UARTwrite                      
20000200  __STACK_END                    
00000200  __STACK_SIZE                   
20000200  __STACK_TOP                    
00002e38  __TI_CINIT_Base                
00002e48  __TI_CINIT_Limit               
00002e24  __TI_Handler_Table_Base        
00002e30  __TI_Handler_Table_Limit       
000022fd  __TI_auto_init                 
20000254  __TI_cleanup_ptr               
0000243d  __TI_decompress_lzss           
000029b5  __TI_decompress_none           
20000258  __TI_dtors_ptr                 
2000025c  __TI_enable_exit_profile_output
ffffffff  __TI_pprof_out_hndl            
ffffffff  __TI_prof_data_size            
ffffffff  __TI_prof_data_start           
00000000  __TI_static_base__             
000029d1  __TI_zero_init                 
00001f8f  __aeabi_idiv0                  
00002283  __aeabi_memclr                 
00002283  __aeabi_memclr4                
00002283  __aeabi_memclr8                
0000216d  __aeabi_memcpy                 
0000216d  __aeabi_memcpy4                
0000216d  __aeabi_memcpy8                
00002285  __aeabi_memset                 
00002285  __aeabi_memset4                
00002285  __aeabi_memset8                
0000273d  __aeabi_uidiv                  
0000273d  __aeabi_uidivmod               
ffffffff  __binit__                      
ffffffff  __c_args__                     
000029c3  __mpu_init                     
20000000  __stack                        
000028b9  _args_main                     
000025c1  _c_int00                       
20000260  _lock                          
0000292f  _nop                           
00002927  _register_lock                 
00002921  _register_unlock               
00002a11  _system_post_cinit             
00002a0d  _system_pre_init               
20000264  _unlock                        
00002619  abort                          
ffffffff  binit                          
00002669  copy_in                        
00002621  exit                           
00000000  g_pfnVectors                   
00001cff  main                           
20000278  main_func_sp                   
0000216d  memcpy                         
0000228b  memset                         
0000287d  strcspn                        
00002807  strspn                         
000026fd  strtok                         
00000751  ulocaltime                     
0000094f  umktime                        
00000ec9  urand                          
00000721  usnprintf                      
000006ef  usprintf                       
00000eb9  usrand                         
00000e31  ustrcasecmp                    
00000ea5  ustrcmp                        
00000d35  ustrlen                        
00000d8d  ustrncasecmp                   
00000e45  ustrncmp                       
0000026d  ustrncpy                       
00000d57  ustrstr                        
00000afd  ustrtof                        
000009c5  ustrtoul                       
000002c5  uvsnprintf                     


GLOBAL SYMBOLS: SORTED BY Symbol Address 

address   name                           
-------   ----                           
00000000  __TI_static_base__             
00000000  g_pfnVectors                   
00000200  __STACK_SIZE                   
0000026d  ustrncpy                       
000002c5  uvsnprintf                     
000006ef  usprintf                       
00000721  usnprintf                      
00000751  ulocaltime                     
0000094f  umktime                        
000009c5  ustrtoul                       
00000afd  ustrtof                        
00000d35  ustrlen                        
00000d57  ustrstr                        
00000d8d  ustrncasecmp                   
00000e31  ustrcasecmp                    
00000e45  ustrncmp                       
00000ea5  ustrcmp                        
00000eb9  usrand                         
00000ec9  urand                          
00000ef1  Timer0Handler                  
00000f29  RTCHandler                     
00001005  AcquireSetup                   
00001221  StartLogging                   
00001291  ADCSetup                       
0000131d  GetHibData                     
000013a3  SetHibData                     
000014bd  UARTStdioConfig                
0000151d  UARTwrite                      
0000156f  UARTgets                       
00001635  UARTgetc                       
00001669  UARTvprintf                    
00001963  UARTprintf                     
00001999  DateSet                        
00001a63  TimeSet                        
00001c01  InitConsole                    
00001c55  SysTimeSet                     
00001ced  RTCSetup                       
00001cff  main                           
00001e5d  GPIOPadConfigSet               
00001f8f  __aeabi_idiv0                  
00001f91  SysCtlClockGet                 
000020a1  Crc16                          
0000216d  __aeabi_memcpy                 
0000216d  __aeabi_memcpy4                
0000216d  __aeabi_memcpy8                
0000216d  memcpy                         
00002209  ADCSequenceStepConfigure       
00002283  __aeabi_memclr                 
00002283  __aeabi_memclr4                
00002283  __aeabi_memclr8                
00002285  __aeabi_memset                 
00002285  __aeabi_memset4                
00002285  __aeabi_memset8                
0000228b  memset                         
000022fd  __TI_auto_init                 
0000236d  IntDisable                     
000023d5  IntEnable                      
0000243d  __TI_decompress_lzss           
000024a5  HibernateWakeSet               
00002509  TimerConfigure                 
00002569  ADCSequenceConfigure           
000025c1  _c_int00                       
00002615  C$$EXIT                        
00002619  abort                          
00002621  exit                           
00002669  copy_in                        
000026b5  GPIOPinConfigure               
000026fd  strtok                         
0000273d  __aeabi_uidiv                  
0000273d  __aeabi_uidivmod               
0000277d  SysCtlPeripheralEnable         
000027b1  HibernateRTCSet                
000027dd  GPIODirModeSet                 
00002807  strspn                         
00002831  HibernateDataSet               
00002859  HibernateDataGet               
0000287d  strcspn                        
000028a1  HibernateIntStatus             
000028b9  _args_main                     
000028d1  HibernateEnableExpClk          
000028e5  HibernateIntClear              
000028f9  HibernateRTCEnable             
0000290d  HibernateRequest               
00002921  _register_unlock               
00002927  _register_lock                 
0000292f  _nop                           
00002935  GPIOPinTypeADC                 
00002947  TimerLoadSet                   
00002959  HibernateRTCMatchSet           
00002969  HibernateRTCSSGet              
00002979  HibernateRTCTrimSet            
00002999  ADCSequenceEnable              
000029a7  TimerEnable                    
000029b5  __TI_decompress_none           
000029c3  __mpu_init                     
000029c5  HibernateRTCGet                
000029d1  __TI_zero_init                 
000029dd  ResetISR                       
000029e9  ADCIntClear                    
000029f3  Crc16Array                     
000029fb  TimerIntEnable                 
00002a03  TimerClockSourceSet            
00002a09  TimerIntClear                  
00002a0d  _system_pre_init               
00002a11  _system_post_cinit             
00002e24  __TI_Handler_Table_Base        
00002e30  __TI_Handler_Table_Limit       
00002e38  __TI_CINIT_Base                
00002e48  __TI_CINIT_Limit               
20000000  __stack                        
20000200  ConfigState                    
20000200  __STACK_END                    
20000200  __STACK_TOP                    
20000230  RealTime                       
20000254  __TI_cleanup_ptr               
20000258  __TI_dtors_ptr                 
2000025c  __TI_enable_exit_profile_output
20000260  _lock                          
20000264  _unlock                        
20000278  main_func_sp                   
ffffffff  __TI_pprof_out_hndl            
ffffffff  __TI_prof_data_size            
ffffffff  __TI_prof_data_start           
ffffffff  __binit__                      
ffffffff  __c_args__                     
ffffffff  binit                          
UNDEFED   SHT$$INIT_ARRAY$$Base          
UNDEFED   SHT$$INIT_ARRAY$$Limit         

[128 symbols]
