******************************************************************************
                  TI ARM Linker PC v16.9.4                     
******************************************************************************
>> Linked Mon Dec 18 17:16:11 2017

OUTPUT FILE NAME:   <Frost_Probe.out>
ENTRY POINT SYMBOL: "_c_int00"  address: 00009e21


MEMORY CONFIGURATION

         name            origin    length      used     unused   attr    fill
----------------------  --------  ---------  --------  --------  ----  --------
  FLASH                 00000000   00040000  00012ad0  0002d530  R  X
  SRAM                  20000000   00008000  0000127e  00006d82  RW X


SEGMENT ALLOCATION MAP

run origin  load origin   length   init length attrs members
----------  ----------- ---------- ----------- ----- -------
00000000    00000000    00012ad0   00012ad0    r-x
  00000000    00000000    0000026c   0000026c    r-- .intvecs
  0000026c    0000026c    0000a400   0000a400    r-x .text
  0000a66c    0000a66c    00008304   00008304    r-- .const
  00012970    00012970    00000160   00000160    r-- .cinit
20000000    20000000    00001280   00000000    rw-
  20000000    20000000    0000026c   00000000    rw- .vtable
  2000026c    2000026c    00000c36   00000000    rw- .bss
  20000ea4    20000ea4    00000200   00000000    rw- .stack
  200010a4    200010a4    000001dc   00000000    rw- .data


SECTION ALLOCATION MAP

 output                                  attributes/
section   page    origin      length       input sections
--------  ----  ----------  ----------   ----------------
.intvecs   0    00000000    0000026c     
                  00000000    0000026c     tm4c123gh6pge_startup_ccs.obj (.intvecs)

.text      0    0000026c    0000a400     
                  0000026c    00003b9e     ff.obj (.text)
                  00003e0a    00000002     rtsv7M4_T_le_v4SPD16_eabi.lib : i_div0.obj (.text)
                  00003e0c    0000113e                                   : _printfi.obj (.text)
                  00004f4a    00000002                                   : mpu_init.obj (.text)
                  00004f4c    00000c84     ustdlib.obj (.text)
                  00005bd0    00000a04     sd_card.obj (.text)
                  000065d4    000009c8     mmc-dk-tm4c123g.obj (.text)
                  00006f9c    00000810     FP_acquire.obj (.text)
                  000077ac    0000067c     cfal96x64x16.obj (.text)
                  00007e28    000004dc     uartstdio.obj (.text)
                  00008304    00000380     Main.obj (.text)
                  00008684    00000254     grlib.lib : string.obj (.text:GrFontGlyphRender)
                  000088d8    000001f4     rtsv7M4_T_le_v4SPD16_eabi.lib : ull_div_t2.obj (.text)
                  00008acc    000001b6                                   : fd_add_t2.obj (.text)
                  00008c82    00000136                                   : fd_div_t2.obj (.text)
                  00008db8    00000132     driverlib.lib : gpio.obj (.text:GPIOPadConfigSet)
                  00008eea    00000002     rtsv7M4_T_le_v4SPD16_eabi.lib : startup.obj (.text)
                  00008eec    00000128     cc932.obj (.text)
                  00009014    00000110     driverlib.lib : sysctl.obj (.text:SysCtlClockGet)
                  00009124    000000fc     rtsv7M4_T_le_v4SPD16_eabi.lib : fd_mul_t2.obj (.text)
                  00009220    000000fc                                   : s_scalbn.obj (.text)
                  0000931c    000000f4     driverlib.lib : sysctl.obj (.text:SysCtlClockSet)
                  00009410    000000cc                   : sw_crc.obj (.text:Crc16)
                  000094dc    000000c0     grlib.lib : string.obj (.text:GrDefaultStringRenderer)
                  0000959c    000000ac     cmdline.obj (.text)
                  00009648    0000009c     rtsv7M4_T_le_v4SPD16_eabi.lib : memcpy_t2.obj (.text)
                  000096e4    00000086     grlib.lib : rectangle.obj (.text:GrRectFill)
                  0000976a    00000086     rtsv7M4_T_le_v4SPD16_eabi.lib : fd_cmp_t2.obj (.text:__aeabi_cdcmple)
                  000097f0    00000086                                   : fd_cmp_t2.obj (.text:__aeabi_cdrcmple)
                  00009876    0000007a     driverlib.lib : adc.obj (.text:ADCSequenceStepConfigure)
                  000098f0    0000007a     rtsv7M4_T_le_v4SPD16_eabi.lib : memset_t2.obj (.text)
                  0000996a    00000002     --HOLE-- [fill = 0]
                  0000996c    00000070                                   : autoinit.obj (.text)
                  000099dc    00000068     grlib.lib : context.obj (.text:GrContextInit)
                  00009a44    00000068               : string.obj (.text:GrStringWidthGet)
                  00009aac    00000068     driverlib.lib : interrupt.obj (.text:IntDisable)
                  00009b14    00000068                   : interrupt.obj (.text:IntEnable)
                  00009b7c    00000068     rtsv7M4_T_le_v4SPD16_eabi.lib : copy_decompress_lzss.obj (.text:decompress:lzss)
                  00009be4    00000064     driverlib.lib : hibernate.obj (.text:HibernateWakeSet)
                  00009c48    00000064     rtsv7M4_T_le_v4SPD16_eabi.lib : s_frexp.obj (.text)
                  00009cac    00000060     driverlib.lib : timer.obj (.text:TimerConfigure)
                  00009d0c    00000060     rtsv7M4_T_le_v4SPD16_eabi.lib : sprintf.obj (.text)
                  00009d6c    0000005a     grlib.lib : string.obj (.text:FontWideGlyphDataGet)
                  00009dc6    00000002     --HOLE-- [fill = 0]
                  00009dc8    00000058     driverlib.lib : adc.obj (.text:ADCSequenceConfigure)
                  00009e20    00000054     rtsv7M4_T_le_v4SPD16_eabi.lib : boot.obj (.text)
                  00009e74    00000054                                   : exit.obj (.text)
                  00009ec8    00000054                                   : ltoa.obj (.text)
                  00009f1c    0000004c                                   : atoi.obj (.text)
                  00009f68    0000004c                                   : cpy_tbl.obj (.text)
                  00009fb4    0000004a     grlib.lib : string.obj (.text:UpdateContextCharMapping)
                  00009ffe    00000002     --HOLE-- [fill = 0]
                  0000a000    00000048     driverlib.lib : gpio.obj (.text:GPIOPinConfigure)
                  0000a048    00000048     rtsv7M4_T_le_v4SPD16_eabi.lib : fd_toi_t2.obj (.text)
                  0000a090    00000040                                   : strtok.obj (.text)
                  0000a0d0    00000040                                   : u_divt2.obj (.text)
                  0000a110    0000003a     grlib.lib : string.obj (.text:FontGlyphDataGet)
                  0000a14a    00000036     rtsv7M4_T_le_v4SPD16_eabi.lib : strncpy.obj (.text)
                  0000a180    00000034     driverlib.lib : interrupt.obj (.text:IntRegister)
                  0000a1b4    00000034                   : sysctl.obj (.text:SysCtlPeripheralEnable)
                  0000a1e8    0000002e                   : adc.obj (.text:ADCIntStatus)
                  0000a216    0000002e     grlib.lib : string.obj (.text:GrStringNextCharGet)
                  0000a244    0000002e     rtsv7M4_T_le_v4SPD16_eabi.lib : i_tofd_t2.obj (.text)
                  0000a272    0000002c     grlib.lib : string.obj (.text:GrFontBaselineGet)
                  0000a29e    00000002     --HOLE-- [fill = 0]
                  0000a2a0    0000002c     driverlib.lib : hibernate.obj (.text:HibernateRTCSet)
                  0000a2cc    0000002a                   : gpio.obj (.text:GPIODirModeSet)
                  0000a2f6    0000002a     rtsv7M4_T_le_v4SPD16_eabi.lib : strspn.obj (.text)
                  0000a320    00000028     driverlib.lib : hibernate.obj (.text:HibernateDataSet)
                  0000a348    00000026     grlib.lib : string.obj (.text:GrFontInfoGet)
                  0000a36e    00000002     --HOLE-- [fill = 0]
                  0000a370    00000024     driverlib.lib : hibernate.obj (.text:HibernateDataGet)
                  0000a394    00000024     rtsv7M4_T_le_v4SPD16_eabi.lib : strcspn.obj (.text)
                  0000a3b8    00000022     grlib.lib : string.obj (.text:GrFontGlyphDataGet)
                  0000a3da    0000001e     driverlib.lib : adc.obj (.text:ADCSequenceDataGet)
                  0000a3f8    0000001e     grlib.lib : string.obj (.text:GrFontCodepageGet)
                  0000a416    0000001e     rtsv7M4_T_le_v4SPD16_eabi.lib : strcat.obj (.text)
                  0000a434    0000001c                                   : memccpy.obj (.text)
                  0000a450    00000018     driverlib.lib : adc.obj (.text:ADCProcessorTrigger)
                  0000a468    00000018                   : hibernate.obj (.text:HibernateIntStatus)
                  0000a480    00000018     rtsv7M4_T_le_v4SPD16_eabi.lib : args_main.obj (.text)
                  0000a498    00000018                                   : strcmp.obj (.text)
                  0000a4b0    00000016     grlib.lib : string.obj (.text:GrStringDraw)
                  0000a4c6    00000016     rtsv7M4_T_le_v4SPD16_eabi.lib : strchr.obj (.text)
                  0000a4dc    00000014     driverlib.lib : hibernate.obj (.text:HibernateEnableExpClk)
                  0000a4f0    00000014                   : hibernate.obj (.text:HibernateIntClear)
                  0000a504    00000014                   : hibernate.obj (.text:HibernateRTCEnable)
                  0000a518    00000014                   : hibernate.obj (.text:HibernateRequest)
                  0000a52c    00000014     rtsv7M4_T_le_v4SPD16_eabi.lib : _lock.obj (.text)
                  0000a540    00000014                                   : s_copysign.obj (.text)
                  0000a554    00000014                                   : strcpy.obj (.text)
                  0000a568    00000014                                   : strlen.obj (.text)
                  0000a57c    00000012     driverlib.lib : gpio.obj (.text:GPIOPinTypeADC)
                  0000a58e    00000012                   : timer.obj (.text:TimerLoadSet)
                  0000a5a0    00000010                   : hibernate.obj (.text:HibernateRTCMatchSet)
                  0000a5b0    00000010                   : hibernate.obj (.text:HibernateRTCSSGet)
                  0000a5c0    00000010                   : hibernate.obj (.text:HibernateRTCTrimSet)
                  0000a5d0    00000010                   : hibernate.obj (.text:_HibernateWriteComplete)
                  0000a5e0    0000000e                   : adc.obj (.text:ADCSequenceEnable)
                  0000a5ee    0000000e                   : timer.obj (.text:TimerEnable)
                  0000a5fc    0000000e     rtsv7M4_T_le_v4SPD16_eabi.lib : copy_decompress_none.obj (.text:decompress:none)
                  0000a60a    00000002     --HOLE-- [fill = 0]
                  0000a60c    0000000c     driverlib.lib : hibernate.obj (.text:HibernateRTCGet)
                  0000a618    0000000c     rtsv7M4_T_le_v4SPD16_eabi.lib : copy_zero_init.obj (.text:decompress:ZI)
                  0000a624    0000000c     tm4c123gh6pge_startup_ccs.obj (.text)
                  0000a630    0000000a     driverlib.lib : adc.obj (.text:ADCIntClear)
                  0000a63a    00000008                   : sw_crc.obj (.text:Crc16Array)
                  0000a642    00000008     grlib.lib : charmap.obj (.text:GrMapISO8859_1_Unicode)
                  0000a64a    00000008     driverlib.lib : timer.obj (.text:TimerIntEnable)
                  0000a652    00000006     grlib.lib : string.obj (.text:GrContextFontSet)
                  0000a658    00000006     driverlib.lib : sysctl.obj (.text:SysCtlDelay)
                  0000a65e    00000006                   : timer.obj (.text:TimerClockSourceSet)
                  0000a664    00000004                   : timer.obj (.text:TimerIntClear)
                  0000a668    00000004     rtsv7M4_T_le_v4SPD16_eabi.lib : pre_init.obj (.text)

.const     0    0000a66c    00008304     
                  0000a66c    00007378     cc932.obj (.const:uni2sjis)
                  000119e4    000002f8     grlib.lib : fontfixed6x8.obj (.const:.string:g_pui8FontFixed6x8Data)
                  00011cdc    000002ae     sd_card.obj (.const:.string)
                  00011f8a    00000200     driverlib.lib : sw_crc.obj (.const:g_pui16Crc16)
                  0001218a    000001e0     cc932.obj (.const:tbl_lower$1)
                  0001236a    000001e0     cc932.obj (.const:tbl_upper$2)
                  0001254a    00000101     rtsv7M4_T_le_v4SPD16_eabi.lib : ctype.obj (.const:.string:_ctypes_)
                  0001264b    00000001     --HOLE-- [fill = 0]
                  0001264c    000000c8     grlib.lib : fontfixed6x8.obj (.const:g_sFontFixed6x8)
                  00012714    00000090     driverlib.lib : gpio.obj (.const:g_pui32GPIOBaseAddrs)
                  000127a4    00000070                   : interrupt.obj (.const)
                  00012814    0000006c                   : sysctl.obj (.const:g_pui32Xtals)
                  00012880    00000030     ustdlib.obj (.const:g_psDaysToMonth)
                  000128b0    00000028     cfal96x64x16.obj (.const:g_sCFAL96x64x16)
                  000128d8    00000018     ustdlib.obj (.const:g_pfExponents)
                  000128f0    00000012     FP_acquire.obj (.const:.string)
                  00012902    00000002     --HOLE-- [fill = 0]
                  00012904    00000012     uartstdio.obj (.const:.string)
                  00012916    00000002     --HOLE-- [fill = 0]
                  00012918    00000012     ustdlib.obj (.const:.string)
                  0001292a    00000002     --HOLE-- [fill = 0]
                  0001292c    00000010     grlib.lib : context.obj (.const)
                  0001293c    0000000d     ff.obj (.const:.string:LfnOfs)
                  00012949    00000003     --HOLE-- [fill = 0]
                  0001294c    0000000c     uartstdio.obj (.const:g_ui32UARTBase)
                  00012958    0000000c     uartstdio.obj (.const:g_ui32UARTPeriph)
                  00012964    00000004     FP_acquire.obj (.const)
                  00012968    00000004     uartstdio.obj (.const)
                  0001296c    00000004     ustdlib.obj (.const)

.cinit     0    00012970    00000160     
                  00012970    0000012c     (.cinit..data.load) [load image, compression = lzss]
                  00012a9c    0000000c     (__TI_handler_table)
                  00012aa8    00000008     (.cinit..bss.load) [load image, compression = zero_init]
                  00012ab0    00000008     (.cinit..vtable.load) [load image, compression = zero_init]
                  00012ab8    00000018     (__TI_cinit_table)

.init_array 
*          0    00000000    00000000     UNINITIALIZED

.vtable    0    20000000    0000026c     UNINITIALIZED
                  20000000    0000026c     driverlib.lib : interrupt.obj (.vtable)

.bss       0    2000026c    00000c36     UNINITIALIZED
                  2000026c    00000234     FP_acquire.obj (.bss:g_sFatFs)
                  200004a0    00000234     sd_card.obj (.bss:g_sFatFs)
                  200006d4    00000228     sd_card.obj (.bss:g_sFileObject)
                  200008fc    00000228     FP_acquire.obj (.bss:logFile)
                  20000b24    00000200     ff.obj (.bss:LfnBuf)
                  20000d24    00000050     sd_card.obj (.bss:g_pcTmpBuf)
                  20000d74    00000040     sd_card.obj (.bss:g_pcCmdBuf)
                  20000db4    00000040     (.common:ConfigState)
                  20000df4    0000002c     (.common:g_sContext)
                  20000e20    00000024     cmdline.obj (.bss:g_ppcArgv)
                  20000e44    00000024     sd_card.obj (.bss:g_sDirObject)
                  20000e68    00000020     sd_card.obj (.bss:g_sFileInfo)
                  20000e88    0000000c     ff.obj (.bss:Files)
                  20000e94    00000004     ff.obj (.bss:FatFs)
                  20000e98    00000004     (.common:g_psGrLibDefaults)
                  20000e9c    00000003     mmc-dk-tm4c123g.obj (.bss)
                  20000e9f    00000001     --HOLE--
                  20000ea0    00000002     ff.obj (.bss)

.stack     0    20000ea4    00000200     UNINITIALIZED
                  20000ea4    00000200     --HOLE--

.data      0    200010a4    000001dc     UNINITIALIZED
                  200010a4    000000a8     sd_card.obj (.data:g_psCmdTable)
                  2000114c    000000a0     sd_card.obj (.data:g_psFResultStrings)
                  200011ec    00000050     sd_card.obj (.data:g_pcCwdBuf)
                  2000123c    00000013     cfal96x64x16.obj (.data:g_ui8DisplayInitCommands)
                  2000124f    00000001     --HOLE--
                  20001250    0000000c     rtsv7M4_T_le_v4SPD16_eabi.lib : exit.obj (.data:$O1$$)
                  2000125c    00000008                                   : _lock.obj (.data:$O1$$)
                  20001264    00000005     uartstdio.obj (.data)
                  20001269    00000002     mmc-dk-tm4c123g.obj (.data)
                  2000126b    00000001     --HOLE--
                  2000126c    00000004     FP_acquire.obj (.data)
                  20001270    00000004     rtsv7M4_T_le_v4SPD16_eabi.lib : errno.obj (.data)
                  20001274    00000004                                   : stkdepth_vars.obj (.data)
                  20001278    00000004                                   : strtok.obj (.data)
                  2000127c    00000004     ustdlib.obj (.data)

MODULE SUMMARY

       Module                          code    ro data   rw data
       ------                          ----    -------   -------
    .\
       sd_card.obj                     2564    686       1736   
       FP_acquire.obj                  2064    22        1228   
       Main.obj                        896     0         0      
       tm4c123gh6pge_startup_ccs.obj   12      620       0      
    +--+-------------------------------+-------+---------+---------+
       Total:                          5536    1328      2964   
                                                                
    .\drivers\
       cfal96x64x16.obj                1660    40        19     
    +--+-------------------------------+-------+---------+---------+
       Total:                          1660    40        19     
                                                                
    .\third_party\fatfs\port\
       mmc-dk-tm4c123g.obj             2504    0         5      
    +--+-------------------------------+-------+---------+---------+
       Total:                          2504    0         5      
                                                                
    .\third_party\fatfs\src\
       ff.obj                          15262   13        530    
    +--+-------------------------------+-------+---------+---------+
       Total:                          15262   13        530    
                                                                
    .\third_party\fatfs\src\option\
       cc932.obj                       296     30520     0      
    +--+-------------------------------+-------+---------+---------+
       Total:                          296     30520     0      
                                                                
    .\utils\
       ustdlib.obj                     3204    94        4      
       uartstdio.obj                   1244    46        5      
       cmdline.obj                     172     0         36     
    +--+-------------------------------+-------+---------+---------+
       Total:                          4620    140       45     
                                                                
    C:/ti/TivaWare_C_Series-2.1.3.156/driverlib/ccs/Debug/driverlib.lib
       interrupt.obj                   260     112       620    
       sw_crc.obj                      212     512       0      
       sysctl.obj                      574     108       0      
       gpio.obj                        438     144       0      
       hibernate.obj                   400     0         0      
       adc.obj                         334     0         0      
       timer.obj                       146     0         0      
    +--+-------------------------------+-------+---------+---------+
       Total:                          2364    876       620    
                                                                
    C:/ti/TivaWare_C_Series-2.1.3.156/grlib/ccs/Debug/grlib.lib
       string.obj                      1334    0         0      
       fontfixed6x8.obj                0       960       0      
       rectangle.obj                   134     0         0      
       context.obj                     104     16        4      
       charmap.obj                     8       0         0      
    +--+-------------------------------+-------+---------+---------+
       Total:                          1580    976       4      
                                                                
    C:\ti\ccsv7\tools\compiler\ti-cgt-arm_16.9.4.LTS\lib\rtsv7M4_T_le_v4SPD16_eabi.lib
       _printfi.obj                    4414    0         0      
       ull_div_t2.obj                  500     0         0      
       fd_add_t2.obj                   438     0         0      
       fd_div_t2.obj                   310     0         0      
       fd_cmp_t2.obj                   268     0         0      
       ctype.obj                       0       257       0      
       fd_mul_t2.obj                   252     0         0      
       s_scalbn.obj                    252     0         0      
       memcpy_t2.obj                   156     0         0      
       memset_t2.obj                   122     0         0      
       autoinit.obj                    112     0         0      
       copy_decompress_lzss.obj        104     0         0      
       s_frexp.obj                     100     0         0      
       exit.obj                        84      0         12     
       sprintf.obj                     96      0         0      
       boot.obj                        84      0         0      
       ltoa.obj                        84      0         0      
       atoi.obj                        76      0         0      
       cpy_tbl.obj                     76      0         0      
       fd_toi_t2.obj                   72      0         0      
       strtok.obj                      64      0         4      
       u_divt2.obj                     64      0         0      
       strncpy.obj                     54      0         0      
       i_tofd_t2.obj                   46      0         0      
       strspn.obj                      42      0         0      
       strcspn.obj                     36      0         0      
       strcat.obj                      30      0         0      
       _lock.obj                       20      0         8      
       memccpy.obj                     28      0         0      
       args_main.obj                   24      0         0      
       strcmp.obj                      24      0         0      
       strchr.obj                      22      0         0      
       s_copysign.obj                  20      0         0      
       strcpy.obj                      20      0         0      
       strlen.obj                      20      0         0      
       copy_decompress_none.obj        14      0         0      
       copy_zero_init.obj              12      0         0      
       errno.obj                       0       0         4      
       pre_init.obj                    4       0         0      
       stkdepth_vars.obj               0       0         4      
       i_div0.obj                      2       0         0      
       mpu_init.obj                    2       0         0      
       startup.obj                     2       0         0      
    +--+-------------------------------+-------+---------+---------+
       Total:                          8150    257       32     
                                                                
       Stack:                          0       0         512    
       Linker Generated:               0       352       0      
    +--+-------------------------------+-------+---------+---------+
       Grand Total:                    41972   34502     4731   


LINKER GENERATED COPY TABLES

__TI_cinit_table @ 00012ab8 records: 3, size/record: 8, table size: 24
	.data: load addr=00012970, load size=0000012c bytes, run addr=200010a4, run size=000001dc bytes, compression=lzss
	.bss: load addr=00012aa8, load size=00000008 bytes, run addr=2000026c, run size=00000c36 bytes, compression=zero_init
	.vtable: load addr=00012ab0, load size=00000008 bytes, run addr=20000000, run size=0000026c bytes, compression=zero_init


LINKER GENERATED HANDLER TABLE

__TI_handler_table @ 00012a9c records: 3, size/record: 4, table size: 12
	index: 0, handler: __TI_zero_init
	index: 1, handler: __TI_decompress_lzss
	index: 2, handler: __TI_decompress_none


GLOBAL SYMBOLS: SORTED ALPHABETICALLY BY Name 

address   name                           
-------   ----                           
0000a631  ADCIntClear                    
0000a1e9  ADCIntStatus                   
0000a451  ADCProcessorTrigger            
00009dc9  ADCSequenceConfigure           
0000a3db  ADCSequenceDataGet             
0000a5e1  ADCSequenceEnable              
00009877  ADCSequenceStepConfigure       
0000756f  ADCSetup                       
000072d5  AcquireSetup                   
0000836b  BrdConnConfigDisplay           
00009e75  C$$EXIT                        
00007c6f  CFAL96x64x16Init               
0000959d  CmdLineProcess                 
00005ec9  Cmd_cat                        
00005d8d  Cmd_cd                         
00006045  Cmd_date                       
00005f6d  Cmd_help                       
0000620f  Cmd_log                        
00006215  Cmd_log_config                 
000062d1  Cmd_log_dir                    
00005c17  Cmd_ls                         
00005e7d  Cmd_pwd                        
00006145  Cmd_time                       
20000db4  ConfigState                    
00009411  Crc16                          
0000a63b  Crc16Array                     
0000a2cd  GPIODirModeSet                 
00008db9  GPIOPadConfigSet               
0000a001  GPIOPinConfigure               
0000a57d  GPIOPinTypeADC                 
000075eb  GetHibData                     
0000a653  GrContextFontSet               
000099dd  GrContextInit                  
000094dd  GrDefaultStringRenderer        
0000a273  GrFontBaselineGet              
0000a3f9  GrFontCodepageGet              
0000a3b9  GrFontGlyphDataGet             
00008685  GrFontGlyphRender              
0000a349  GrFontInfoGet                  
0000a643  GrMapISO8859_1_Unicode         
000096e5  GrRectFill                     
0000a4b1  GrStringDraw                   
0000a217  GrStringNextCharGet            
00009a45  GrStringWidthGet               
0000a371  HibernateDataGet               
0000a321  HibernateDataSet               
0000a4dd  HibernateEnableExpClk          
0000a4f1  HibernateIntClear              
0000a469  HibernateIntStatus             
0000a505  HibernateRTCEnable             
0000a60d  HibernateRTCGet                
0000a5a1  HibernateRTCMatchSet           
0000a5b1  HibernateRTCSSGet              
0000a2a1  HibernateRTCSet                
0000a5c1  HibernateRTCTrimSet            
0000a519  HibernateRequest               
00009be5  HibernateWakeSet               
00008305  InitConsole                    
00009aad  IntDisable                     
00009b15  IntEnable                      
0000a181  IntRegister                    
000074f1  LogDirectorySet                
00007093  RTCHandler                     
000074ff  RTCMatchGenerate               
00008359  RTCSetup                       
0000a625  ResetISR                       
UNDEFED   SHT$$INIT_ARRAY$$Base          
UNDEFED   SHT$$INIT_ARRAY$$Limit         
00006457  SerialUI                       
00007675  SetHibData                     
00007559  StartLogging                   
00005bd1  StringFromFResult              
00009015  SysCtlClockGet                 
0000931d  SysCtlClockSet                 
0000a659  SysCtlDelay                    
0000a1b5  SysCtlPeripheralEnable         
00005c0f  SysTickHandler                 
00007027  Timer0Handler                  
0000a65f  TimerClockSourceSet            
00009cad  TimerConfigure                 
0000a5ef  TimerEnable                    
0000a665  TimerIntClear                  
0000a64b  TimerIntEnable                 
0000a58f  TimerLoadSet                   
00007e29  UARTStdioConfig                
00007fa1  UARTgetc                       
00007edb  UARTgets                       
000082cf  UARTprintf                     
00007fd5  UARTvprintf                    
00007e89  UARTwrite                      
200010a4  __STACK_END                    
00000200  __STACK_SIZE                   
200010a4  __STACK_TOP                    
00012ab8  __TI_CINIT_Base                
00012ad0  __TI_CINIT_Limit               
00012a9c  __TI_Handler_Table_Base        
00012aa8  __TI_Handler_Table_Limit       
0000996d  __TI_auto_init                 
20001250  __TI_cleanup_ptr               
00009b7d  __TI_decompress_lzss           
0000a5fd  __TI_decompress_none           
20001254  __TI_dtors_ptr                 
20001258  __TI_enable_exit_profile_output
ffffffff  __TI_pprof_out_hndl            
00004651  __TI_printfi                   
ffffffff  __TI_prof_data_size            
ffffffff  __TI_prof_data_start           
00000000  __TI_static_base__             
0000a619  __TI_zero_init                 
0000976b  __aeabi_cdcmpeq                
0000976b  __aeabi_cdcmple                
000097f1  __aeabi_cdrcmple               
0000a049  __aeabi_d2iz                   
00008ad7  __aeabi_dadd                   
00008c83  __aeabi_ddiv                   
00009125  __aeabi_dmul                   
00008acd  __aeabi_dsub                   
0000a245  __aeabi_i2d                    
00003e0b  __aeabi_idiv0                  
000098f1  __aeabi_memclr                 
000098f1  __aeabi_memclr4                
000098f1  __aeabi_memclr8                
00009649  __aeabi_memcpy                 
00009649  __aeabi_memcpy4                
00009649  __aeabi_memcpy8                
000098f3  __aeabi_memset                 
000098f3  __aeabi_memset4                
000098f3  __aeabi_memset8                
0000a0d1  __aeabi_uidiv                  
0000a0d1  __aeabi_uidivmod               
000088d9  __aeabi_uldivmod               
ffffffff  __binit__                      
ffffffff  __c_args__                     
00004f4b  __mpu_init                     
20000ea4  __stack                        
0000a481  _args_main                     
00009e21  _c_int00                       
0001254a  _ctypes_                       
2000125c  _lock                          
0000a53b  _nop                           
0000a533  _register_lock                 
0000a52d  _register_unlock               
00008eeb  _system_post_cinit             
0000a669  _system_pre_init               
20001260  _unlock                        
00009e79  abort                          
00009f1d  atoi                           
ffffffff  binit                          
000007b5  clust2sect                     
00009f69  copy_in                        
0000a541  copysign                       
0000a541  copysignl                      
000069f1  disk_initialize                
00006d41  disk_ioctl                     
00006baf  disk_read                      
00006b95  disk_status                    
00006f43  disk_timerproc                 
00006c59  disk_write                     
20001270  errno                          
00009e81  exit                           
000036b9  f_chmod                        
00002d3d  f_close                        
0000315d  f_getfree                      
00003949  f_gets                         
00002d6f  f_lseek                        
000034cb  f_mkdir                        
00002489  f_mount                        
000024e1  f_open                         
00002fbd  f_opendir                      
00003a23  f_printf                       
000039b1  f_putc                         
000039e9  f_puts                         
00002749  f_read                         
00003073  f_readdir                      
000037d5  f_rename                       
00003103  f_stat                         
00002c41  f_sync                         
000032bf  f_truncate                     
000033b3  f_unlink                       
0000374d  f_utime                        
0000299d  f_write                        
00008eed  ff_convert                     
00008fbb  ff_wtoupper                    
00009c49  frexp                          
00009c49  frexpl                         
20000000  g_pfnRAMVectors                
00000000  g_pfnVectors                   
200010a4  g_psCmdTable                   
0001292c  g_psDefaultCodePointMapTable   
2000114c  g_psFResultStrings             
000128b0  g_sCFAL96x64x16                
20000df4  g_sContext                     
0001264c  g_sFontFixed6x8                
000011e9  gen_numname                    
000007e5  get_fat                        
00006f87  get_fattime                    
00006f9d  itoc                           
00009221  ldexp                          
00009221  ldexpl                         
00009ec9  ltoa                           
00008565  main                           
20001274  main_func_sp                   
0000a435  memccpy                        
00009649  memcpy                         
000098f9  memset                         
00000909  put_fat                        
00009221  scalbn                         
00009221  scalbnl                        
00009d0d  sprintf                        
0000a417  strcat                         
0000a4c7  strchr                         
0000a499  strcmp                         
0000a555  strcpy                         
0000a395  strcspn                        
0000a569  strlen                         
0000a14b  strncpy                        
0000a2f7  strspn                         
0000a091  strtok                         
00005431  ulocaltime                     
0000562f  umktime                        
00005ba9  urand                          
00005401  usnprintf                      
000053cf  usprintf                       
00005b99  usrand                         
00005b11  ustrcasecmp                    
00005b85  ustrcmp                        
00005a15  ustrlen                        
00005a6d  ustrncasecmp                   
00005b25  ustrncmp                       
00004f4d  ustrncpy                       
00005a37  ustrstr                        
000057dd  ustrtof                        
000056a5  ustrtoul                       
00004fa5  uvsnprintf                     


GLOBAL SYMBOLS: SORTED BY Symbol Address 

address   name                           
-------   ----                           
00000000  __TI_static_base__             
00000000  g_pfnVectors                   
00000200  __STACK_SIZE                   
000007b5  clust2sect                     
000007e5  get_fat                        
00000909  put_fat                        
000011e9  gen_numname                    
00002489  f_mount                        
000024e1  f_open                         
00002749  f_read                         
0000299d  f_write                        
00002c41  f_sync                         
00002d3d  f_close                        
00002d6f  f_lseek                        
00002fbd  f_opendir                      
00003073  f_readdir                      
00003103  f_stat                         
0000315d  f_getfree                      
000032bf  f_truncate                     
000033b3  f_unlink                       
000034cb  f_mkdir                        
000036b9  f_chmod                        
0000374d  f_utime                        
000037d5  f_rename                       
00003949  f_gets                         
000039b1  f_putc                         
000039e9  f_puts                         
00003a23  f_printf                       
00003e0b  __aeabi_idiv0                  
00004651  __TI_printfi                   
00004f4b  __mpu_init                     
00004f4d  ustrncpy                       
00004fa5  uvsnprintf                     
000053cf  usprintf                       
00005401  usnprintf                      
00005431  ulocaltime                     
0000562f  umktime                        
000056a5  ustrtoul                       
000057dd  ustrtof                        
00005a15  ustrlen                        
00005a37  ustrstr                        
00005a6d  ustrncasecmp                   
00005b11  ustrcasecmp                    
00005b25  ustrncmp                       
00005b85  ustrcmp                        
00005b99  usrand                         
00005ba9  urand                          
00005bd1  StringFromFResult              
00005c0f  SysTickHandler                 
00005c17  Cmd_ls                         
00005d8d  Cmd_cd                         
00005e7d  Cmd_pwd                        
00005ec9  Cmd_cat                        
00005f6d  Cmd_help                       
00006045  Cmd_date                       
00006145  Cmd_time                       
0000620f  Cmd_log                        
00006215  Cmd_log_config                 
000062d1  Cmd_log_dir                    
00006457  SerialUI                       
000069f1  disk_initialize                
00006b95  disk_status                    
00006baf  disk_read                      
00006c59  disk_write                     
00006d41  disk_ioctl                     
00006f43  disk_timerproc                 
00006f87  get_fattime                    
00006f9d  itoc                           
00007027  Timer0Handler                  
00007093  RTCHandler                     
000072d5  AcquireSetup                   
000074f1  LogDirectorySet                
000074ff  RTCMatchGenerate               
00007559  StartLogging                   
0000756f  ADCSetup                       
000075eb  GetHibData                     
00007675  SetHibData                     
00007c6f  CFAL96x64x16Init               
00007e29  UARTStdioConfig                
00007e89  UARTwrite                      
00007edb  UARTgets                       
00007fa1  UARTgetc                       
00007fd5  UARTvprintf                    
000082cf  UARTprintf                     
00008305  InitConsole                    
00008359  RTCSetup                       
0000836b  BrdConnConfigDisplay           
00008565  main                           
00008685  GrFontGlyphRender              
000088d9  __aeabi_uldivmod               
00008acd  __aeabi_dsub                   
00008ad7  __aeabi_dadd                   
00008c83  __aeabi_ddiv                   
00008db9  GPIOPadConfigSet               
00008eeb  _system_post_cinit             
00008eed  ff_convert                     
00008fbb  ff_wtoupper                    
00009015  SysCtlClockGet                 
00009125  __aeabi_dmul                   
00009221  ldexp                          
00009221  ldexpl                         
00009221  scalbn                         
00009221  scalbnl                        
0000931d  SysCtlClockSet                 
00009411  Crc16                          
000094dd  GrDefaultStringRenderer        
0000959d  CmdLineProcess                 
00009649  __aeabi_memcpy                 
00009649  __aeabi_memcpy4                
00009649  __aeabi_memcpy8                
00009649  memcpy                         
000096e5  GrRectFill                     
0000976b  __aeabi_cdcmpeq                
0000976b  __aeabi_cdcmple                
000097f1  __aeabi_cdrcmple               
00009877  ADCSequenceStepConfigure       
000098f1  __aeabi_memclr                 
000098f1  __aeabi_memclr4                
000098f1  __aeabi_memclr8                
000098f3  __aeabi_memset                 
000098f3  __aeabi_memset4                
000098f3  __aeabi_memset8                
000098f9  memset                         
0000996d  __TI_auto_init                 
000099dd  GrContextInit                  
00009a45  GrStringWidthGet               
00009aad  IntDisable                     
00009b15  IntEnable                      
00009b7d  __TI_decompress_lzss           
00009be5  HibernateWakeSet               
00009c49  frexp                          
00009c49  frexpl                         
00009cad  TimerConfigure                 
00009d0d  sprintf                        
00009dc9  ADCSequenceConfigure           
00009e21  _c_int00                       
00009e75  C$$EXIT                        
00009e79  abort                          
00009e81  exit                           
00009ec9  ltoa                           
00009f1d  atoi                           
00009f69  copy_in                        
0000a001  GPIOPinConfigure               
0000a049  __aeabi_d2iz                   
0000a091  strtok                         
0000a0d1  __aeabi_uidiv                  
0000a0d1  __aeabi_uidivmod               
0000a14b  strncpy                        
0000a181  IntRegister                    
0000a1b5  SysCtlPeripheralEnable         
0000a1e9  ADCIntStatus                   
0000a217  GrStringNextCharGet            
0000a245  __aeabi_i2d                    
0000a273  GrFontBaselineGet              
0000a2a1  HibernateRTCSet                
0000a2cd  GPIODirModeSet                 
0000a2f7  strspn                         
0000a321  HibernateDataSet               
0000a349  GrFontInfoGet                  
0000a371  HibernateDataGet               
0000a395  strcspn                        
0000a3b9  GrFontGlyphDataGet             
0000a3db  ADCSequenceDataGet             
0000a3f9  GrFontCodepageGet              
0000a417  strcat                         
0000a435  memccpy                        
0000a451  ADCProcessorTrigger            
0000a469  HibernateIntStatus             
0000a481  _args_main                     
0000a499  strcmp                         
0000a4b1  GrStringDraw                   
0000a4c7  strchr                         
0000a4dd  HibernateEnableExpClk          
0000a4f1  HibernateIntClear              
0000a505  HibernateRTCEnable             
0000a519  HibernateRequest               
0000a52d  _register_unlock               
0000a533  _register_lock                 
0000a53b  _nop                           
0000a541  copysign                       
0000a541  copysignl                      
0000a555  strcpy                         
0000a569  strlen                         
0000a57d  GPIOPinTypeADC                 
0000a58f  TimerLoadSet                   
0000a5a1  HibernateRTCMatchSet           
0000a5b1  HibernateRTCSSGet              
0000a5c1  HibernateRTCTrimSet            
0000a5e1  ADCSequenceEnable              
0000a5ef  TimerEnable                    
0000a5fd  __TI_decompress_none           
0000a60d  HibernateRTCGet                
0000a619  __TI_zero_init                 
0000a625  ResetISR                       
0000a631  ADCIntClear                    
0000a63b  Crc16Array                     
0000a643  GrMapISO8859_1_Unicode         
0000a64b  TimerIntEnable                 
0000a653  GrContextFontSet               
0000a659  SysCtlDelay                    
0000a65f  TimerClockSourceSet            
0000a665  TimerIntClear                  
0000a669  _system_pre_init               
0001254a  _ctypes_                       
0001264c  g_sFontFixed6x8                
000128b0  g_sCFAL96x64x16                
0001292c  g_psDefaultCodePointMapTable   
00012a9c  __TI_Handler_Table_Base        
00012aa8  __TI_Handler_Table_Limit       
00012ab8  __TI_CINIT_Base                
00012ad0  __TI_CINIT_Limit               
20000000  g_pfnRAMVectors                
20000db4  ConfigState                    
20000df4  g_sContext                     
20000ea4  __stack                        
200010a4  __STACK_END                    
200010a4  __STACK_TOP                    
200010a4  g_psCmdTable                   
2000114c  g_psFResultStrings             
20001250  __TI_cleanup_ptr               
20001254  __TI_dtors_ptr                 
20001258  __TI_enable_exit_profile_output
2000125c  _lock                          
20001260  _unlock                        
20001270  errno                          
20001274  main_func_sp                   
ffffffff  __TI_pprof_out_hndl            
ffffffff  __TI_prof_data_size            
ffffffff  __TI_prof_data_start           
ffffffff  __binit__                      
ffffffff  __c_args__                     
ffffffff  binit                          
UNDEFED   SHT$$INIT_ARRAY$$Base          
UNDEFED   SHT$$INIT_ARRAY$$Limit         

[234 symbols]
