******************************************************************************
                  TI ARM Linker PC v16.9.4                     
******************************************************************************
>> Linked Mon Nov 27 17:52:23 2017

OUTPUT FILE NAME:   <Frost_Probe.out>
ENTRY POINT SYMBOL: "_c_int00"  address: 0000271d


MEMORY CONFIGURATION

         name            origin    length      used     unused   attr    fill
----------------------  --------  ---------  --------  --------  ----  --------
  FLASH                 00000000   00040000  00003052  0003cfae  R  X
  SRAM                  20000000   00008000  000004ec  00007b14  RW X


SEGMENT ALLOCATION MAP

run origin  load origin   length   init length attrs members
----------  ----------- ---------- ----------- ----- -------
00000000    00000000    00003058   00003058    r-x
  00000000    00000000    0000026c   0000026c    r-- .intvecs
  0000026c    0000026c    000029a2   000029a2    r-x .text
  00002c10    00002c10    000003fc   000003fc    r-- .const
  00003010    00003010    00000048   00000048    r-- .cinit
20000000    20000000    000004ec   00000000    rw-
  20000000    20000000    0000026c   00000000    rw- .vtable
  2000026c    2000026c    00000200   00000000    rw- .stack
  2000046c    2000046c    00000054   00000000    rw- .bss
  200004c0    200004c0    0000002c   00000000    rw- .data


SECTION ALLOCATION MAP

 output                                  attributes/
section   page    origin      length       input sections
--------  ----  ----------  ----------   ----------------
.intvecs   0    00000000    0000026c     
                  00000000    0000026c     tm4c123gh6pge_startup_ccs.obj (.intvecs)

.text      0    0000026c    000029a2     
                  0000026c    00000c84     ustdlib.obj (.text)
                  00000ef0    000006b4     FP_acquire.obj (.text)
                  000015a4    000004dc     uartstdio.obj (.text)
                  00001a80    00000268     datetimeset.obj (.text)
                  00001ce8    000001dc     Main.obj (.text)
                  00001ec4    00000132     driverlib.lib : gpio.obj (.text:GPIOPadConfigSet)
                  00001ff6    00000002     rtsv7M4_T_le_v4SPD16_eabi.lib : i_div0.obj (.text)
                  00001ff8    00000110     driverlib.lib : sysctl.obj (.text:SysCtlClockGet)
                  00002108    000000f4                   : sysctl.obj (.text:SysCtlClockSet)
                  000021fc    000000cc                   : sw_crc.obj (.text:Crc16)
                  000022c8    0000009c     rtsv7M4_T_le_v4SPD16_eabi.lib : memcpy_t2.obj (.text)
                  00002364    0000007a     driverlib.lib : adc.obj (.text:ADCSequenceStepConfigure)
                  000023de    0000007a     rtsv7M4_T_le_v4SPD16_eabi.lib : memset_t2.obj (.text)
                  00002458    00000070                                   : autoinit.obj (.text)
                  000024c8    00000068     driverlib.lib : interrupt.obj (.text:IntDisable)
                  00002530    00000068                   : interrupt.obj (.text:IntEnable)
                  00002598    00000068     rtsv7M4_T_le_v4SPD16_eabi.lib : copy_decompress_lzss.obj (.text:decompress:lzss)
                  00002600    00000064     driverlib.lib : hibernate.obj (.text:HibernateWakeSet)
                  00002664    00000060                   : timer.obj (.text:TimerConfigure)
                  000026c4    00000058                   : adc.obj (.text:ADCSequenceConfigure)
                  0000271c    00000054     rtsv7M4_T_le_v4SPD16_eabi.lib : boot.obj (.text)
                  00002770    00000054                                   : exit.obj (.text)
                  000027c4    0000004c                                   : cpy_tbl.obj (.text)
                  00002810    00000048     driverlib.lib : gpio.obj (.text:GPIOPinConfigure)
                  00002858    00000040     rtsv7M4_T_le_v4SPD16_eabi.lib : strtok.obj (.text)
                  00002898    00000040                                   : u_divt2.obj (.text)
                  000028d8    00000034     driverlib.lib : interrupt.obj (.text:IntRegister)
                  0000290c    00000034                   : sysctl.obj (.text:SysCtlPeripheralEnable)
                  00002940    0000002e                   : adc.obj (.text:ADCIntStatus)
                  0000296e    00000002     rtsv7M4_T_le_v4SPD16_eabi.lib : mpu_init.obj (.text)
                  00002970    0000002c     driverlib.lib : hibernate.obj (.text:HibernateRTCSet)
                  0000299c    0000002a                   : gpio.obj (.text:GPIODirModeSet)
                  000029c6    0000002a     rtsv7M4_T_le_v4SPD16_eabi.lib : strspn.obj (.text)
                  000029f0    00000028     driverlib.lib : hibernate.obj (.text:HibernateDataSet)
                  00002a18    00000024                   : hibernate.obj (.text:HibernateDataGet)
                  00002a3c    00000024     rtsv7M4_T_le_v4SPD16_eabi.lib : strcspn.obj (.text)
                  00002a60    0000001e     driverlib.lib : adc.obj (.text:ADCSequenceDataGet)
                  00002a7e    00000018                   : adc.obj (.text:ADCProcessorTrigger)
                  00002a96    00000002     rtsv7M4_T_le_v4SPD16_eabi.lib : startup.obj (.text)
                  00002a98    00000018     driverlib.lib : hibernate.obj (.text:HibernateIntStatus)
                  00002ab0    00000018     rtsv7M4_T_le_v4SPD16_eabi.lib : args_main.obj (.text)
                  00002ac8    00000014     driverlib.lib : hibernate.obj (.text:HibernateEnableExpClk)
                  00002adc    00000014                   : hibernate.obj (.text:HibernateIntClear)
                  00002af0    00000014                   : hibernate.obj (.text:HibernateRTCEnable)
                  00002b04    00000014                   : hibernate.obj (.text:HibernateRequest)
                  00002b18    00000014     rtsv7M4_T_le_v4SPD16_eabi.lib : _lock.obj (.text)
                  00002b2c    00000012     driverlib.lib : gpio.obj (.text:GPIOPinTypeADC)
                  00002b3e    00000012                   : timer.obj (.text:TimerLoadSet)
                  00002b50    00000010                   : hibernate.obj (.text:HibernateRTCMatchSet)
                  00002b60    00000010                   : hibernate.obj (.text:HibernateRTCSSGet)
                  00002b70    00000010                   : hibernate.obj (.text:HibernateRTCTrimSet)
                  00002b80    00000010                   : hibernate.obj (.text:_HibernateWriteComplete)
                  00002b90    0000000e                   : adc.obj (.text:ADCSequenceEnable)
                  00002b9e    0000000e                   : timer.obj (.text:TimerEnable)
                  00002bac    0000000e     rtsv7M4_T_le_v4SPD16_eabi.lib : copy_decompress_none.obj (.text:decompress:none)
                  00002bba    00000002     --HOLE-- [fill = 0]
                  00002bbc    0000000c     driverlib.lib : hibernate.obj (.text:HibernateRTCGet)
                  00002bc8    0000000c     rtsv7M4_T_le_v4SPD16_eabi.lib : copy_zero_init.obj (.text:decompress:ZI)
                  00002bd4    0000000c     tm4c123gh6pge_startup_ccs.obj (.text)
                  00002be0    0000000a     driverlib.lib : adc.obj (.text:ADCIntClear)
                  00002bea    00000008                   : sw_crc.obj (.text:Crc16Array)
                  00002bf2    00000008                   : timer.obj (.text:TimerIntEnable)
                  00002bfa    00000006                   : sysctl.obj (.text:SysCtlDelay)
                  00002c00    00000006                   : timer.obj (.text:TimerClockSourceSet)
                  00002c06    00000004                   : timer.obj (.text:TimerIntClear)
                  00002c0a    00000004     rtsv7M4_T_le_v4SPD16_eabi.lib : pre_init.obj (.text)

.const     0    00002c10    000003fc     
                  00002c10    00000200     driverlib.lib : sw_crc.obj (.const:g_pui16Crc16)
                  00002e10    00000090                   : gpio.obj (.const:g_pui32GPIOBaseAddrs)
                  00002ea0    00000070                   : interrupt.obj (.const)
                  00002f10    0000006c                   : sysctl.obj (.const:g_pui32Xtals)
                  00002f7c    00000030     ustdlib.obj (.const:g_psDaysToMonth)
                  00002fac    00000018     ustdlib.obj (.const:g_pfExponents)
                  00002fc4    00000012     uartstdio.obj (.const:.string)
                  00002fd6    00000002     --HOLE-- [fill = 0]
                  00002fd8    00000012     ustdlib.obj (.const:.string)
                  00002fea    00000002     --HOLE-- [fill = 0]
                  00002fec    0000000c     uartstdio.obj (.const:g_ui32UARTBase)
                  00002ff8    0000000c     uartstdio.obj (.const:g_ui32UARTPeriph)
                  00003004    00000004     uartstdio.obj (.const)
                  00003008    00000004     ustdlib.obj (.const)

.cinit     0    00003010    00000048     
                  00003010    00000014     (.cinit..data.load) [load image, compression = lzss]
                  00003024    0000000c     (__TI_handler_table)
                  00003030    00000008     (.cinit..bss.load) [load image, compression = zero_init]
                  00003038    00000008     (.cinit..vtable.load) [load image, compression = zero_init]
                  00003040    00000018     (__TI_cinit_table)

.init_array 
*          0    00000000    00000000     UNINITIALIZED

.vtable    0    20000000    0000026c     UNINITIALIZED
                  20000000    0000026c     driverlib.lib : interrupt.obj (.vtable)

.stack     0    2000026c    00000200     UNINITIALIZED
                  2000026c    00000200     --HOLE--

.bss       0    2000046c    00000054     UNINITIALIZED
                  2000046c    00000030     (.common:ConfigState)
                  2000049c    00000024     (.common:RealTime)

.data      0    200004c0    0000002c     UNINITIALIZED
                  200004c0    0000000c     rtsv7M4_T_le_v4SPD16_eabi.lib : exit.obj (.data:$O1$$)
                  200004cc    00000008                                   : _lock.obj (.data:$O1$$)
                  200004d4    00000005     uartstdio.obj (.data)
                  200004d9    00000003     --HOLE--
                  200004dc    00000004     FP_acquire.obj (.data)
                  200004e0    00000004     rtsv7M4_T_le_v4SPD16_eabi.lib : stkdepth_vars.obj (.data)
                  200004e4    00000004                                   : strtok.obj (.data)
                  200004e8    00000004     ustdlib.obj (.data)

MODULE SUMMARY

       Module                          code    ro data   rw data
       ------                          ----    -------   -------
    .\
       ustdlib.obj                     3204    94        4      
       FP_acquire.obj                  1716    0         52     
       uartstdio.obj                   1244    46        5      
       tm4c123gh6pge_startup_ccs.obj   12      620       0      
       datetimeset.obj                 616     0         0      
       Main.obj                        476     0         36     
    +--+-------------------------------+-------+---------+---------+
       Total:                          7268    760       97     
                                                                
    C:/ti/TivaWare_C_Series-2.1.3.156/driverlib/ccs/Debug/driverlib.lib
       interrupt.obj                   260     112       620    
       sw_crc.obj                      212     512       0      
       sysctl.obj                      574     108       0      
       gpio.obj                        438     144       0      
       hibernate.obj                   400     0         0      
       adc.obj                         334     0         0      
       timer.obj                       146     0         0      
    +--+-------------------------------+-------+---------+---------+
       Total:                          2364    876       620    
                                                                
    C:\ti\ccsv7\tools\compiler\ti-cgt-arm_16.9.4.LTS\lib\rtsv7M4_T_le_v4SPD16_eabi.lib
       memcpy_t2.obj                   156     0         0      
       memset_t2.obj                   122     0         0      
       autoinit.obj                    112     0         0      
       copy_decompress_lzss.obj        104     0         0      
       exit.obj                        84      0         12     
       boot.obj                        84      0         0      
       cpy_tbl.obj                     76      0         0      
       strtok.obj                      64      0         4      
       u_divt2.obj                     64      0         0      
       strspn.obj                      42      0         0      
       strcspn.obj                     36      0         0      
       _lock.obj                       20      0         8      
       args_main.obj                   24      0         0      
       copy_decompress_none.obj        14      0         0      
       copy_zero_init.obj              12      0         0      
       pre_init.obj                    4       0         0      
       stkdepth_vars.obj               0       0         4      
       i_div0.obj                      2       0         0      
       mpu_init.obj                    2       0         0      
       startup.obj                     2       0         0      
    +--+-------------------------------+-------+---------+---------+
       Total:                          1024    0         28     
                                                                
       Stack:                          0       0         512    
       Linker Generated:               0       72        0      
    +--+-------------------------------+-------+---------+---------+
       Grand Total:                    10656   1708      1257   


LINKER GENERATED COPY TABLES

__TI_cinit_table @ 00003040 records: 3, size/record: 8, table size: 24
	.data: load addr=00003010, load size=00000014 bytes, run addr=200004c0, run size=0000002c bytes, compression=lzss
	.bss: load addr=00003030, load size=00000008 bytes, run addr=2000046c, run size=00000054 bytes, compression=zero_init
	.vtable: load addr=00003038, load size=00000008 bytes, run addr=20000000, run size=0000026c bytes, compression=zero_init


LINKER GENERATED HANDLER TABLE

__TI_handler_table @ 00003024 records: 3, size/record: 4, table size: 12
	index: 0, handler: __TI_zero_init
	index: 1, handler: __TI_decompress_lzss
	index: 2, handler: __TI_decompress_none


GLOBAL SYMBOLS: SORTED ALPHABETICALLY BY Name 

address   name                           
-------   ----                           
00002be1  ADCIntClear                    
00002941  ADCIntStatus                   
00002a7f  ADCProcessorTrigger            
000026c5  ADCSequenceConfigure           
00002a61  ADCSequenceDataGet             
00002b91  ADCSequenceEnable              
00002365  ADCSequenceStepConfigure       
0000136f  ADCSetup                       
000010b9  AcquireSetup                   
00002771  C$$EXIT                        
2000046c  ConfigState                    
000021fd  Crc16                          
00002beb  Crc16Array                     
00001a81  DateSet                        
0000299d  GPIODirModeSet                 
00001ec5  GPIOPadConfigSet               
00002811  GPIOPinConfigure               
00002b2d  GPIOPinTypeADC                 
00001417  GetHibData                     
00002a19  HibernateDataGet               
000029f1  HibernateDataSet               
00002ac9  HibernateEnableExpClk          
00002add  HibernateIntClear              
00002a99  HibernateIntStatus             
00002af1  HibernateRTCEnable             
00002bbd  HibernateRTCGet                
00002b51  HibernateRTCMatchSet           
00002b61  HibernateRTCSSGet              
00002971  HibernateRTCSet                
00002b71  HibernateRTCTrimSet            
00002b05  HibernateRequest               
00002601  HibernateWakeSet               
00001ce9  InitConsole                    
000024c9  IntDisable                     
00002531  IntEnable                      
000028d9  IntRegister                    
00000f55  RTCHandler                     
00001301  RTCMatchGenerate               
00001dd5  RTCSetup                       
2000049c  RealTime                       
00002bd5  ResetISR                       
UNDEFED   SHT$$INIT_ARRAY$$Base          
UNDEFED   SHT$$INIT_ARRAY$$Limit         
00001475  SetHibData                     
00001359  StartLogging                   
00001ff9  SysCtlClockGet                 
00002109  SysCtlClockSet                 
00002bfb  SysCtlDelay                    
0000290d  SysCtlPeripheralEnable         
00001d3d  SysTimeSet                     
00001b4b  TimeSet                        
00000ef1  Timer0Handler                  
00002c01  TimerClockSourceSet            
00002665  TimerConfigure                 
00002b9f  TimerEnable                    
00002c07  TimerIntClear                  
00002bf3  TimerIntEnable                 
00002b3f  TimerLoadSet                   
000015a5  UARTStdioConfig                
0000171d  UARTgetc                       
00001657  UARTgets                       
00001a4b  UARTprintf                     
00001751  UARTvprintf                    
00001605  UARTwrite                      
2000046c  __STACK_END                    
00000200  __STACK_SIZE                   
2000046c  __STACK_TOP                    
00003040  __TI_CINIT_Base                
00003058  __TI_CINIT_Limit               
00003024  __TI_Handler_Table_Base        
00003030  __TI_Handler_Table_Limit       
00002459  __TI_auto_init                 
200004c0  __TI_cleanup_ptr               
00002599  __TI_decompress_lzss           
00002bad  __TI_decompress_none           
200004c4  __TI_dtors_ptr                 
200004c8  __TI_enable_exit_profile_output
ffffffff  __TI_pprof_out_hndl            
ffffffff  __TI_prof_data_size            
ffffffff  __TI_prof_data_start           
00000000  __TI_static_base__             
00002bc9  __TI_zero_init                 
00001ff7  __aeabi_idiv0                  
000023df  __aeabi_memclr                 
000023df  __aeabi_memclr4                
000023df  __aeabi_memclr8                
000022c9  __aeabi_memcpy                 
000022c9  __aeabi_memcpy4                
000022c9  __aeabi_memcpy8                
000023e1  __aeabi_memset                 
000023e1  __aeabi_memset4                
000023e1  __aeabi_memset8                
00002899  __aeabi_uidiv                  
00002899  __aeabi_uidivmod               
ffffffff  __binit__                      
ffffffff  __c_args__                     
0000296f  __mpu_init                     
2000026c  __stack                        
00002ab1  _args_main                     
0000271d  _c_int00                       
200004cc  _lock                          
00002b27  _nop                           
00002b1f  _register_lock                 
00002b19  _register_unlock               
00002a97  _system_post_cinit             
00002c0b  _system_pre_init               
200004d0  _unlock                        
00002775  abort                          
ffffffff  binit                          
000027c5  copy_in                        
0000277d  exit                           
20000000  g_pfnRAMVectors                
00000000  g_pfnVectors                   
00001de7  main                           
200004e0  main_func_sp                   
000022c9  memcpy                         
000023e7  memset                         
00002a3d  strcspn                        
000029c7  strspn                         
00002859  strtok                         
00000751  ulocaltime                     
0000094f  umktime                        
00000ec9  urand                          
00000721  usnprintf                      
000006ef  usprintf                       
00000eb9  usrand                         
00000e31  ustrcasecmp                    
00000ea5  ustrcmp                        
00000d35  ustrlen                        
00000d8d  ustrncasecmp                   
00000e45  ustrncmp                       
0000026d  ustrncpy                       
00000d57  ustrstr                        
00000afd  ustrtof                        
000009c5  ustrtoul                       
000002c5  uvsnprintf                     


GLOBAL SYMBOLS: SORTED BY Symbol Address 

address   name                           
-------   ----                           
00000000  __TI_static_base__             
00000000  g_pfnVectors                   
00000200  __STACK_SIZE                   
0000026d  ustrncpy                       
000002c5  uvsnprintf                     
000006ef  usprintf                       
00000721  usnprintf                      
00000751  ulocaltime                     
0000094f  umktime                        
000009c5  ustrtoul                       
00000afd  ustrtof                        
00000d35  ustrlen                        
00000d57  ustrstr                        
00000d8d  ustrncasecmp                   
00000e31  ustrcasecmp                    
00000e45  ustrncmp                       
00000ea5  ustrcmp                        
00000eb9  usrand                         
00000ec9  urand                          
00000ef1  Timer0Handler                  
00000f55  RTCHandler                     
000010b9  AcquireSetup                   
00001301  RTCMatchGenerate               
00001359  StartLogging                   
0000136f  ADCSetup                       
00001417  GetHibData                     
00001475  SetHibData                     
000015a5  UARTStdioConfig                
00001605  UARTwrite                      
00001657  UARTgets                       
0000171d  UARTgetc                       
00001751  UARTvprintf                    
00001a4b  UARTprintf                     
00001a81  DateSet                        
00001b4b  TimeSet                        
00001ce9  InitConsole                    
00001d3d  SysTimeSet                     
00001dd5  RTCSetup                       
00001de7  main                           
00001ec5  GPIOPadConfigSet               
00001ff7  __aeabi_idiv0                  
00001ff9  SysCtlClockGet                 
00002109  SysCtlClockSet                 
000021fd  Crc16                          
000022c9  __aeabi_memcpy                 
000022c9  __aeabi_memcpy4                
000022c9  __aeabi_memcpy8                
000022c9  memcpy                         
00002365  ADCSequenceStepConfigure       
000023df  __aeabi_memclr                 
000023df  __aeabi_memclr4                
000023df  __aeabi_memclr8                
000023e1  __aeabi_memset                 
000023e1  __aeabi_memset4                
000023e1  __aeabi_memset8                
000023e7  memset                         
00002459  __TI_auto_init                 
000024c9  IntDisable                     
00002531  IntEnable                      
00002599  __TI_decompress_lzss           
00002601  HibernateWakeSet               
00002665  TimerConfigure                 
000026c5  ADCSequenceConfigure           
0000271d  _c_int00                       
00002771  C$$EXIT                        
00002775  abort                          
0000277d  exit                           
000027c5  copy_in                        
00002811  GPIOPinConfigure               
00002859  strtok                         
00002899  __aeabi_uidiv                  
00002899  __aeabi_uidivmod               
000028d9  IntRegister                    
0000290d  SysCtlPeripheralEnable         
00002941  ADCIntStatus                   
0000296f  __mpu_init                     
00002971  HibernateRTCSet                
0000299d  GPIODirModeSet                 
000029c7  strspn                         
000029f1  HibernateDataSet               
00002a19  HibernateDataGet               
00002a3d  strcspn                        
00002a61  ADCSequenceDataGet             
00002a7f  ADCProcessorTrigger            
00002a97  _system_post_cinit             
00002a99  HibernateIntStatus             
00002ab1  _args_main                     
00002ac9  HibernateEnableExpClk          
00002add  HibernateIntClear              
00002af1  HibernateRTCEnable             
00002b05  HibernateRequest               
00002b19  _register_unlock               
00002b1f  _register_lock                 
00002b27  _nop                           
00002b2d  GPIOPinTypeADC                 
00002b3f  TimerLoadSet                   
00002b51  HibernateRTCMatchSet           
00002b61  HibernateRTCSSGet              
00002b71  HibernateRTCTrimSet            
00002b91  ADCSequenceEnable              
00002b9f  TimerEnable                    
00002bad  __TI_decompress_none           
00002bbd  HibernateRTCGet                
00002bc9  __TI_zero_init                 
00002bd5  ResetISR                       
00002be1  ADCIntClear                    
00002beb  Crc16Array                     
00002bf3  TimerIntEnable                 
00002bfb  SysCtlDelay                    
00002c01  TimerClockSourceSet            
00002c07  TimerIntClear                  
00002c0b  _system_pre_init               
00003024  __TI_Handler_Table_Base        
00003030  __TI_Handler_Table_Limit       
00003040  __TI_CINIT_Base                
00003058  __TI_CINIT_Limit               
20000000  g_pfnRAMVectors                
2000026c  __stack                        
2000046c  ConfigState                    
2000046c  __STACK_END                    
2000046c  __STACK_TOP                    
2000049c  RealTime                       
200004c0  __TI_cleanup_ptr               
200004c4  __TI_dtors_ptr                 
200004c8  __TI_enable_exit_profile_output
200004cc  _lock                          
200004d0  _unlock                        
200004e0  main_func_sp                   
ffffffff  __TI_pprof_out_hndl            
ffffffff  __TI_prof_data_size            
ffffffff  __TI_prof_data_start           
ffffffff  __binit__                      
ffffffff  __c_args__                     
ffffffff  binit                          
UNDEFED   SHT$$INIT_ARRAY$$Base          
UNDEFED   SHT$$INIT_ARRAY$$Limit         

[136 symbols]
