******************************************************************************
                  TI ARM Linker PC v16.9.4                     
******************************************************************************
>> Linked Fri Nov 24 11:54:36 2017

OUTPUT FILE NAME:   <Frost_Probe.out>
ENTRY POINT SYMBOL: "_c_int00"  address: 00002551


MEMORY CONFIGURATION

         name            origin    length      used     unused   attr    fill
----------------------  --------  ---------  --------  --------  ----  --------
  FLASH                 00000000   00040000  00002e3c  0003d1c4  R  X
  SRAM                  20000000   00008000  00000284  00007d7c  RW X


SEGMENT ALLOCATION MAP

run origin  load origin   length   init length attrs members
----------  ----------- ---------- ----------- ----- -------
00000000    00000000    00002e40   00002e40    r-x
  00000000    00000000    0000026c   0000026c    r-- .intvecs
  0000026c    0000026c    0000279c   0000279c    r-x .text
  00002a08    00002a08    000003fc   000003fc    r-- .const
  00002e08    00002e08    00000038   00000038    r-- .cinit
20000000    20000000    00000284   00000000    rw-
  20000000    20000000    00000200   00000000    rw- .stack
  20000200    20000200    00000054   00000000    rw- .bss
  20000254    20000254    00000030   00000000    rw- .data


SECTION ALLOCATION MAP

 output                                  attributes/
section   page    origin      length       input sections
--------  ----  ----------  ----------   ----------------
.intvecs   0    00000000    0000026c     
                  00000000    0000026c     tm4c123gh6pge_startup_ccs.obj (.intvecs)

.text      0    0000026c    0000279c     
                  0000026c    00000c84     ustdlib.obj (.text)
                  00000ef0    000005d8     FP_acquire.obj (.text)
                  000014c8    000004dc     uartstdio.obj (.text)
                  000019a4    00000268     datetimeset.obj (.text)
                  00001c0c    000001e0     Main.obj (.text)
                  00001dec    00000132     driverlib.lib : gpio.obj (.text:GPIOPadConfigSet)
                  00001f1e    00000002     rtsv7M4_T_le_v4SPD16_eabi.lib : i_div0.obj (.text)
                  00001f20    00000110     driverlib.lib : sysctl.obj (.text:SysCtlClockGet)
                  00002030    000000cc                   : sw_crc.obj (.text:Crc16)
                  000020fc    0000009c     rtsv7M4_T_le_v4SPD16_eabi.lib : memcpy_t2.obj (.text)
                  00002198    0000007a     driverlib.lib : adc.obj (.text:ADCSequenceStepConfigure)
                  00002212    0000007a     rtsv7M4_T_le_v4SPD16_eabi.lib : memset_t2.obj (.text)
                  0000228c    00000070                                   : autoinit.obj (.text)
                  000022fc    00000068     driverlib.lib : interrupt.obj (.text:IntDisable)
                  00002364    00000068                   : interrupt.obj (.text:IntEnable)
                  000023cc    00000068     rtsv7M4_T_le_v4SPD16_eabi.lib : copy_decompress_lzss.obj (.text:decompress:lzss)
                  00002434    00000064     driverlib.lib : hibernate.obj (.text:HibernateWakeSet)
                  00002498    00000060                   : timer.obj (.text:TimerConfigure)
                  000024f8    00000058                   : adc.obj (.text:ADCSequenceConfigure)
                  00002550    00000054     rtsv7M4_T_le_v4SPD16_eabi.lib : boot.obj (.text)
                  000025a4    00000054                                   : exit.obj (.text)
                  000025f8    0000004c                                   : cpy_tbl.obj (.text)
                  00002644    00000048     driverlib.lib : gpio.obj (.text:GPIOPinConfigure)
                  0000268c    00000040     rtsv7M4_T_le_v4SPD16_eabi.lib : strtok.obj (.text)
                  000026cc    00000040                                   : u_divt2.obj (.text)
                  0000270c    00000034     driverlib.lib : sysctl.obj (.text:SysCtlPeripheralEnable)
                  00002740    0000002e                   : adc.obj (.text:ADCIntStatus)
                  0000276e    00000002     rtsv7M4_T_le_v4SPD16_eabi.lib : mpu_init.obj (.text)
                  00002770    0000002c     driverlib.lib : hibernate.obj (.text:HibernateRTCSet)
                  0000279c    0000002a                   : gpio.obj (.text:GPIODirModeSet)
                  000027c6    0000002a     rtsv7M4_T_le_v4SPD16_eabi.lib : strspn.obj (.text)
                  000027f0    00000028     driverlib.lib : hibernate.obj (.text:HibernateDataSet)
                  00002818    00000024                   : hibernate.obj (.text:HibernateDataGet)
                  0000283c    00000024     rtsv7M4_T_le_v4SPD16_eabi.lib : strcspn.obj (.text)
                  00002860    0000001e     driverlib.lib : adc.obj (.text:ADCSequenceDataGet)
                  0000287e    00000018                   : adc.obj (.text:ADCProcessorTrigger)
                  00002896    00000002     rtsv7M4_T_le_v4SPD16_eabi.lib : startup.obj (.text)
                  00002898    00000018     driverlib.lib : hibernate.obj (.text:HibernateIntStatus)
                  000028b0    00000018     rtsv7M4_T_le_v4SPD16_eabi.lib : args_main.obj (.text)
                  000028c8    00000014     driverlib.lib : hibernate.obj (.text:HibernateEnableExpClk)
                  000028dc    00000014                   : hibernate.obj (.text:HibernateIntClear)
                  000028f0    00000014                   : hibernate.obj (.text:HibernateRTCEnable)
                  00002904    00000014                   : hibernate.obj (.text:HibernateRequest)
                  00002918    00000014     rtsv7M4_T_le_v4SPD16_eabi.lib : _lock.obj (.text)
                  0000292c    00000012     driverlib.lib : gpio.obj (.text:GPIOPinTypeADC)
                  0000293e    00000012                   : timer.obj (.text:TimerLoadSet)
                  00002950    00000010                   : hibernate.obj (.text:HibernateRTCMatchSet)
                  00002960    00000010                   : hibernate.obj (.text:HibernateRTCSSGet)
                  00002970    00000010                   : hibernate.obj (.text:HibernateRTCTrimSet)
                  00002980    00000010                   : hibernate.obj (.text:_HibernateWriteComplete)
                  00002990    0000000e                   : adc.obj (.text:ADCSequenceEnable)
                  0000299e    0000000e                   : timer.obj (.text:TimerEnable)
                  000029ac    0000000e     rtsv7M4_T_le_v4SPD16_eabi.lib : copy_decompress_none.obj (.text:decompress:none)
                  000029ba    00000002     --HOLE-- [fill = 0]
                  000029bc    0000000c     driverlib.lib : hibernate.obj (.text:HibernateRTCGet)
                  000029c8    0000000c     rtsv7M4_T_le_v4SPD16_eabi.lib : copy_zero_init.obj (.text:decompress:ZI)
                  000029d4    0000000c     tm4c123gh6pge_startup_ccs.obj (.text)
                  000029e0    0000000a     driverlib.lib : adc.obj (.text:ADCIntClear)
                  000029ea    00000008                   : sw_crc.obj (.text:Crc16Array)
                  000029f2    00000008                   : timer.obj (.text:TimerIntEnable)
                  000029fa    00000006                   : timer.obj (.text:TimerClockSourceSet)
                  00002a00    00000004                   : timer.obj (.text:TimerIntClear)
                  00002a04    00000004     rtsv7M4_T_le_v4SPD16_eabi.lib : pre_init.obj (.text)

.const     0    00002a08    000003fc     
                  00002a08    00000200     driverlib.lib : sw_crc.obj (.const:g_pui16Crc16)
                  00002c08    00000090                   : gpio.obj (.const:g_pui32GPIOBaseAddrs)
                  00002c98    00000070                   : interrupt.obj (.const)
                  00002d08    0000006c                   : sysctl.obj (.const:g_pui32Xtals)
                  00002d74    00000030     ustdlib.obj (.const:g_psDaysToMonth)
                  00002da4    00000018     ustdlib.obj (.const:g_pfExponents)
                  00002dbc    00000012     uartstdio.obj (.const:.string)
                  00002dce    00000002     --HOLE-- [fill = 0]
                  00002dd0    00000012     ustdlib.obj (.const:.string)
                  00002de2    00000002     --HOLE-- [fill = 0]
                  00002de4    0000000c     uartstdio.obj (.const:g_ui32UARTBase)
                  00002df0    0000000c     uartstdio.obj (.const:g_ui32UARTPeriph)
                  00002dfc    00000004     uartstdio.obj (.const)
                  00002e00    00000004     ustdlib.obj (.const)

.cinit     0    00002e08    00000038     
                  00002e08    00000014     (.cinit..data.load) [load image, compression = lzss]
                  00002e1c    0000000c     (__TI_handler_table)
                  00002e28    00000008     (.cinit..bss.load) [load image, compression = zero_init]
                  00002e30    00000010     (__TI_cinit_table)

.init_array 
*          0    00000000    00000000     UNINITIALIZED

.stack     0    20000000    00000200     UNINITIALIZED
                  20000000    00000200     --HOLE--

.bss       0    20000200    00000054     UNINITIALIZED
                  20000200    00000030     (.common:ConfigState)
                  20000230    00000024     (.common:RealTime)

.data      0    20000254    00000030     UNINITIALIZED
                  20000254    0000000c     rtsv7M4_T_le_v4SPD16_eabi.lib : exit.obj (.data:$O1$$)
                  20000260    00000008                                   : _lock.obj (.data:$O1$$)
                  20000268    00000008     FP_acquire.obj (.data)
                  20000270    00000005     uartstdio.obj (.data)
                  20000275    00000003     --HOLE--
                  20000278    00000004     rtsv7M4_T_le_v4SPD16_eabi.lib : stkdepth_vars.obj (.data)
                  2000027c    00000004                                   : strtok.obj (.data)
                  20000280    00000004     ustdlib.obj (.data)

MODULE SUMMARY

       Module                          code    ro data   rw data
       ------                          ----    -------   -------
    .\
       ustdlib.obj                     3204    94        4      
       FP_acquire.obj                  1496    0         56     
       uartstdio.obj                   1244    46        5      
       tm4c123gh6pge_startup_ccs.obj   12      620       0      
       datetimeset.obj                 616     0         0      
       Main.obj                        480     0         36     
    +--+-------------------------------+-------+---------+---------+
       Total:                          7052    760       101    
                                                                
    C:/ti/TivaWare_C_Series-2.1.3.156/driverlib/ccs/Debug/driverlib.lib
       sw_crc.obj                      212     512       0      
       gpio.obj                        438     144       0      
       sysctl.obj                      324     108       0      
       hibernate.obj                   400     0         0      
       adc.obj                         334     0         0      
       interrupt.obj                   208     112       0      
       timer.obj                       146     0         0      
    +--+-------------------------------+-------+---------+---------+
       Total:                          2062    876       0      
                                                                
    C:\ti\ccsv7\tools\compiler\ti-cgt-arm_16.9.4.LTS\lib\rtsv7M4_T_le_v4SPD16_eabi.lib
       memcpy_t2.obj                   156     0         0      
       memset_t2.obj                   122     0         0      
       autoinit.obj                    112     0         0      
       copy_decompress_lzss.obj        104     0         0      
       exit.obj                        84      0         12     
       boot.obj                        84      0         0      
       cpy_tbl.obj                     76      0         0      
       strtok.obj                      64      0         4      
       u_divt2.obj                     64      0         0      
       strspn.obj                      42      0         0      
       strcspn.obj                     36      0         0      
       _lock.obj                       20      0         8      
       args_main.obj                   24      0         0      
       copy_decompress_none.obj        14      0         0      
       copy_zero_init.obj              12      0         0      
       pre_init.obj                    4       0         0      
       stkdepth_vars.obj               0       0         4      
       i_div0.obj                      2       0         0      
       mpu_init.obj                    2       0         0      
       startup.obj                     2       0         0      
    +--+-------------------------------+-------+---------+---------+
       Total:                          1024    0         28     
                                                                
       Stack:                          0       0         512    
       Linker Generated:               0       56        0      
    +--+-------------------------------+-------+---------+---------+
       Grand Total:                    10138   1692      641    


LINKER GENERATED COPY TABLES

__TI_cinit_table @ 00002e30 records: 2, size/record: 8, table size: 16
	.data: load addr=00002e08, load size=00000014 bytes, run addr=20000254, run size=00000030 bytes, compression=lzss
	.bss: load addr=00002e28, load size=00000008 bytes, run addr=20000200, run size=00000054 bytes, compression=zero_init


LINKER GENERATED HANDLER TABLE

__TI_handler_table @ 00002e1c records: 3, size/record: 4, table size: 12
	index: 0, handler: __TI_decompress_lzss
	index: 1, handler: __TI_decompress_none
	index: 2, handler: __TI_zero_init


GLOBAL SYMBOLS: SORTED ALPHABETICALLY BY Name 

address   name                           
-------   ----                           
000029e1  ADCIntClear                    
00002741  ADCIntStatus                   
0000287f  ADCProcessorTrigger            
000024f9  ADCSequenceConfigure           
00002861  ADCSequenceDataGet             
00002991  ADCSequenceEnable              
00002199  ADCSequenceStepConfigure       
000012b9  ADCSetup                       
0000103d  AcquireSetup                   
000025a5  C$$EXIT                        
20000200  ConfigState                    
00002031  Crc16                          
000029eb  Crc16Array                     
000019a5  DateSet                        
0000279d  GPIODirModeSet                 
00001ded  GPIOPadConfigSet               
00002645  GPIOPinConfigure               
0000292d  GPIOPinTypeADC                 
00001345  GetHibData                     
00002819  HibernateDataGet               
000027f1  HibernateDataSet               
000028c9  HibernateEnableExpClk          
000028dd  HibernateIntClear              
00002899  HibernateIntStatus             
000028f1  HibernateRTCEnable             
000029bd  HibernateRTCGet                
00002951  HibernateRTCMatchSet           
00002961  HibernateRTCSSGet              
00002771  HibernateRTCSet                
00002971  HibernateRTCTrimSet            
00002905  HibernateRequest               
00002435  HibernateWakeSet               
00001c0d  InitConsole                    
000022fd  IntDisable                     
00002365  IntEnable                      
00000f59  RTCHandler                     
00001cf9  RTCSetup                       
20000230  RealTime                       
000029d5  ResetISR                       
UNDEFED   SHT$$INIT_ARRAY$$Base          
UNDEFED   SHT$$INIT_ARRAY$$Limit         
000013bb  SetHibData                     
00001255  StartLogging                   
00001f21  SysCtlClockGet                 
0000270d  SysCtlPeripheralEnable         
00001c61  SysTimeSet                     
00001a6f  TimeSet                        
00000ef1  Timer0Handler                  
000029fb  TimerClockSourceSet            
00002499  TimerConfigure                 
0000299f  TimerEnable                    
00002a01  TimerIntClear                  
000029f3  TimerIntEnable                 
0000293f  TimerLoadSet                   
000014c9  UARTStdioConfig                
00001641  UARTgetc                       
0000157b  UARTgets                       
0000196f  UARTprintf                     
00001675  UARTvprintf                    
00001529  UARTwrite                      
20000200  __STACK_END                    
00000200  __STACK_SIZE                   
20000200  __STACK_TOP                    
00002e30  __TI_CINIT_Base                
00002e40  __TI_CINIT_Limit               
00002e1c  __TI_Handler_Table_Base        
00002e28  __TI_Handler_Table_Limit       
0000228d  __TI_auto_init                 
20000254  __TI_cleanup_ptr               
000023cd  __TI_decompress_lzss           
000029ad  __TI_decompress_none           
20000258  __TI_dtors_ptr                 
2000025c  __TI_enable_exit_profile_output
ffffffff  __TI_pprof_out_hndl            
ffffffff  __TI_prof_data_size            
ffffffff  __TI_prof_data_start           
00000000  __TI_static_base__             
000029c9  __TI_zero_init                 
00001f1f  __aeabi_idiv0                  
00002213  __aeabi_memclr                 
00002213  __aeabi_memclr4                
00002213  __aeabi_memclr8                
000020fd  __aeabi_memcpy                 
000020fd  __aeabi_memcpy4                
000020fd  __aeabi_memcpy8                
00002215  __aeabi_memset                 
00002215  __aeabi_memset4                
00002215  __aeabi_memset8                
000026cd  __aeabi_uidiv                  
000026cd  __aeabi_uidivmod               
ffffffff  __binit__                      
ffffffff  __c_args__                     
0000276f  __mpu_init                     
20000000  __stack                        
000028b1  _args_main                     
00002551  _c_int00                       
20000260  _lock                          
00002927  _nop                           
0000291f  _register_lock                 
00002919  _register_unlock               
00002897  _system_post_cinit             
00002a05  _system_pre_init               
20000264  _unlock                        
000025a9  abort                          
ffffffff  binit                          
000025f9  copy_in                        
000025b1  exit                           
00000000  g_pfnVectors                   
00001d0b  main                           
20000278  main_func_sp                   
000020fd  memcpy                         
0000221b  memset                         
0000283d  strcspn                        
000027c7  strspn                         
0000268d  strtok                         
00000751  ulocaltime                     
0000094f  umktime                        
00000ec9  urand                          
00000721  usnprintf                      
000006ef  usprintf                       
00000eb9  usrand                         
00000e31  ustrcasecmp                    
00000ea5  ustrcmp                        
00000d35  ustrlen                        
00000d8d  ustrncasecmp                   
00000e45  ustrncmp                       
0000026d  ustrncpy                       
00000d57  ustrstr                        
00000afd  ustrtof                        
000009c5  ustrtoul                       
000002c5  uvsnprintf                     


GLOBAL SYMBOLS: SORTED BY Symbol Address 

address   name                           
-------   ----                           
00000000  __TI_static_base__             
00000000  g_pfnVectors                   
00000200  __STACK_SIZE                   
0000026d  ustrncpy                       
000002c5  uvsnprintf                     
000006ef  usprintf                       
00000721  usnprintf                      
00000751  ulocaltime                     
0000094f  umktime                        
000009c5  ustrtoul                       
00000afd  ustrtof                        
00000d35  ustrlen                        
00000d57  ustrstr                        
00000d8d  ustrncasecmp                   
00000e31  ustrcasecmp                    
00000e45  ustrncmp                       
00000ea5  ustrcmp                        
00000eb9  usrand                         
00000ec9  urand                          
00000ef1  Timer0Handler                  
00000f59  RTCHandler                     
0000103d  AcquireSetup                   
00001255  StartLogging                   
000012b9  ADCSetup                       
00001345  GetHibData                     
000013bb  SetHibData                     
000014c9  UARTStdioConfig                
00001529  UARTwrite                      
0000157b  UARTgets                       
00001641  UARTgetc                       
00001675  UARTvprintf                    
0000196f  UARTprintf                     
000019a5  DateSet                        
00001a6f  TimeSet                        
00001c0d  InitConsole                    
00001c61  SysTimeSet                     
00001cf9  RTCSetup                       
00001d0b  main                           
00001ded  GPIOPadConfigSet               
00001f1f  __aeabi_idiv0                  
00001f21  SysCtlClockGet                 
00002031  Crc16                          
000020fd  __aeabi_memcpy                 
000020fd  __aeabi_memcpy4                
000020fd  __aeabi_memcpy8                
000020fd  memcpy                         
00002199  ADCSequenceStepConfigure       
00002213  __aeabi_memclr                 
00002213  __aeabi_memclr4                
00002213  __aeabi_memclr8                
00002215  __aeabi_memset                 
00002215  __aeabi_memset4                
00002215  __aeabi_memset8                
0000221b  memset                         
0000228d  __TI_auto_init                 
000022fd  IntDisable                     
00002365  IntEnable                      
000023cd  __TI_decompress_lzss           
00002435  HibernateWakeSet               
00002499  TimerConfigure                 
000024f9  ADCSequenceConfigure           
00002551  _c_int00                       
000025a5  C$$EXIT                        
000025a9  abort                          
000025b1  exit                           
000025f9  copy_in                        
00002645  GPIOPinConfigure               
0000268d  strtok                         
000026cd  __aeabi_uidiv                  
000026cd  __aeabi_uidivmod               
0000270d  SysCtlPeripheralEnable         
00002741  ADCIntStatus                   
0000276f  __mpu_init                     
00002771  HibernateRTCSet                
0000279d  GPIODirModeSet                 
000027c7  strspn                         
000027f1  HibernateDataSet               
00002819  HibernateDataGet               
0000283d  strcspn                        
00002861  ADCSequenceDataGet             
0000287f  ADCProcessorTrigger            
00002897  _system_post_cinit             
00002899  HibernateIntStatus             
000028b1  _args_main                     
000028c9  HibernateEnableExpClk          
000028dd  HibernateIntClear              
000028f1  HibernateRTCEnable             
00002905  HibernateRequest               
00002919  _register_unlock               
0000291f  _register_lock                 
00002927  _nop                           
0000292d  GPIOPinTypeADC                 
0000293f  TimerLoadSet                   
00002951  HibernateRTCMatchSet           
00002961  HibernateRTCSSGet              
00002971  HibernateRTCTrimSet            
00002991  ADCSequenceEnable              
0000299f  TimerEnable                    
000029ad  __TI_decompress_none           
000029bd  HibernateRTCGet                
000029c9  __TI_zero_init                 
000029d5  ResetISR                       
000029e1  ADCIntClear                    
000029eb  Crc16Array                     
000029f3  TimerIntEnable                 
000029fb  TimerClockSourceSet            
00002a01  TimerIntClear                  
00002a05  _system_pre_init               
00002e1c  __TI_Handler_Table_Base        
00002e28  __TI_Handler_Table_Limit       
00002e30  __TI_CINIT_Base                
00002e40  __TI_CINIT_Limit               
20000000  __stack                        
20000200  ConfigState                    
20000200  __STACK_END                    
20000200  __STACK_TOP                    
20000230  RealTime                       
20000254  __TI_cleanup_ptr               
20000258  __TI_dtors_ptr                 
2000025c  __TI_enable_exit_profile_output
20000260  _lock                          
20000264  _unlock                        
20000278  main_func_sp                   
ffffffff  __TI_pprof_out_hndl            
ffffffff  __TI_prof_data_size            
ffffffff  __TI_prof_data_start           
ffffffff  __binit__                      
ffffffff  __c_args__                     
ffffffff  binit                          
UNDEFED   SHT$$INIT_ARRAY$$Base          
UNDEFED   SHT$$INIT_ARRAY$$Limit         

[131 symbols]
