******************************************************************************
                  TI ARM Linker PC v16.9.4                     
******************************************************************************
>> Linked Wed Nov 22 14:56:24 2017

OUTPUT FILE NAME:   <Frost_Probe.out>
ENTRY POINT SYMBOL: "_c_int00"  address: 00002409


MEMORY CONFIGURATION

         name            origin    length      used     unused   attr    fill
----------------------  --------  ---------  --------  --------  ----  --------
  FLASH                 00000000   00040000  00002a96  0003d56a  R  X
  SRAM                  20000000   00008000  000018e4  0000671c  RW X


SEGMENT ALLOCATION MAP

run origin  load origin   length   init length attrs members
----------  ----------- ---------- ----------- ----- -------
00000000    00000000    00002a98   00002a98    r-x
  00000000    00000000    0000026c   0000026c    r-- .intvecs
  0000026c    0000026c    000025f6   000025f6    r-x .text
  00002864    00002864    000001fc   000001fc    r-- .const
  00002a60    00002a60    00000038   00000038    r-- .cinit
20000000    20000000    000018e4   00000000    rw-
  20000000    20000000    000016b8   00000000    rw- .bss
  200016b8    200016b8    00000200   00000000    rw- .stack
  200018b8    200018b8    0000002c   00000000    rw- .data


SECTION ALLOCATION MAP

 output                                  attributes/
section   page    origin      length       input sections
--------  ----  ----------  ----------   ----------------
.intvecs   0    00000000    0000026c     
                  00000000    0000026c     tm4c123gh6pge_startup_ccs.obj (.intvecs)

.text      0    0000026c    000025f6     
                  0000026c    00000c84     ustdlib.obj (.text)
                  00000ef0    000004dc     uartstdio.obj (.text)
                  000013cc    00000488     FP_acquire.obj (.text)
                  00001854    000002b4     Main.obj (.text)
                  00001b08    00000268     datetimeset.obj (.text)
                  00001d70    00000132     driverlib.lib : gpio.obj (.text:GPIOPadConfigSet)
                  00001ea2    00000002     rtsv7M4_T_le_v4SPD16_eabi.lib : i_div0.obj (.text)
                  00001ea4    00000110     driverlib.lib : sysctl.obj (.text:SysCtlClockGet)
                  00001fb4    0000009c     rtsv7M4_T_le_v4SPD16_eabi.lib : memcpy_t2.obj (.text)
                  00002050    0000007a     driverlib.lib : adc.obj (.text:ADCSequenceStepConfigure)
                  000020ca    0000007a     rtsv7M4_T_le_v4SPD16_eabi.lib : memset_t2.obj (.text)
                  00002144    00000070                                   : autoinit.obj (.text)
                  000021b4    00000068     driverlib.lib : interrupt.obj (.text:IntDisable)
                  0000221c    00000068                   : interrupt.obj (.text:IntEnable)
                  00002284    00000068     rtsv7M4_T_le_v4SPD16_eabi.lib : copy_decompress_lzss.obj (.text:decompress:lzss)
                  000022ec    00000064     driverlib.lib : hibernate.obj (.text:HibernateWakeSet)
                  00002350    00000060                   : timer.obj (.text:TimerConfigure)
                  000023b0    00000058                   : adc.obj (.text:ADCSequenceConfigure)
                  00002408    00000054     rtsv7M4_T_le_v4SPD16_eabi.lib : boot.obj (.text)
                  0000245c    00000054                                   : exit.obj (.text)
                  000024b0    0000004c                                   : cpy_tbl.obj (.text)
                  000024fc    00000048     driverlib.lib : gpio.obj (.text:GPIOPinConfigure)
                  00002544    00000040     rtsv7M4_T_le_v4SPD16_eabi.lib : strtok.obj (.text)
                  00002584    00000040                                   : u_divt2.obj (.text)
                  000025c4    00000034     driverlib.lib : sysctl.obj (.text:SysCtlPeripheralEnable)
                  000025f8    0000002e                   : adc.obj (.text:ADCIntStatus)
                  00002626    00000002     rtsv7M4_T_le_v4SPD16_eabi.lib : mpu_init.obj (.text)
                  00002628    0000002c     driverlib.lib : hibernate.obj (.text:HibernateRTCSet)
                  00002654    0000002a                   : gpio.obj (.text:GPIODirModeSet)
                  0000267e    0000002a     rtsv7M4_T_le_v4SPD16_eabi.lib : strspn.obj (.text)
                  000026a8    00000024                                   : strcspn.obj (.text)
                  000026cc    0000001e     driverlib.lib : adc.obj (.text:ADCSequenceDataGet)
                  000026ea    00000018                   : adc.obj (.text:ADCProcessorTrigger)
                  00002702    00000002     rtsv7M4_T_le_v4SPD16_eabi.lib : startup.obj (.text)
                  00002704    00000018     driverlib.lib : hibernate.obj (.text:HibernateIntStatus)
                  0000271c    00000018     rtsv7M4_T_le_v4SPD16_eabi.lib : args_main.obj (.text)
                  00002734    00000014     driverlib.lib : hibernate.obj (.text:HibernateEnableExpClk)
                  00002748    00000014                   : hibernate.obj (.text:HibernateIntClear)
                  0000275c    00000014                   : hibernate.obj (.text:HibernateRTCEnable)
                  00002770    00000014                   : hibernate.obj (.text:HibernateRequest)
                  00002784    00000014     rtsv7M4_T_le_v4SPD16_eabi.lib : _lock.obj (.text)
                  00002798    00000012     driverlib.lib : gpio.obj (.text:GPIOPinTypeADC)
                  000027aa    00000012                   : timer.obj (.text:TimerLoadSet)
                  000027bc    00000010                   : hibernate.obj (.text:HibernateRTCMatchSet)
                  000027cc    00000010                   : hibernate.obj (.text:HibernateRTCSSGet)
                  000027dc    00000010                   : hibernate.obj (.text:HibernateRTCTrimSet)
                  000027ec    00000010                   : hibernate.obj (.text:_HibernateWriteComplete)
                  000027fc    0000000e                   : adc.obj (.text:ADCSequenceEnable)
                  0000280a    0000000e                   : timer.obj (.text:TimerEnable)
                  00002818    0000000e     rtsv7M4_T_le_v4SPD16_eabi.lib : copy_decompress_none.obj (.text:decompress:none)
                  00002826    00000002     --HOLE-- [fill = 0]
                  00002828    0000000c     driverlib.lib : hibernate.obj (.text:HibernateRTCGet)
                  00002834    0000000c     rtsv7M4_T_le_v4SPD16_eabi.lib : copy_zero_init.obj (.text:decompress:ZI)
                  00002840    0000000c     tm4c123gh6pge_startup_ccs.obj (.text)
                  0000284c    0000000a     driverlib.lib : adc.obj (.text:ADCIntClear)
                  00002856    00000008                   : timer.obj (.text:TimerIntEnable)
                  0000285e    00000004     rtsv7M4_T_le_v4SPD16_eabi.lib : pre_init.obj (.text)

.const     0    00002864    000001fc     
                  00002864    00000090     driverlib.lib : gpio.obj (.const:g_pui32GPIOBaseAddrs)
                  000028f4    00000070                   : interrupt.obj (.const)
                  00002964    0000006c                   : sysctl.obj (.const:g_pui32Xtals)
                  000029d0    00000030     ustdlib.obj (.const:g_psDaysToMonth)
                  00002a00    00000018     ustdlib.obj (.const:g_pfExponents)
                  00002a18    00000012     uartstdio.obj (.const:.string)
                  00002a2a    00000002     --HOLE-- [fill = 0]
                  00002a2c    00000012     ustdlib.obj (.const:.string)
                  00002a3e    00000002     --HOLE-- [fill = 0]
                  00002a40    0000000c     uartstdio.obj (.const:g_ui32UARTBase)
                  00002a4c    0000000c     uartstdio.obj (.const:g_ui32UARTPeriph)
                  00002a58    00000004     uartstdio.obj (.const)
                  00002a5c    00000004     ustdlib.obj (.const)

.cinit     0    00002a60    00000038     
                  00002a60    00000014     (.cinit..data.load) [load image, compression = lzss]
                  00002a74    0000000c     (__TI_handler_table)
                  00002a80    00000008     (.cinit..bss.load) [load image, compression = zero_init]
                  00002a88    00000010     (__TI_cinit_table)

.init_array 
*          0    00000000    00000000     UNINITIALIZED

.bss       0    20000000    000016b8     UNINITIALIZED
                  20000000    00001690     (.common:ConfigState)
                  20001690    00000024     (.common:RealTime)
                  200016b4    00000004     FP_acquire.obj (.bss)

.stack     0    200016b8    00000200     UNINITIALIZED
                  200016b8    00000200     --HOLE--

.data      0    200018b8    0000002c     UNINITIALIZED
                  200018b8    0000000c     rtsv7M4_T_le_v4SPD16_eabi.lib : exit.obj (.data:$O1$$)
                  200018c4    00000008                                   : _lock.obj (.data:$O1$$)
                  200018cc    00000005     uartstdio.obj (.data)
                  200018d1    00000003     --HOLE--
                  200018d4    00000004     FP_acquire.obj (.data)
                  200018d8    00000004     rtsv7M4_T_le_v4SPD16_eabi.lib : stkdepth_vars.obj (.data)
                  200018dc    00000004                                   : strtok.obj (.data)
                  200018e0    00000004     ustdlib.obj (.data)

MODULE SUMMARY

       Module                          code   ro data   rw data
       ------                          ----   -------   -------
    .\
       FP_acquire.obj                  1160   0         5784   
       ustdlib.obj                     3204   94        4      
       uartstdio.obj                   1244   46        5      
       Main.obj                        692    0         36     
       tm4c123gh6pge_startup_ccs.obj   12     620       0      
       datetimeset.obj                 616    0         0      
    +--+-------------------------------+------+---------+---------+
       Total:                          6928   760       5829   
                                                               
    C:/ti/TivaWare_C_Series-2.1.3.156/driverlib/ccs/Debug/driverlib.lib
       gpio.obj                        438    144       0      
       sysctl.obj                      324    108       0      
       adc.obj                         334    0         0      
       hibernate.obj                   324    0         0      
       interrupt.obj                   208    112       0      
       timer.obj                       136    0         0      
    +--+-------------------------------+------+---------+---------+
       Total:                          1764   364       0      
                                                               
    C:\ti\ccsv7\tools\compiler\ti-cgt-arm_16.9.4.LTS\lib\rtsv7M4_T_le_v4SPD16_eabi.lib
       memcpy_t2.obj                   156    0         0      
       memset_t2.obj                   122    0         0      
       autoinit.obj                    112    0         0      
       copy_decompress_lzss.obj        104    0         0      
       exit.obj                        84     0         12     
       boot.obj                        84     0         0      
       cpy_tbl.obj                     76     0         0      
       strtok.obj                      64     0         4      
       u_divt2.obj                     64     0         0      
       strspn.obj                      42     0         0      
       strcspn.obj                     36     0         0      
       _lock.obj                       20     0         8      
       args_main.obj                   24     0         0      
       copy_decompress_none.obj        14     0         0      
       copy_zero_init.obj              12     0         0      
       pre_init.obj                    4      0         0      
       stkdepth_vars.obj               0      0         4      
       i_div0.obj                      2      0         0      
       mpu_init.obj                    2      0         0      
       startup.obj                     2      0         0      
    +--+-------------------------------+------+---------+---------+
       Total:                          1024   0         28     
                                                               
       Stack:                          0      0         512    
       Linker Generated:               0      56        0      
    +--+-------------------------------+------+---------+---------+
       Grand Total:                    9716   1180      6369   


LINKER GENERATED COPY TABLES

__TI_cinit_table @ 00002a88 records: 2, size/record: 8, table size: 16
	.data: load addr=00002a60, load size=00000014 bytes, run addr=200018b8, run size=0000002c bytes, compression=lzss
	.bss: load addr=00002a80, load size=00000008 bytes, run addr=20000000, run size=000016b8 bytes, compression=zero_init


LINKER GENERATED HANDLER TABLE

__TI_handler_table @ 00002a74 records: 3, size/record: 4, table size: 12
	index: 0, handler: __TI_decompress_lzss
	index: 1, handler: __TI_decompress_none
	index: 2, handler: __TI_zero_init


GLOBAL SYMBOLS: SORTED ALPHABETICALLY BY Name 

address   name                           
-------   ----                           
0000284d  ADCIntClear                    
000025f9  ADCIntStatus                   
000026eb  ADCProcessorTrigger            
000023b1  ADCSequenceConfigure           
000026cd  ADCSequenceDataGet             
000027fd  ADCSequenceEnable              
00002051  ADCSequenceStepConfigure       
000016e5  ADCSetup                       
000014d1  AcquireSetup                   
0000245d  C$$EXIT                        
20000000  ConfigState                    
00001b09  DateSet                        
00002655  GPIODirModeSet                 
00001d71  GPIOPadConfigSet               
000024fd  GPIOPinConfigure               
00002799  GPIOPinTypeADC                 
00002735  HibernateEnableExpClk          
00002749  HibernateIntClear              
00002705  HibernateIntStatus             
0000275d  HibernateRTCEnable             
00002829  HibernateRTCGet                
000027bd  HibernateRTCMatchSet           
000027cd  HibernateRTCSSGet              
00002629  HibernateRTCSet                
000027dd  HibernateRTCTrimSet            
00002771  HibernateRequest               
000022ed  HibernateWakeSet               
00001855  InitConsole                    
000021b5  IntDisable                     
0000221d  IntEnable                      
0000144d  RTCHandler                     
00001941  RTCSetup                       
20001690  RealTime                       
00002841  ResetISR                       
UNDEFED   SHT$$INIT_ARRAY$$Base          
UNDEFED   SHT$$INIT_ARRAY$$Limit         
000016a9  StartLogging                   
00001ea5  SysCtlClockGet                 
000025c5  SysCtlPeripheralEnable         
000018a9  SysTimeSet                     
00001bd3  TimeSet                        
00002351  TimerConfigure                 
0000280b  TimerEnable                    
000013cd  TimerHandler                   
00002857  TimerIntEnable                 
000027ab  TimerLoadSet                   
00000ef1  UARTStdioConfig                
00001069  UARTgetc                       
00000fa3  UARTgets                       
00001397  UARTprintf                     
0000109d  UARTvprintf                    
00000f51  UARTwrite                      
200018b8  __STACK_END                    
00000200  __STACK_SIZE                   
200018b8  __STACK_TOP                    
00002a88  __TI_CINIT_Base                
00002a98  __TI_CINIT_Limit               
00002a74  __TI_Handler_Table_Base        
00002a80  __TI_Handler_Table_Limit       
00002145  __TI_auto_init                 
200018b8  __TI_cleanup_ptr               
00002285  __TI_decompress_lzss           
00002819  __TI_decompress_none           
200018bc  __TI_dtors_ptr                 
200018c0  __TI_enable_exit_profile_output
ffffffff  __TI_pprof_out_hndl            
ffffffff  __TI_prof_data_size            
ffffffff  __TI_prof_data_start           
00000000  __TI_static_base__             
00002835  __TI_zero_init                 
00001ea3  __aeabi_idiv0                  
000020cb  __aeabi_memclr                 
000020cb  __aeabi_memclr4                
000020cb  __aeabi_memclr8                
00001fb5  __aeabi_memcpy                 
00001fb5  __aeabi_memcpy4                
00001fb5  __aeabi_memcpy8                
000020cd  __aeabi_memset                 
000020cd  __aeabi_memset4                
000020cd  __aeabi_memset8                
00002585  __aeabi_uidiv                  
00002585  __aeabi_uidivmod               
ffffffff  __binit__                      
ffffffff  __c_args__                     
00002627  __mpu_init                     
200016b8  __stack                        
0000271d  _args_main                     
00002409  _c_int00                       
200018c4  _lock                          
00002793  _nop                           
0000278b  _register_lock                 
00002785  _register_unlock               
00002703  _system_post_cinit             
0000285f  _system_pre_init               
200018c8  _unlock                        
00002461  abort                          
ffffffff  binit                          
000024b1  copy_in                        
00002469  exit                           
00000000  g_pfnVectors                   
00001953  main                           
200018d8  main_func_sp                   
00001fb5  memcpy                         
000020d3  memset                         
000026a9  strcspn                        
0000267f  strspn                         
00002545  strtok                         
00000751  ulocaltime                     
0000094f  umktime                        
00000ec9  urand                          
00000721  usnprintf                      
000006ef  usprintf                       
00000eb9  usrand                         
00000e31  ustrcasecmp                    
00000ea5  ustrcmp                        
00000d35  ustrlen                        
00000d8d  ustrncasecmp                   
00000e45  ustrncmp                       
0000026d  ustrncpy                       
00000d57  ustrstr                        
00000afd  ustrtof                        
000009c5  ustrtoul                       
000002c5  uvsnprintf                     


GLOBAL SYMBOLS: SORTED BY Symbol Address 

address   name                           
-------   ----                           
00000000  __TI_static_base__             
00000000  g_pfnVectors                   
00000200  __STACK_SIZE                   
0000026d  ustrncpy                       
000002c5  uvsnprintf                     
000006ef  usprintf                       
00000721  usnprintf                      
00000751  ulocaltime                     
0000094f  umktime                        
000009c5  ustrtoul                       
00000afd  ustrtof                        
00000d35  ustrlen                        
00000d57  ustrstr                        
00000d8d  ustrncasecmp                   
00000e31  ustrcasecmp                    
00000e45  ustrncmp                       
00000ea5  ustrcmp                        
00000eb9  usrand                         
00000ec9  urand                          
00000ef1  UARTStdioConfig                
00000f51  UARTwrite                      
00000fa3  UARTgets                       
00001069  UARTgetc                       
0000109d  UARTvprintf                    
00001397  UARTprintf                     
000013cd  TimerHandler                   
0000144d  RTCHandler                     
000014d1  AcquireSetup                   
000016a9  StartLogging                   
000016e5  ADCSetup                       
00001855  InitConsole                    
000018a9  SysTimeSet                     
00001941  RTCSetup                       
00001953  main                           
00001b09  DateSet                        
00001bd3  TimeSet                        
00001d71  GPIOPadConfigSet               
00001ea3  __aeabi_idiv0                  
00001ea5  SysCtlClockGet                 
00001fb5  __aeabi_memcpy                 
00001fb5  __aeabi_memcpy4                
00001fb5  __aeabi_memcpy8                
00001fb5  memcpy                         
00002051  ADCSequenceStepConfigure       
000020cb  __aeabi_memclr                 
000020cb  __aeabi_memclr4                
000020cb  __aeabi_memclr8                
000020cd  __aeabi_memset                 
000020cd  __aeabi_memset4                
000020cd  __aeabi_memset8                
000020d3  memset                         
00002145  __TI_auto_init                 
000021b5  IntDisable                     
0000221d  IntEnable                      
00002285  __TI_decompress_lzss           
000022ed  HibernateWakeSet               
00002351  TimerConfigure                 
000023b1  ADCSequenceConfigure           
00002409  _c_int00                       
0000245d  C$$EXIT                        
00002461  abort                          
00002469  exit                           
000024b1  copy_in                        
000024fd  GPIOPinConfigure               
00002545  strtok                         
00002585  __aeabi_uidiv                  
00002585  __aeabi_uidivmod               
000025c5  SysCtlPeripheralEnable         
000025f9  ADCIntStatus                   
00002627  __mpu_init                     
00002629  HibernateRTCSet                
00002655  GPIODirModeSet                 
0000267f  strspn                         
000026a9  strcspn                        
000026cd  ADCSequenceDataGet             
000026eb  ADCProcessorTrigger            
00002703  _system_post_cinit             
00002705  HibernateIntStatus             
0000271d  _args_main                     
00002735  HibernateEnableExpClk          
00002749  HibernateIntClear              
0000275d  HibernateRTCEnable             
00002771  HibernateRequest               
00002785  _register_unlock               
0000278b  _register_lock                 
00002793  _nop                           
00002799  GPIOPinTypeADC                 
000027ab  TimerLoadSet                   
000027bd  HibernateRTCMatchSet           
000027cd  HibernateRTCSSGet              
000027dd  HibernateRTCTrimSet            
000027fd  ADCSequenceEnable              
0000280b  TimerEnable                    
00002819  __TI_decompress_none           
00002829  HibernateRTCGet                
00002835  __TI_zero_init                 
00002841  ResetISR                       
0000284d  ADCIntClear                    
00002857  TimerIntEnable                 
0000285f  _system_pre_init               
00002a74  __TI_Handler_Table_Base        
00002a80  __TI_Handler_Table_Limit       
00002a88  __TI_CINIT_Base                
00002a98  __TI_CINIT_Limit               
20000000  ConfigState                    
20001690  RealTime                       
200016b8  __stack                        
200018b8  __STACK_END                    
200018b8  __STACK_TOP                    
200018b8  __TI_cleanup_ptr               
200018bc  __TI_dtors_ptr                 
200018c0  __TI_enable_exit_profile_output
200018c4  _lock                          
200018c8  _unlock                        
200018d8  main_func_sp                   
ffffffff  __TI_pprof_out_hndl            
ffffffff  __TI_prof_data_size            
ffffffff  __TI_prof_data_start           
ffffffff  __binit__                      
ffffffff  __c_args__                     
ffffffff  binit                          
UNDEFED   SHT$$INIT_ARRAY$$Base          
UNDEFED   SHT$$INIT_ARRAY$$Limit         

[123 symbols]
