******************************************************************************
                  TI ARM Linker PC v16.9.4                     
******************************************************************************
>> Linked Thu Dec 07 16:48:26 2017

OUTPUT FILE NAME:   <Frost_Probe.out>
ENTRY POINT SYMBOL: "_c_int00"  address: 00009ad5


MEMORY CONFIGURATION

         name            origin    length      used     unused   attr    fill
----------------------  --------  ---------  --------  --------  ----  --------
  FLASH                 00000000   00040000  0001278c  0002d874  R  X
  SRAM                  20000000   00008000  0000126a  00006d96  RW X


SEGMENT ALLOCATION MAP

run origin  load origin   length   init length attrs members
----------  ----------- ---------- ----------- ----- -------
00000000    00000000    00012790   00012790    r-x
  00000000    00000000    0000026c   0000026c    r-- .intvecs
  0000026c    0000026c    0000a0b4   0000a0b4    r-x .text
  0000a320    0000a320    00008304   00008304    r-- .const
  00012628    00012628    00000168   00000168    r-- .cinit
20000000    20000000    0000126c   00000000    rw-
  20000000    20000000    0000026c   00000000    rw- .vtable
  2000026c    2000026c    00000c22   00000000    rw- .bss
  20000e90    20000e90    00000200   00000000    rw- .stack
  20001090    20001090    000001dc   00000000    rw- .data


SECTION ALLOCATION MAP

 output                                  attributes/
section   page    origin      length       input sections
--------  ----  ----------  ----------   ----------------
.intvecs   0    00000000    0000026c     
                  00000000    0000026c     tm4c123gh6pge_startup_ccs.obj (.intvecs)

.text      0    0000026c    0000a0b4     
                  0000026c    00003862     ff.obj (.text)
                  00003ace    00000002     rtsv7M4_T_le_v4SPD16_eabi.lib : i_div0.obj (.text)
                  00003ad0    0000113e                                   : _printfi.obj (.text)
                  00004c0e    00000002                                   : mpu_init.obj (.text)
                  00004c10    00000c84     ustdlib.obj (.text)
                  00005894    000009f8     sd_card.obj (.text)
                  0000628c    000009c8     mmc-dk-tm4c123g.obj (.text)
                  00006c54    00000804     FP_acquire.obj (.text)
                  00007458    0000067c     cfal96x64x16.obj (.text)
                  00007ad4    000004dc     uartstdio.obj (.text)
                  00007fb0    00000388     Main.obj (.text)
                  00008338    00000254     grlib.lib : string.obj (.text:GrFontGlyphRender)
                  0000858c    000001f4     rtsv7M4_T_le_v4SPD16_eabi.lib : ull_div_t2.obj (.text)
                  00008780    000001b6                                   : fd_add_t2.obj (.text)
                  00008936    00000136                                   : fd_div_t2.obj (.text)
                  00008a6c    00000132     driverlib.lib : gpio.obj (.text:GPIOPadConfigSet)
                  00008b9e    00000002     rtsv7M4_T_le_v4SPD16_eabi.lib : startup.obj (.text)
                  00008ba0    00000128     cc932.obj (.text)
                  00008cc8    00000110     driverlib.lib : sysctl.obj (.text:SysCtlClockGet)
                  00008dd8    000000fc     rtsv7M4_T_le_v4SPD16_eabi.lib : fd_mul_t2.obj (.text)
                  00008ed4    000000fc                                   : s_scalbn.obj (.text)
                  00008fd0    000000f4     driverlib.lib : sysctl.obj (.text:SysCtlClockSet)
                  000090c4    000000cc                   : sw_crc.obj (.text:Crc16)
                  00009190    000000c0     grlib.lib : string.obj (.text:GrDefaultStringRenderer)
                  00009250    000000ac     cmdline.obj (.text)
                  000092fc    0000009c     rtsv7M4_T_le_v4SPD16_eabi.lib : memcpy_t2.obj (.text)
                  00009398    00000086     grlib.lib : rectangle.obj (.text:GrRectFill)
                  0000941e    00000086     rtsv7M4_T_le_v4SPD16_eabi.lib : fd_cmp_t2.obj (.text:__aeabi_cdcmple)
                  000094a4    00000086                                   : fd_cmp_t2.obj (.text:__aeabi_cdrcmple)
                  0000952a    0000007a     driverlib.lib : adc.obj (.text:ADCSequenceStepConfigure)
                  000095a4    0000007a     rtsv7M4_T_le_v4SPD16_eabi.lib : memset_t2.obj (.text)
                  0000961e    00000002     --HOLE-- [fill = 0]
                  00009620    00000070                                   : autoinit.obj (.text)
                  00009690    00000068     grlib.lib : context.obj (.text:GrContextInit)
                  000096f8    00000068               : string.obj (.text:GrStringWidthGet)
                  00009760    00000068     driverlib.lib : interrupt.obj (.text:IntDisable)
                  000097c8    00000068                   : interrupt.obj (.text:IntEnable)
                  00009830    00000068     rtsv7M4_T_le_v4SPD16_eabi.lib : copy_decompress_lzss.obj (.text:decompress:lzss)
                  00009898    00000064     driverlib.lib : hibernate.obj (.text:HibernateWakeSet)
                  000098fc    00000064     rtsv7M4_T_le_v4SPD16_eabi.lib : s_frexp.obj (.text)
                  00009960    00000060     driverlib.lib : timer.obj (.text:TimerConfigure)
                  000099c0    00000060     rtsv7M4_T_le_v4SPD16_eabi.lib : sprintf.obj (.text)
                  00009a20    0000005a     grlib.lib : string.obj (.text:FontWideGlyphDataGet)
                  00009a7a    00000002     --HOLE-- [fill = 0]
                  00009a7c    00000058     driverlib.lib : adc.obj (.text:ADCSequenceConfigure)
                  00009ad4    00000054     rtsv7M4_T_le_v4SPD16_eabi.lib : boot.obj (.text)
                  00009b28    00000054                                   : exit.obj (.text)
                  00009b7c    00000054                                   : ltoa.obj (.text)
                  00009bd0    0000004c                                   : atoi.obj (.text)
                  00009c1c    0000004c                                   : cpy_tbl.obj (.text)
                  00009c68    0000004a     grlib.lib : string.obj (.text:UpdateContextCharMapping)
                  00009cb2    00000002     --HOLE-- [fill = 0]
                  00009cb4    00000048     driverlib.lib : gpio.obj (.text:GPIOPinConfigure)
                  00009cfc    00000048     rtsv7M4_T_le_v4SPD16_eabi.lib : fd_toi_t2.obj (.text)
                  00009d44    00000040                                   : strtok.obj (.text)
                  00009d84    00000040                                   : u_divt2.obj (.text)
                  00009dc4    0000003a     grlib.lib : string.obj (.text:FontGlyphDataGet)
                  00009dfe    00000036     rtsv7M4_T_le_v4SPD16_eabi.lib : strncpy.obj (.text)
                  00009e34    00000034     driverlib.lib : interrupt.obj (.text:IntRegister)
                  00009e68    00000034                   : sysctl.obj (.text:SysCtlPeripheralEnable)
                  00009e9c    0000002e                   : adc.obj (.text:ADCIntStatus)
                  00009eca    0000002e     grlib.lib : string.obj (.text:GrStringNextCharGet)
                  00009ef8    0000002e     rtsv7M4_T_le_v4SPD16_eabi.lib : i_tofd_t2.obj (.text)
                  00009f26    0000002c     grlib.lib : string.obj (.text:GrFontBaselineGet)
                  00009f52    00000002     --HOLE-- [fill = 0]
                  00009f54    0000002c     driverlib.lib : hibernate.obj (.text:HibernateRTCSet)
                  00009f80    0000002a                   : gpio.obj (.text:GPIODirModeSet)
                  00009faa    0000002a     rtsv7M4_T_le_v4SPD16_eabi.lib : strspn.obj (.text)
                  00009fd4    00000028     driverlib.lib : hibernate.obj (.text:HibernateDataSet)
                  00009ffc    00000026     grlib.lib : string.obj (.text:GrFontInfoGet)
                  0000a022    00000002     --HOLE-- [fill = 0]
                  0000a024    00000024     driverlib.lib : hibernate.obj (.text:HibernateDataGet)
                  0000a048    00000024     rtsv7M4_T_le_v4SPD16_eabi.lib : strcspn.obj (.text)
                  0000a06c    00000022     grlib.lib : string.obj (.text:GrFontGlyphDataGet)
                  0000a08e    0000001e     driverlib.lib : adc.obj (.text:ADCSequenceDataGet)
                  0000a0ac    0000001e     grlib.lib : string.obj (.text:GrFontCodepageGet)
                  0000a0ca    0000001e     rtsv7M4_T_le_v4SPD16_eabi.lib : strcat.obj (.text)
                  0000a0e8    0000001c                                   : memccpy.obj (.text)
                  0000a104    00000018     driverlib.lib : adc.obj (.text:ADCProcessorTrigger)
                  0000a11c    00000018                   : hibernate.obj (.text:HibernateIntStatus)
                  0000a134    00000018     rtsv7M4_T_le_v4SPD16_eabi.lib : args_main.obj (.text)
                  0000a14c    00000018                                   : strcmp.obj (.text)
                  0000a164    00000016     grlib.lib : string.obj (.text:GrStringDraw)
                  0000a17a    00000016     rtsv7M4_T_le_v4SPD16_eabi.lib : strchr.obj (.text)
                  0000a190    00000014     driverlib.lib : hibernate.obj (.text:HibernateEnableExpClk)
                  0000a1a4    00000014                   : hibernate.obj (.text:HibernateIntClear)
                  0000a1b8    00000014                   : hibernate.obj (.text:HibernateRTCEnable)
                  0000a1cc    00000014                   : hibernate.obj (.text:HibernateRequest)
                  0000a1e0    00000014     rtsv7M4_T_le_v4SPD16_eabi.lib : _lock.obj (.text)
                  0000a1f4    00000014                                   : s_copysign.obj (.text)
                  0000a208    00000014                                   : strcpy.obj (.text)
                  0000a21c    00000014                                   : strlen.obj (.text)
                  0000a230    00000012     driverlib.lib : gpio.obj (.text:GPIOPinTypeADC)
                  0000a242    00000012                   : timer.obj (.text:TimerLoadSet)
                  0000a254    00000010                   : hibernate.obj (.text:HibernateRTCMatchSet)
                  0000a264    00000010                   : hibernate.obj (.text:HibernateRTCSSGet)
                  0000a274    00000010                   : hibernate.obj (.text:HibernateRTCTrimSet)
                  0000a284    00000010                   : hibernate.obj (.text:_HibernateWriteComplete)
                  0000a294    0000000e                   : adc.obj (.text:ADCSequenceEnable)
                  0000a2a2    0000000e                   : timer.obj (.text:TimerEnable)
                  0000a2b0    0000000e     rtsv7M4_T_le_v4SPD16_eabi.lib : copy_decompress_none.obj (.text:decompress:none)
                  0000a2be    00000002     --HOLE-- [fill = 0]
                  0000a2c0    0000000c     driverlib.lib : hibernate.obj (.text:HibernateRTCGet)
                  0000a2cc    0000000c     rtsv7M4_T_le_v4SPD16_eabi.lib : copy_zero_init.obj (.text:decompress:ZI)
                  0000a2d8    0000000c     tm4c123gh6pge_startup_ccs.obj (.text)
                  0000a2e4    0000000a     driverlib.lib : adc.obj (.text:ADCIntClear)
                  0000a2ee    00000008                   : sw_crc.obj (.text:Crc16Array)
                  0000a2f6    00000008     grlib.lib : charmap.obj (.text:GrMapISO8859_1_Unicode)
                  0000a2fe    00000008     driverlib.lib : timer.obj (.text:TimerIntEnable)
                  0000a306    00000006     grlib.lib : string.obj (.text:GrContextFontSet)
                  0000a30c    00000006     driverlib.lib : sysctl.obj (.text:SysCtlDelay)
                  0000a312    00000006                   : timer.obj (.text:TimerClockSourceSet)
                  0000a318    00000004                   : timer.obj (.text:TimerIntClear)
                  0000a31c    00000004     rtsv7M4_T_le_v4SPD16_eabi.lib : pre_init.obj (.text)

.const     0    0000a320    00008304     
                  0000a320    00007378     cc932.obj (.const:uni2sjis)
                  00011698    000002f8     grlib.lib : fontfixed6x8.obj (.const:.string:g_pui8FontFixed6x8Data)
                  00011990    000002ae     sd_card.obj (.const:.string)
                  00011c3e    00000200     driverlib.lib : sw_crc.obj (.const:g_pui16Crc16)
                  00011e3e    000001e0     cc932.obj (.const:tbl_lower$1)
                  0001201e    000001e0     cc932.obj (.const:tbl_upper$2)
                  000121fe    00000101     rtsv7M4_T_le_v4SPD16_eabi.lib : ctype.obj (.const:.string:_ctypes_)
                  000122ff    00000001     --HOLE-- [fill = 0]
                  00012300    000000c8     grlib.lib : fontfixed6x8.obj (.const:g_sFontFixed6x8)
                  000123c8    00000090     driverlib.lib : gpio.obj (.const:g_pui32GPIOBaseAddrs)
                  00012458    00000070                   : interrupt.obj (.const)
                  000124c8    0000006c                   : sysctl.obj (.const:g_pui32Xtals)
                  00012534    00000030     ustdlib.obj (.const:g_psDaysToMonth)
                  00012564    00000028     cfal96x64x16.obj (.const:g_sCFAL96x64x16)
                  0001258c    00000018     ustdlib.obj (.const:g_pfExponents)
                  000125a4    00000012     FP_acquire.obj (.const:.string)
                  000125b6    00000002     --HOLE-- [fill = 0]
                  000125b8    00000012     uartstdio.obj (.const:.string)
                  000125ca    00000002     --HOLE-- [fill = 0]
                  000125cc    00000012     ustdlib.obj (.const:.string)
                  000125de    00000002     --HOLE-- [fill = 0]
                  000125e0    00000010     grlib.lib : context.obj (.const)
                  000125f0    0000000d     ff.obj (.const:.string:LfnOfs)
                  000125fd    00000003     --HOLE-- [fill = 0]
                  00012600    0000000c     uartstdio.obj (.const:g_ui32UARTBase)
                  0001260c    0000000c     uartstdio.obj (.const:g_ui32UARTPeriph)
                  00012618    00000004     FP_acquire.obj (.const)
                  0001261c    00000004     uartstdio.obj (.const)
                  00012620    00000004     ustdlib.obj (.const)

.cinit     0    00012628    00000168     
                  00012628    0000012d     (.cinit..data.load) [load image, compression = lzss]
                  00012755    00000003     --HOLE-- [fill = 0]
                  00012758    0000000c     (__TI_handler_table)
                  00012764    00000004     --HOLE-- [fill = 0]
                  00012768    00000008     (.cinit..bss.load) [load image, compression = zero_init]
                  00012770    00000008     (.cinit..vtable.load) [load image, compression = zero_init]
                  00012778    00000018     (__TI_cinit_table)

.init_array 
*          0    00000000    00000000     UNINITIALIZED

.vtable    0    20000000    0000026c     UNINITIALIZED
                  20000000    0000026c     driverlib.lib : interrupt.obj (.vtable)

.bss       0    2000026c    00000c22     UNINITIALIZED
                  2000026c    00000234     sd_card.obj (.bss:g_sFatFs)
                  200004a0    00000234     (.common:g_sFatFs)
                  200006d4    00000224     sd_card.obj (.bss:g_sFileObject)
                  200008f8    00000224     (.common:logFile)
                  20000b1c    00000200     ff.obj (.bss:LfnBuf)
                  20000d1c    00000050     sd_card.obj (.bss:g_pcTmpBuf)
                  20000d6c    00000040     sd_card.obj (.bss:g_pcCmdBuf)
                  20000dac    00000040     (.common:ConfigState)
                  20000dec    0000002c     (.common:g_sContext)
                  20000e18    00000024     cmdline.obj (.bss:g_ppcArgv)
                  20000e3c    00000024     sd_card.obj (.bss:g_sDirObject)
                  20000e60    00000020     sd_card.obj (.bss:g_sFileInfo)
                  20000e80    00000004     ff.obj (.bss:FatFs)
                  20000e84    00000004     (.common:g_psGrLibDefaults)
                  20000e88    00000003     mmc-dk-tm4c123g.obj (.bss)
                  20000e8b    00000001     --HOLE--
                  20000e8c    00000002     ff.obj (.bss)

.stack     0    20000e90    00000200     UNINITIALIZED
                  20000e90    00000200     --HOLE--

.data      0    20001090    000001dc     UNINITIALIZED
                  20001090    000000a8     sd_card.obj (.data:g_psCmdTable)
                  20001138    000000a0     sd_card.obj (.data:g_psFResultStrings)
                  200011d8    00000050     sd_card.obj (.data:g_pcCwdBuf)
                  20001228    00000013     cfal96x64x16.obj (.data:g_ui8DisplayInitCommands)
                  2000123b    00000001     --HOLE--
                  2000123c    0000000c     rtsv7M4_T_le_v4SPD16_eabi.lib : exit.obj (.data:$O1$$)
                  20001248    00000008                                   : _lock.obj (.data:$O1$$)
                  20001250    00000005     uartstdio.obj (.data)
                  20001255    00000002     mmc-dk-tm4c123g.obj (.data)
                  20001257    00000001     --HOLE--
                  20001258    00000004     FP_acquire.obj (.data)
                  2000125c    00000004     rtsv7M4_T_le_v4SPD16_eabi.lib : errno.obj (.data)
                  20001260    00000004                                   : stkdepth_vars.obj (.data)
                  20001264    00000004                                   : strtok.obj (.data)
                  20001268    00000004     ustdlib.obj (.data)

MODULE SUMMARY

       Module                          code    ro data   rw data
       ------                          ----    -------   -------
    .\
       sd_card.obj                     2552    686       1732   
       FP_acquire.obj                  2052    22        1180   
       Main.obj                        904     0         44     
       tm4c123gh6pge_startup_ccs.obj   12      620       0      
    +--+-------------------------------+-------+---------+---------+
       Total:                          5520    1328      2956   
                                                                
    .\drivers\
       cfal96x64x16.obj                1660    40        19     
    +--+-------------------------------+-------+---------+---------+
       Total:                          1660    40        19     
                                                                
    .\third_party\fatfs\port\
       mmc-dk-tm4c123g.obj             2504    0         5      
    +--+-------------------------------+-------+---------+---------+
       Total:                          2504    0         5      
                                                                
    .\third_party\fatfs\src\
       ff.obj                          14434   13        518    
    +--+-------------------------------+-------+---------+---------+
       Total:                          14434   13        518    
                                                                
    .\third_party\fatfs\src\option\
       cc932.obj                       296     30520     0      
    +--+-------------------------------+-------+---------+---------+
       Total:                          296     30520     0      
                                                                
    .\utils\
       ustdlib.obj                     3204    94        4      
       uartstdio.obj                   1244    46        5      
       cmdline.obj                     172     0         36     
    +--+-------------------------------+-------+---------+---------+
       Total:                          4620    140       45     
                                                                
    C:/ti/TivaWare_C_Series-2.1.3.156/driverlib/ccs/Debug/driverlib.lib
       interrupt.obj                   260     112       620    
       sw_crc.obj                      212     512       0      
       sysctl.obj                      574     108       0      
       gpio.obj                        438     144       0      
       hibernate.obj                   400     0         0      
       adc.obj                         334     0         0      
       timer.obj                       146     0         0      
    +--+-------------------------------+-------+---------+---------+
       Total:                          2364    876       620    
                                                                
    C:/ti/TivaWare_C_Series-2.1.3.156/grlib/ccs/Debug/grlib.lib
       string.obj                      1334    0         0      
       fontfixed6x8.obj                0       960       0      
       rectangle.obj                   134     0         0      
       context.obj                     104     16        4      
       charmap.obj                     8       0         0      
    +--+-------------------------------+-------+---------+---------+
       Total:                          1580    976       4      
                                                                
    C:\ti\ccsv7\tools\compiler\ti-cgt-arm_16.9.4.LTS\lib\rtsv7M4_T_le_v4SPD16_eabi.lib
       _printfi.obj                    4414    0         0      
       ull_div_t2.obj                  500     0         0      
       fd_add_t2.obj                   438     0         0      
       fd_div_t2.obj                   310     0         0      
       fd_cmp_t2.obj                   268     0         0      
       ctype.obj                       0       257       0      
       fd_mul_t2.obj                   252     0         0      
       s_scalbn.obj                    252     0         0      
       memcpy_t2.obj                   156     0         0      
       memset_t2.obj                   122     0         0      
       autoinit.obj                    112     0         0      
       copy_decompress_lzss.obj        104     0         0      
       s_frexp.obj                     100     0         0      
       exit.obj                        84      0         12     
       sprintf.obj                     96      0         0      
       boot.obj                        84      0         0      
       ltoa.obj                        84      0         0      
       atoi.obj                        76      0         0      
       cpy_tbl.obj                     76      0         0      
       fd_toi_t2.obj                   72      0         0      
       strtok.obj                      64      0         4      
       u_divt2.obj                     64      0         0      
       strncpy.obj                     54      0         0      
       i_tofd_t2.obj                   46      0         0      
       strspn.obj                      42      0         0      
       strcspn.obj                     36      0         0      
       strcat.obj                      30      0         0      
       _lock.obj                       20      0         8      
       memccpy.obj                     28      0         0      
       args_main.obj                   24      0         0      
       strcmp.obj                      24      0         0      
       strchr.obj                      22      0         0      
       s_copysign.obj                  20      0         0      
       strcpy.obj                      20      0         0      
       strlen.obj                      20      0         0      
       copy_decompress_none.obj        14      0         0      
       copy_zero_init.obj              12      0         0      
       errno.obj                       0       0         4      
       pre_init.obj                    4       0         0      
       stkdepth_vars.obj               0       0         4      
       i_div0.obj                      2       0         0      
       mpu_init.obj                    2       0         0      
       startup.obj                     2       0         0      
    +--+-------------------------------+-------+---------+---------+
       Total:                          8150    257       32     
                                                                
       Stack:                          0       0         512    
       Linker Generated:               0       353       0      
    +--+-------------------------------+-------+---------+---------+
       Grand Total:                    41128   34503     4711   


LINKER GENERATED COPY TABLES

__TI_cinit_table @ 00012778 records: 3, size/record: 8, table size: 24
	.data: load addr=00012628, load size=0000012d bytes, run addr=20001090, run size=000001dc bytes, compression=lzss
	.bss: load addr=00012768, load size=00000008 bytes, run addr=2000026c, run size=00000c22 bytes, compression=zero_init
	.vtable: load addr=00012770, load size=00000008 bytes, run addr=20000000, run size=0000026c bytes, compression=zero_init


LINKER GENERATED HANDLER TABLE

__TI_handler_table @ 00012758 records: 3, size/record: 4, table size: 12
	index: 0, handler: __TI_zero_init
	index: 1, handler: __TI_decompress_lzss
	index: 2, handler: __TI_decompress_none


GLOBAL SYMBOLS: SORTED ALPHABETICALLY BY Name 

address   name                           
-------   ----                           
0000a2e5  ADCIntClear                    
00009e9d  ADCIntStatus                   
0000a105  ADCProcessorTrigger            
00009a7d  ADCSequenceConfigure           
0000a08f  ADCSequenceDataGet             
0000a295  ADCSequenceEnable              
0000952b  ADCSequenceStepConfigure       
0000721b  ADCSetup                       
00006f81  AcquireSetup                   
00008017  BrdConnConfigDisplay           
00009b29  C$$EXIT                        
0000791b  CFAL96x64x16Init               
00009251  CmdLineProcess                 
00005b75  Cmd_cat                        
00005a49  Cmd_cd                         
00005cf1  Cmd_date                       
00005c19  Cmd_help                       
00005ebf  Cmd_log                        
00005ec5  Cmd_log_config                 
00005f81  Cmd_log_dir                    
000058db  Cmd_ls                         
00005b39  Cmd_pwd                        
00005df5  Cmd_time                       
20000dac  ConfigState                    
000090c5  Crc16                          
0000a2ef  Crc16Array                     
00009f81  GPIODirModeSet                 
00008a6d  GPIOPadConfigSet               
00009cb5  GPIOPinConfigure               
0000a231  GPIOPinTypeADC                 
00007297  GetHibData                     
0000a307  GrContextFontSet               
00009691  GrContextInit                  
00009191  GrDefaultStringRenderer        
00009f27  GrFontBaselineGet              
0000a0ad  GrFontCodepageGet              
0000a06d  GrFontGlyphDataGet             
00008339  GrFontGlyphRender              
00009ffd  GrFontInfoGet                  
0000a2f7  GrMapISO8859_1_Unicode         
00009399  GrRectFill                     
0000a165  GrStringDraw                   
00009ecb  GrStringNextCharGet            
000096f9  GrStringWidthGet               
0000a025  HibernateDataGet               
00009fd5  HibernateDataSet               
0000a191  HibernateEnableExpClk          
0000a1a5  HibernateIntClear              
0000a11d  HibernateIntStatus             
0000a1b9  HibernateRTCEnable             
0000a2c1  HibernateRTCGet                
0000a255  HibernateRTCMatchSet           
0000a265  HibernateRTCSSGet              
00009f55  HibernateRTCSet                
0000a275  HibernateRTCTrimSet            
0000a1cd  HibernateRequest               
00009899  HibernateWakeSet               
00007fb1  InitConsole                    
00009761  IntDisable                     
000097c9  IntEnable                      
00009e35  IntRegister                    
0000719d  LogDirectorySet                
00006d4b  RTCHandler                     
000071ab  RTCMatchGenerate               
00008005  RTCSetup                       
0000a2d9  ResetISR                       
UNDEFED   SHT$$INIT_ARRAY$$Base          
UNDEFED   SHT$$INIT_ARRAY$$Limit         
00006107  SerialUI                       
00007321  SetHibData                     
00007205  StartLogging                   
00005895  StringFromFResult              
00008cc9  SysCtlClockGet                 
00008fd1  SysCtlClockSet                 
0000a30d  SysCtlDelay                    
00009e69  SysCtlPeripheralEnable         
000058d3  SysTickHandler                 
00006cdf  Timer0Handler                  
0000a313  TimerClockSourceSet            
00009961  TimerConfigure                 
0000a2a3  TimerEnable                    
0000a319  TimerIntClear                  
0000a2ff  TimerIntEnable                 
0000a243  TimerLoadSet                   
00007ad5  UARTStdioConfig                
00007c4d  UARTgetc                       
00007b87  UARTgets                       
00007f7b  UARTprintf                     
00007c81  UARTvprintf                    
00007b35  UARTwrite                      
20001090  __STACK_END                    
00000200  __STACK_SIZE                   
20001090  __STACK_TOP                    
00012778  __TI_CINIT_Base                
00012790  __TI_CINIT_Limit               
00012758  __TI_Handler_Table_Base        
00012764  __TI_Handler_Table_Limit       
00009621  __TI_auto_init                 
2000123c  __TI_cleanup_ptr               
00009831  __TI_decompress_lzss           
0000a2b1  __TI_decompress_none           
20001240  __TI_dtors_ptr                 
20001244  __TI_enable_exit_profile_output
ffffffff  __TI_pprof_out_hndl            
00004315  __TI_printfi                   
ffffffff  __TI_prof_data_size            
ffffffff  __TI_prof_data_start           
00000000  __TI_static_base__             
0000a2cd  __TI_zero_init                 
0000941f  __aeabi_cdcmpeq                
0000941f  __aeabi_cdcmple                
000094a5  __aeabi_cdrcmple               
00009cfd  __aeabi_d2iz                   
0000878b  __aeabi_dadd                   
00008937  __aeabi_ddiv                   
00008dd9  __aeabi_dmul                   
00008781  __aeabi_dsub                   
00009ef9  __aeabi_i2d                    
00003acf  __aeabi_idiv0                  
000095a5  __aeabi_memclr                 
000095a5  __aeabi_memclr4                
000095a5  __aeabi_memclr8                
000092fd  __aeabi_memcpy                 
000092fd  __aeabi_memcpy4                
000092fd  __aeabi_memcpy8                
000095a7  __aeabi_memset                 
000095a7  __aeabi_memset4                
000095a7  __aeabi_memset8                
00009d85  __aeabi_uidiv                  
00009d85  __aeabi_uidivmod               
0000858d  __aeabi_uldivmod               
ffffffff  __binit__                      
ffffffff  __c_args__                     
00004c0f  __mpu_init                     
20000e90  __stack                        
0000a135  _args_main                     
00009ad5  _c_int00                       
000121fe  _ctypes_                       
20001248  _lock                          
0000a1ef  _nop                           
0000a1e7  _register_lock                 
0000a1e1  _register_unlock               
00008b9f  _system_post_cinit             
0000a31d  _system_pre_init               
2000124c  _unlock                        
00009b2d  abort                          
00009bd1  atoi                           
ffffffff  binit                          
00000505  clust2sect                     
00009c1d  copy_in                        
0000a1f5  copysign                       
0000a1f5  copysignl                      
000066a9  disk_initialize                
000069f9  disk_ioctl                     
00006867  disk_read                      
0000684d  disk_status                    
00006bfb  disk_timerproc                 
00006911  disk_write                     
2000125c  errno                          
00009b35  exit                           
00003391  f_chmod                        
00002a39  f_close                        
00002e45  f_getfree                      
00003609  f_gets                         
00002a59  f_lseek                        
000031a1  f_mkdir                        
000021d3  f_mount                        
00002229  f_open                         
00002ca7  f_opendir                      
000036e7  f_printf                       
00003675  f_putc                         
000036ad  f_puts                         
00002445  f_read                         
00002d5d  f_readdir                      
000034ad  f_rename                       
00002ded  f_stat                         
0000293d  f_sync                         
00002fa7  f_truncate                     
0000309b  f_unlink                       
00003425  f_utime                        
00002699  f_write                        
00008ba1  ff_convert                     
00008c6f  ff_wtoupper                    
000098fd  frexp                          
000098fd  frexpl                         
20000000  g_pfnRAMVectors                
00000000  g_pfnVectors                   
20001090  g_psCmdTable                   
000125e0  g_psDefaultCodePointMapTable   
20001138  g_psFResultStrings             
00012564  g_sCFAL96x64x16                
20000dec  g_sContext                     
200004a0  g_sFatFs                       
00012300  g_sFontFixed6x8                
00000f39  gen_numname                    
00000535  get_fat                        
00006c3f  get_fattime                    
00006c55  itoc                           
00008ed5  ldexp                          
00008ed5  ldexpl                         
200008f8  logFile                        
00009b7d  ltoa                           
00008219  main                           
20001260  main_func_sp                   
0000a0e9  memccpy                        
000092fd  memcpy                         
000095ad  memset                         
00000659  put_fat                        
00008ed5  scalbn                         
00008ed5  scalbnl                        
000099c1  sprintf                        
0000a0cb  strcat                         
0000a17b  strchr                         
0000a14d  strcmp                         
0000a209  strcpy                         
0000a049  strcspn                        
0000a21d  strlen                         
00009dff  strncpy                        
00009fab  strspn                         
00009d45  strtok                         
000050f5  ulocaltime                     
000052f3  umktime                        
0000586d  urand                          
000050c5  usnprintf                      
00005093  usprintf                       
0000585d  usrand                         
000057d5  ustrcasecmp                    
00005849  ustrcmp                        
000056d9  ustrlen                        
00005731  ustrncasecmp                   
000057e9  ustrncmp                       
00004c11  ustrncpy                       
000056fb  ustrstr                        
000054a1  ustrtof                        
00005369  ustrtoul                       
00004c69  uvsnprintf                     


GLOBAL SYMBOLS: SORTED BY Symbol Address 

address   name                           
-------   ----                           
00000000  __TI_static_base__             
00000000  g_pfnVectors                   
00000200  __STACK_SIZE                   
00000505  clust2sect                     
00000535  get_fat                        
00000659  put_fat                        
00000f39  gen_numname                    
000021d3  f_mount                        
00002229  f_open                         
00002445  f_read                         
00002699  f_write                        
0000293d  f_sync                         
00002a39  f_close                        
00002a59  f_lseek                        
00002ca7  f_opendir                      
00002d5d  f_readdir                      
00002ded  f_stat                         
00002e45  f_getfree                      
00002fa7  f_truncate                     
0000309b  f_unlink                       
000031a1  f_mkdir                        
00003391  f_chmod                        
00003425  f_utime                        
000034ad  f_rename                       
00003609  f_gets                         
00003675  f_putc                         
000036ad  f_puts                         
000036e7  f_printf                       
00003acf  __aeabi_idiv0                  
00004315  __TI_printfi                   
00004c0f  __mpu_init                     
00004c11  ustrncpy                       
00004c69  uvsnprintf                     
00005093  usprintf                       
000050c5  usnprintf                      
000050f5  ulocaltime                     
000052f3  umktime                        
00005369  ustrtoul                       
000054a1  ustrtof                        
000056d9  ustrlen                        
000056fb  ustrstr                        
00005731  ustrncasecmp                   
000057d5  ustrcasecmp                    
000057e9  ustrncmp                       
00005849  ustrcmp                        
0000585d  usrand                         
0000586d  urand                          
00005895  StringFromFResult              
000058d3  SysTickHandler                 
000058db  Cmd_ls                         
00005a49  Cmd_cd                         
00005b39  Cmd_pwd                        
00005b75  Cmd_cat                        
00005c19  Cmd_help                       
00005cf1  Cmd_date                       
00005df5  Cmd_time                       
00005ebf  Cmd_log                        
00005ec5  Cmd_log_config                 
00005f81  Cmd_log_dir                    
00006107  SerialUI                       
000066a9  disk_initialize                
0000684d  disk_status                    
00006867  disk_read                      
00006911  disk_write                     
000069f9  disk_ioctl                     
00006bfb  disk_timerproc                 
00006c3f  get_fattime                    
00006c55  itoc                           
00006cdf  Timer0Handler                  
00006d4b  RTCHandler                     
00006f81  AcquireSetup                   
0000719d  LogDirectorySet                
000071ab  RTCMatchGenerate               
00007205  StartLogging                   
0000721b  ADCSetup                       
00007297  GetHibData                     
00007321  SetHibData                     
0000791b  CFAL96x64x16Init               
00007ad5  UARTStdioConfig                
00007b35  UARTwrite                      
00007b87  UARTgets                       
00007c4d  UARTgetc                       
00007c81  UARTvprintf                    
00007f7b  UARTprintf                     
00007fb1  InitConsole                    
00008005  RTCSetup                       
00008017  BrdConnConfigDisplay           
00008219  main                           
00008339  GrFontGlyphRender              
0000858d  __aeabi_uldivmod               
00008781  __aeabi_dsub                   
0000878b  __aeabi_dadd                   
00008937  __aeabi_ddiv                   
00008a6d  GPIOPadConfigSet               
00008b9f  _system_post_cinit             
00008ba1  ff_convert                     
00008c6f  ff_wtoupper                    
00008cc9  SysCtlClockGet                 
00008dd9  __aeabi_dmul                   
00008ed5  ldexp                          
00008ed5  ldexpl                         
00008ed5  scalbn                         
00008ed5  scalbnl                        
00008fd1  SysCtlClockSet                 
000090c5  Crc16                          
00009191  GrDefaultStringRenderer        
00009251  CmdLineProcess                 
000092fd  __aeabi_memcpy                 
000092fd  __aeabi_memcpy4                
000092fd  __aeabi_memcpy8                
000092fd  memcpy                         
00009399  GrRectFill                     
0000941f  __aeabi_cdcmpeq                
0000941f  __aeabi_cdcmple                
000094a5  __aeabi_cdrcmple               
0000952b  ADCSequenceStepConfigure       
000095a5  __aeabi_memclr                 
000095a5  __aeabi_memclr4                
000095a5  __aeabi_memclr8                
000095a7  __aeabi_memset                 
000095a7  __aeabi_memset4                
000095a7  __aeabi_memset8                
000095ad  memset                         
00009621  __TI_auto_init                 
00009691  GrContextInit                  
000096f9  GrStringWidthGet               
00009761  IntDisable                     
000097c9  IntEnable                      
00009831  __TI_decompress_lzss           
00009899  HibernateWakeSet               
000098fd  frexp                          
000098fd  frexpl                         
00009961  TimerConfigure                 
000099c1  sprintf                        
00009a7d  ADCSequenceConfigure           
00009ad5  _c_int00                       
00009b29  C$$EXIT                        
00009b2d  abort                          
00009b35  exit                           
00009b7d  ltoa                           
00009bd1  atoi                           
00009c1d  copy_in                        
00009cb5  GPIOPinConfigure               
00009cfd  __aeabi_d2iz                   
00009d45  strtok                         
00009d85  __aeabi_uidiv                  
00009d85  __aeabi_uidivmod               
00009dff  strncpy                        
00009e35  IntRegister                    
00009e69  SysCtlPeripheralEnable         
00009e9d  ADCIntStatus                   
00009ecb  GrStringNextCharGet            
00009ef9  __aeabi_i2d                    
00009f27  GrFontBaselineGet              
00009f55  HibernateRTCSet                
00009f81  GPIODirModeSet                 
00009fab  strspn                         
00009fd5  HibernateDataSet               
00009ffd  GrFontInfoGet                  
0000a025  HibernateDataGet               
0000a049  strcspn                        
0000a06d  GrFontGlyphDataGet             
0000a08f  ADCSequenceDataGet             
0000a0ad  GrFontCodepageGet              
0000a0cb  strcat                         
0000a0e9  memccpy                        
0000a105  ADCProcessorTrigger            
0000a11d  HibernateIntStatus             
0000a135  _args_main                     
0000a14d  strcmp                         
0000a165  GrStringDraw                   
0000a17b  strchr                         
0000a191  HibernateEnableExpClk          
0000a1a5  HibernateIntClear              
0000a1b9  HibernateRTCEnable             
0000a1cd  HibernateRequest               
0000a1e1  _register_unlock               
0000a1e7  _register_lock                 
0000a1ef  _nop                           
0000a1f5  copysign                       
0000a1f5  copysignl                      
0000a209  strcpy                         
0000a21d  strlen                         
0000a231  GPIOPinTypeADC                 
0000a243  TimerLoadSet                   
0000a255  HibernateRTCMatchSet           
0000a265  HibernateRTCSSGet              
0000a275  HibernateRTCTrimSet            
0000a295  ADCSequenceEnable              
0000a2a3  TimerEnable                    
0000a2b1  __TI_decompress_none           
0000a2c1  HibernateRTCGet                
0000a2cd  __TI_zero_init                 
0000a2d9  ResetISR                       
0000a2e5  ADCIntClear                    
0000a2ef  Crc16Array                     
0000a2f7  GrMapISO8859_1_Unicode         
0000a2ff  TimerIntEnable                 
0000a307  GrContextFontSet               
0000a30d  SysCtlDelay                    
0000a313  TimerClockSourceSet            
0000a319  TimerIntClear                  
0000a31d  _system_pre_init               
000121fe  _ctypes_                       
00012300  g_sFontFixed6x8                
00012564  g_sCFAL96x64x16                
000125e0  g_psDefaultCodePointMapTable   
00012758  __TI_Handler_Table_Base        
00012764  __TI_Handler_Table_Limit       
00012778  __TI_CINIT_Base                
00012790  __TI_CINIT_Limit               
20000000  g_pfnRAMVectors                
200004a0  g_sFatFs                       
200008f8  logFile                        
20000dac  ConfigState                    
20000dec  g_sContext                     
20000e90  __stack                        
20001090  __STACK_END                    
20001090  __STACK_TOP                    
20001090  g_psCmdTable                   
20001138  g_psFResultStrings             
2000123c  __TI_cleanup_ptr               
20001240  __TI_dtors_ptr                 
20001244  __TI_enable_exit_profile_output
20001248  _lock                          
2000124c  _unlock                        
2000125c  errno                          
20001260  main_func_sp                   
ffffffff  __TI_pprof_out_hndl            
ffffffff  __TI_prof_data_size            
ffffffff  __TI_prof_data_start           
ffffffff  __binit__                      
ffffffff  __c_args__                     
ffffffff  binit                          
UNDEFED   SHT$$INIT_ARRAY$$Base          
UNDEFED   SHT$$INIT_ARRAY$$Limit         

[236 symbols]
