******************************************************************************
                  TI ARM Linker PC v16.9.4                     
******************************************************************************
>> Linked Thu Nov 30 14:52:45 2017

OUTPUT FILE NAME:   <Frost_Probe.out>
ENTRY POINT SYMBOL: "_c_int00"  address: 00002755


MEMORY CONFIGURATION

         name            origin    length      used     unused   attr    fill
----------------------  --------  ---------  --------  --------  ----  --------
  FLASH                 00000000   00040000  0000308a  0003cf76  R  X
  SRAM                  20000000   00008000  000004ec  00007b14  RW X


SEGMENT ALLOCATION MAP

run origin  load origin   length   init length attrs members
----------  ----------- ---------- ----------- ----- -------
00000000    00000000    00003090   00003090    r-x
  00000000    00000000    0000026c   0000026c    r-- .intvecs
  0000026c    0000026c    000029da   000029da    r-x .text
  00002c48    00002c48    000003fc   000003fc    r-- .const
  00003048    00003048    00000048   00000048    r-- .cinit
20000000    20000000    000004ec   00000000    rw-
  20000000    20000000    0000026c   00000000    rw- .vtable
  2000026c    2000026c    00000200   00000000    rw- .stack
  2000046c    2000046c    00000054   00000000    rw- .bss
  200004c0    200004c0    0000002c   00000000    rw- .data


SECTION ALLOCATION MAP

 output                                  attributes/
section   page    origin      length       input sections
--------  ----  ----------  ----------   ----------------
.intvecs   0    00000000    0000026c     
                  00000000    0000026c     tm4c123gh6pge_startup_ccs.obj (.intvecs)

.text      0    0000026c    000029da     
                  0000026c    00000c84     ustdlib.obj (.text)
                  00000ef0    000006ec     FP_acquire.obj (.text)
                  000015dc    000004dc     uartstdio.obj (.text)
                  00001ab8    00000268     datetimeset.obj (.text)
                  00001d20    000001dc     Main.obj (.text)
                  00001efc    00000132     driverlib.lib : gpio.obj (.text:GPIOPadConfigSet)
                  0000202e    00000002     rtsv7M4_T_le_v4SPD16_eabi.lib : i_div0.obj (.text)
                  00002030    00000110     driverlib.lib : sysctl.obj (.text:SysCtlClockGet)
                  00002140    000000f4                   : sysctl.obj (.text:SysCtlClockSet)
                  00002234    000000cc                   : sw_crc.obj (.text:Crc16)
                  00002300    0000009c     rtsv7M4_T_le_v4SPD16_eabi.lib : memcpy_t2.obj (.text)
                  0000239c    0000007a     driverlib.lib : adc.obj (.text:ADCSequenceStepConfigure)
                  00002416    0000007a     rtsv7M4_T_le_v4SPD16_eabi.lib : memset_t2.obj (.text)
                  00002490    00000070                                   : autoinit.obj (.text)
                  00002500    00000068     driverlib.lib : interrupt.obj (.text:IntDisable)
                  00002568    00000068                   : interrupt.obj (.text:IntEnable)
                  000025d0    00000068     rtsv7M4_T_le_v4SPD16_eabi.lib : copy_decompress_lzss.obj (.text:decompress:lzss)
                  00002638    00000064     driverlib.lib : hibernate.obj (.text:HibernateWakeSet)
                  0000269c    00000060                   : timer.obj (.text:TimerConfigure)
                  000026fc    00000058                   : adc.obj (.text:ADCSequenceConfigure)
                  00002754    00000054     rtsv7M4_T_le_v4SPD16_eabi.lib : boot.obj (.text)
                  000027a8    00000054                                   : exit.obj (.text)
                  000027fc    0000004c                                   : cpy_tbl.obj (.text)
                  00002848    00000048     driverlib.lib : gpio.obj (.text:GPIOPinConfigure)
                  00002890    00000040     rtsv7M4_T_le_v4SPD16_eabi.lib : strtok.obj (.text)
                  000028d0    00000040                                   : u_divt2.obj (.text)
                  00002910    00000034     driverlib.lib : interrupt.obj (.text:IntRegister)
                  00002944    00000034                   : sysctl.obj (.text:SysCtlPeripheralEnable)
                  00002978    0000002e                   : adc.obj (.text:ADCIntStatus)
                  000029a6    00000002     rtsv7M4_T_le_v4SPD16_eabi.lib : mpu_init.obj (.text)
                  000029a8    0000002c     driverlib.lib : hibernate.obj (.text:HibernateRTCSet)
                  000029d4    0000002a                   : gpio.obj (.text:GPIODirModeSet)
                  000029fe    0000002a     rtsv7M4_T_le_v4SPD16_eabi.lib : strspn.obj (.text)
                  00002a28    00000028     driverlib.lib : hibernate.obj (.text:HibernateDataSet)
                  00002a50    00000024                   : hibernate.obj (.text:HibernateDataGet)
                  00002a74    00000024     rtsv7M4_T_le_v4SPD16_eabi.lib : strcspn.obj (.text)
                  00002a98    0000001e     driverlib.lib : adc.obj (.text:ADCSequenceDataGet)
                  00002ab6    00000018                   : adc.obj (.text:ADCProcessorTrigger)
                  00002ace    00000002     rtsv7M4_T_le_v4SPD16_eabi.lib : startup.obj (.text)
                  00002ad0    00000018     driverlib.lib : hibernate.obj (.text:HibernateIntStatus)
                  00002ae8    00000018     rtsv7M4_T_le_v4SPD16_eabi.lib : args_main.obj (.text)
                  00002b00    00000014     driverlib.lib : hibernate.obj (.text:HibernateEnableExpClk)
                  00002b14    00000014                   : hibernate.obj (.text:HibernateIntClear)
                  00002b28    00000014                   : hibernate.obj (.text:HibernateRTCEnable)
                  00002b3c    00000014                   : hibernate.obj (.text:HibernateRequest)
                  00002b50    00000014     rtsv7M4_T_le_v4SPD16_eabi.lib : _lock.obj (.text)
                  00002b64    00000012     driverlib.lib : gpio.obj (.text:GPIOPinTypeADC)
                  00002b76    00000012                   : timer.obj (.text:TimerLoadSet)
                  00002b88    00000010                   : hibernate.obj (.text:HibernateRTCMatchSet)
                  00002b98    00000010                   : hibernate.obj (.text:HibernateRTCSSGet)
                  00002ba8    00000010                   : hibernate.obj (.text:HibernateRTCTrimSet)
                  00002bb8    00000010                   : hibernate.obj (.text:_HibernateWriteComplete)
                  00002bc8    0000000e                   : adc.obj (.text:ADCSequenceEnable)
                  00002bd6    0000000e                   : timer.obj (.text:TimerEnable)
                  00002be4    0000000e     rtsv7M4_T_le_v4SPD16_eabi.lib : copy_decompress_none.obj (.text:decompress:none)
                  00002bf2    00000002     --HOLE-- [fill = 0]
                  00002bf4    0000000c     driverlib.lib : hibernate.obj (.text:HibernateRTCGet)
                  00002c00    0000000c     rtsv7M4_T_le_v4SPD16_eabi.lib : copy_zero_init.obj (.text:decompress:ZI)
                  00002c0c    0000000c     tm4c123gh6pge_startup_ccs.obj (.text)
                  00002c18    0000000a     driverlib.lib : adc.obj (.text:ADCIntClear)
                  00002c22    00000008                   : sw_crc.obj (.text:Crc16Array)
                  00002c2a    00000008                   : timer.obj (.text:TimerIntEnable)
                  00002c32    00000006                   : sysctl.obj (.text:SysCtlDelay)
                  00002c38    00000006                   : timer.obj (.text:TimerClockSourceSet)
                  00002c3e    00000004                   : timer.obj (.text:TimerIntClear)
                  00002c42    00000004     rtsv7M4_T_le_v4SPD16_eabi.lib : pre_init.obj (.text)

.const     0    00002c48    000003fc     
                  00002c48    00000200     driverlib.lib : sw_crc.obj (.const:g_pui16Crc16)
                  00002e48    00000090                   : gpio.obj (.const:g_pui32GPIOBaseAddrs)
                  00002ed8    00000070                   : interrupt.obj (.const)
                  00002f48    0000006c                   : sysctl.obj (.const:g_pui32Xtals)
                  00002fb4    00000030     ustdlib.obj (.const:g_psDaysToMonth)
                  00002fe4    00000018     ustdlib.obj (.const:g_pfExponents)
                  00002ffc    00000012     uartstdio.obj (.const:.string)
                  0000300e    00000002     --HOLE-- [fill = 0]
                  00003010    00000012     ustdlib.obj (.const:.string)
                  00003022    00000002     --HOLE-- [fill = 0]
                  00003024    0000000c     uartstdio.obj (.const:g_ui32UARTBase)
                  00003030    0000000c     uartstdio.obj (.const:g_ui32UARTPeriph)
                  0000303c    00000004     uartstdio.obj (.const)
                  00003040    00000004     ustdlib.obj (.const)

.cinit     0    00003048    00000048     
                  00003048    00000014     (.cinit..data.load) [load image, compression = lzss]
                  0000305c    0000000c     (__TI_handler_table)
                  00003068    00000008     (.cinit..bss.load) [load image, compression = zero_init]
                  00003070    00000008     (.cinit..vtable.load) [load image, compression = zero_init]
                  00003078    00000018     (__TI_cinit_table)

.init_array 
*          0    00000000    00000000     UNINITIALIZED

.vtable    0    20000000    0000026c     UNINITIALIZED
                  20000000    0000026c     driverlib.lib : interrupt.obj (.vtable)

.stack     0    2000026c    00000200     UNINITIALIZED
                  2000026c    00000200     --HOLE--

.bss       0    2000046c    00000054     UNINITIALIZED
                  2000046c    00000030     (.common:ConfigState)
                  2000049c    00000024     (.common:RealTime)

.data      0    200004c0    0000002c     UNINITIALIZED
                  200004c0    0000000c     rtsv7M4_T_le_v4SPD16_eabi.lib : exit.obj (.data:$O1$$)
                  200004cc    00000008                                   : _lock.obj (.data:$O1$$)
                  200004d4    00000005     uartstdio.obj (.data)
                  200004d9    00000003     --HOLE--
                  200004dc    00000004     FP_acquire.obj (.data)
                  200004e0    00000004     rtsv7M4_T_le_v4SPD16_eabi.lib : stkdepth_vars.obj (.data)
                  200004e4    00000004                                   : strtok.obj (.data)
                  200004e8    00000004     ustdlib.obj (.data)

MODULE SUMMARY

       Module                          code    ro data   rw data
       ------                          ----    -------   -------
    .\
       ustdlib.obj                     3204    94        4      
       FP_acquire.obj                  1772    0         52     
       uartstdio.obj                   1244    46        5      
       tm4c123gh6pge_startup_ccs.obj   12      620       0      
       datetimeset.obj                 616     0         0      
       Main.obj                        476     0         36     
    +--+-------------------------------+-------+---------+---------+
       Total:                          7324    760       97     
                                                                
    C:/ti/TivaWare_C_Series-2.1.3.156/driverlib/ccs/Debug/driverlib.lib
       interrupt.obj                   260     112       620    
       sw_crc.obj                      212     512       0      
       sysctl.obj                      574     108       0      
       gpio.obj                        438     144       0      
       hibernate.obj                   400     0         0      
       adc.obj                         334     0         0      
       timer.obj                       146     0         0      
    +--+-------------------------------+-------+---------+---------+
       Total:                          2364    876       620    
                                                                
    C:\ti\ccsv7\tools\compiler\ti-cgt-arm_16.9.4.LTS\lib\rtsv7M4_T_le_v4SPD16_eabi.lib
       memcpy_t2.obj                   156     0         0      
       memset_t2.obj                   122     0         0      
       autoinit.obj                    112     0         0      
       copy_decompress_lzss.obj        104     0         0      
       exit.obj                        84      0         12     
       boot.obj                        84      0         0      
       cpy_tbl.obj                     76      0         0      
       strtok.obj                      64      0         4      
       u_divt2.obj                     64      0         0      
       strspn.obj                      42      0         0      
       strcspn.obj                     36      0         0      
       _lock.obj                       20      0         8      
       args_main.obj                   24      0         0      
       copy_decompress_none.obj        14      0         0      
       copy_zero_init.obj              12      0         0      
       pre_init.obj                    4       0         0      
       stkdepth_vars.obj               0       0         4      
       i_div0.obj                      2       0         0      
       mpu_init.obj                    2       0         0      
       startup.obj                     2       0         0      
    +--+-------------------------------+-------+---------+---------+
       Total:                          1024    0         28     
                                                                
       Stack:                          0       0         512    
       Linker Generated:               0       72        0      
    +--+-------------------------------+-------+---------+---------+
       Grand Total:                    10712   1708      1257   


LINKER GENERATED COPY TABLES

__TI_cinit_table @ 00003078 records: 3, size/record: 8, table size: 24
	.data: load addr=00003048, load size=00000014 bytes, run addr=200004c0, run size=0000002c bytes, compression=lzss
	.bss: load addr=00003068, load size=00000008 bytes, run addr=2000046c, run size=00000054 bytes, compression=zero_init
	.vtable: load addr=00003070, load size=00000008 bytes, run addr=20000000, run size=0000026c bytes, compression=zero_init


LINKER GENERATED HANDLER TABLE

__TI_handler_table @ 0000305c records: 3, size/record: 4, table size: 12
	index: 0, handler: __TI_zero_init
	index: 1, handler: __TI_decompress_lzss
	index: 2, handler: __TI_decompress_none


GLOBAL SYMBOLS: SORTED ALPHABETICALLY BY Name 

address   name                           
-------   ----                           
00002c19  ADCIntClear                    
00002979  ADCIntStatus                   
00002ab7  ADCProcessorTrigger            
000026fd  ADCSequenceConfigure           
00002a99  ADCSequenceDataGet             
00002bc9  ADCSequenceEnable              
0000239d  ADCSequenceStepConfigure       
00001381  ADCSetup                       
000010c1  AcquireSetup                   
000027a9  C$$EXIT                        
2000046c  ConfigState                    
00002235  Crc16                          
00002c23  Crc16Array                     
00001ab9  DateSet                        
000029d5  GPIODirModeSet                 
00001efd  GPIOPadConfigSet               
00002849  GPIOPinConfigure               
00002b65  GPIOPinTypeADC                 
0000144f  GetHibData                     
00002a51  HibernateDataGet               
00002a29  HibernateDataSet               
00002b01  HibernateEnableExpClk          
00002b15  HibernateIntClear              
00002ad1  HibernateIntStatus             
00002b29  HibernateRTCEnable             
00002bf5  HibernateRTCGet                
00002b89  HibernateRTCMatchSet           
00002b99  HibernateRTCSSGet              
000029a9  HibernateRTCSet                
00002ba9  HibernateRTCTrimSet            
00002b3d  HibernateRequest               
00002639  HibernateWakeSet               
00001d21  InitConsole                    
00002501  IntDisable                     
00002569  IntEnable                      
00002911  IntRegister                    
00000f5d  RTCHandler                     
00001311  RTCMatchGenerate               
00001e0d  RTCSetup                       
2000049c  RealTime                       
00002c0d  ResetISR                       
UNDEFED   SHT$$INIT_ARRAY$$Base          
UNDEFED   SHT$$INIT_ARRAY$$Limit         
000014ed  SetHibData                     
0000136b  StartLogging                   
00002031  SysCtlClockGet                 
00002141  SysCtlClockSet                 
00002c33  SysCtlDelay                    
00002945  SysCtlPeripheralEnable         
00001d75  SysTimeSet                     
00001b83  TimeSet                        
00000ef1  Timer0Handler                  
00002c39  TimerClockSourceSet            
0000269d  TimerConfigure                 
00002bd7  TimerEnable                    
00002c3f  TimerIntClear                  
00002c2b  TimerIntEnable                 
00002b77  TimerLoadSet                   
000015dd  UARTStdioConfig                
00001755  UARTgetc                       
0000168f  UARTgets                       
00001a83  UARTprintf                     
00001789  UARTvprintf                    
0000163d  UARTwrite                      
2000046c  __STACK_END                    
00000200  __STACK_SIZE                   
2000046c  __STACK_TOP                    
00003078  __TI_CINIT_Base                
00003090  __TI_CINIT_Limit               
0000305c  __TI_Handler_Table_Base        
00003068  __TI_Handler_Table_Limit       
00002491  __TI_auto_init                 
200004c0  __TI_cleanup_ptr               
000025d1  __TI_decompress_lzss           
00002be5  __TI_decompress_none           
200004c4  __TI_dtors_ptr                 
200004c8  __TI_enable_exit_profile_output
ffffffff  __TI_pprof_out_hndl            
ffffffff  __TI_prof_data_size            
ffffffff  __TI_prof_data_start           
00000000  __TI_static_base__             
00002c01  __TI_zero_init                 
0000202f  __aeabi_idiv0                  
00002417  __aeabi_memclr                 
00002417  __aeabi_memclr4                
00002417  __aeabi_memclr8                
00002301  __aeabi_memcpy                 
00002301  __aeabi_memcpy4                
00002301  __aeabi_memcpy8                
00002419  __aeabi_memset                 
00002419  __aeabi_memset4                
00002419  __aeabi_memset8                
000028d1  __aeabi_uidiv                  
000028d1  __aeabi_uidivmod               
ffffffff  __binit__                      
ffffffff  __c_args__                     
000029a7  __mpu_init                     
2000026c  __stack                        
00002ae9  _args_main                     
00002755  _c_int00                       
200004cc  _lock                          
00002b5f  _nop                           
00002b57  _register_lock                 
00002b51  _register_unlock               
00002acf  _system_post_cinit             
00002c43  _system_pre_init               
200004d0  _unlock                        
000027ad  abort                          
ffffffff  binit                          
000027fd  copy_in                        
000027b5  exit                           
20000000  g_pfnRAMVectors                
00000000  g_pfnVectors                   
00001e1f  main                           
200004e0  main_func_sp                   
00002301  memcpy                         
0000241f  memset                         
00002a75  strcspn                        
000029ff  strspn                         
00002891  strtok                         
00000751  ulocaltime                     
0000094f  umktime                        
00000ec9  urand                          
00000721  usnprintf                      
000006ef  usprintf                       
00000eb9  usrand                         
00000e31  ustrcasecmp                    
00000ea5  ustrcmp                        
00000d35  ustrlen                        
00000d8d  ustrncasecmp                   
00000e45  ustrncmp                       
0000026d  ustrncpy                       
00000d57  ustrstr                        
00000afd  ustrtof                        
000009c5  ustrtoul                       
000002c5  uvsnprintf                     


GLOBAL SYMBOLS: SORTED BY Symbol Address 

address   name                           
-------   ----                           
00000000  __TI_static_base__             
00000000  g_pfnVectors                   
00000200  __STACK_SIZE                   
0000026d  ustrncpy                       
000002c5  uvsnprintf                     
000006ef  usprintf                       
00000721  usnprintf                      
00000751  ulocaltime                     
0000094f  umktime                        
000009c5  ustrtoul                       
00000afd  ustrtof                        
00000d35  ustrlen                        
00000d57  ustrstr                        
00000d8d  ustrncasecmp                   
00000e31  ustrcasecmp                    
00000e45  ustrncmp                       
00000ea5  ustrcmp                        
00000eb9  usrand                         
00000ec9  urand                          
00000ef1  Timer0Handler                  
00000f5d  RTCHandler                     
000010c1  AcquireSetup                   
00001311  RTCMatchGenerate               
0000136b  StartLogging                   
00001381  ADCSetup                       
0000144f  GetHibData                     
000014ed  SetHibData                     
000015dd  UARTStdioConfig                
0000163d  UARTwrite                      
0000168f  UARTgets                       
00001755  UARTgetc                       
00001789  UARTvprintf                    
00001a83  UARTprintf                     
00001ab9  DateSet                        
00001b83  TimeSet                        
00001d21  InitConsole                    
00001d75  SysTimeSet                     
00001e0d  RTCSetup                       
00001e1f  main                           
00001efd  GPIOPadConfigSet               
0000202f  __aeabi_idiv0                  
00002031  SysCtlClockGet                 
00002141  SysCtlClockSet                 
00002235  Crc16                          
00002301  __aeabi_memcpy                 
00002301  __aeabi_memcpy4                
00002301  __aeabi_memcpy8                
00002301  memcpy                         
0000239d  ADCSequenceStepConfigure       
00002417  __aeabi_memclr                 
00002417  __aeabi_memclr4                
00002417  __aeabi_memclr8                
00002419  __aeabi_memset                 
00002419  __aeabi_memset4                
00002419  __aeabi_memset8                
0000241f  memset                         
00002491  __TI_auto_init                 
00002501  IntDisable                     
00002569  IntEnable                      
000025d1  __TI_decompress_lzss           
00002639  HibernateWakeSet               
0000269d  TimerConfigure                 
000026fd  ADCSequenceConfigure           
00002755  _c_int00                       
000027a9  C$$EXIT                        
000027ad  abort                          
000027b5  exit                           
000027fd  copy_in                        
00002849  GPIOPinConfigure               
00002891  strtok                         
000028d1  __aeabi_uidiv                  
000028d1  __aeabi_uidivmod               
00002911  IntRegister                    
00002945  SysCtlPeripheralEnable         
00002979  ADCIntStatus                   
000029a7  __mpu_init                     
000029a9  HibernateRTCSet                
000029d5  GPIODirModeSet                 
000029ff  strspn                         
00002a29  HibernateDataSet               
00002a51  HibernateDataGet               
00002a75  strcspn                        
00002a99  ADCSequenceDataGet             
00002ab7  ADCProcessorTrigger            
00002acf  _system_post_cinit             
00002ad1  HibernateIntStatus             
00002ae9  _args_main                     
00002b01  HibernateEnableExpClk          
00002b15  HibernateIntClear              
00002b29  HibernateRTCEnable             
00002b3d  HibernateRequest               
00002b51  _register_unlock               
00002b57  _register_lock                 
00002b5f  _nop                           
00002b65  GPIOPinTypeADC                 
00002b77  TimerLoadSet                   
00002b89  HibernateRTCMatchSet           
00002b99  HibernateRTCSSGet              
00002ba9  HibernateRTCTrimSet            
00002bc9  ADCSequenceEnable              
00002bd7  TimerEnable                    
00002be5  __TI_decompress_none           
00002bf5  HibernateRTCGet                
00002c01  __TI_zero_init                 
00002c0d  ResetISR                       
00002c19  ADCIntClear                    
00002c23  Crc16Array                     
00002c2b  TimerIntEnable                 
00002c33  SysCtlDelay                    
00002c39  TimerClockSourceSet            
00002c3f  TimerIntClear                  
00002c43  _system_pre_init               
0000305c  __TI_Handler_Table_Base        
00003068  __TI_Handler_Table_Limit       
00003078  __TI_CINIT_Base                
00003090  __TI_CINIT_Limit               
20000000  g_pfnRAMVectors                
2000026c  __stack                        
2000046c  ConfigState                    
2000046c  __STACK_END                    
2000046c  __STACK_TOP                    
2000049c  RealTime                       
200004c0  __TI_cleanup_ptr               
200004c4  __TI_dtors_ptr                 
200004c8  __TI_enable_exit_profile_output
200004cc  _lock                          
200004d0  _unlock                        
200004e0  main_func_sp                   
ffffffff  __TI_pprof_out_hndl            
ffffffff  __TI_prof_data_size            
ffffffff  __TI_prof_data_start           
ffffffff  __binit__                      
ffffffff  __c_args__                     
ffffffff  binit                          
UNDEFED   SHT$$INIT_ARRAY$$Base          
UNDEFED   SHT$$INIT_ARRAY$$Limit         

[136 symbols]
