******************************************************************************
                  TI ARM Linker PC v16.9.4                     
******************************************************************************
>> Linked Mon Dec 04 18:00:05 2017

OUTPUT FILE NAME:   <Frost_Probe.out>
ENTRY POINT SYMBOL: "_c_int00"  address: 00002801


MEMORY CONFIGURATION

         name            origin    length      used     unused   attr    fill
----------------------  --------  ---------  --------  --------  ----  --------
  FLASH                 00000000   00040000  0000314e  0003ceb2  R  X
  SRAM                  20000000   00008000  000004ec  00007b14  RW X


SEGMENT ALLOCATION MAP

run origin  load origin   length   init length attrs members
----------  ----------- ---------- ----------- ----- -------
00000000    00000000    00003150   00003150    r-x
  00000000    00000000    0000026c   0000026c    r-- .intvecs
  0000026c    0000026c    00002a86   00002a86    r-x .text
  00002cf4    00002cf4    00000414   00000414    r-- .const
  00003108    00003108    00000048   00000048    r-- .cinit
20000000    20000000    000004ec   00000000    rw-
  20000000    20000000    0000026c   00000000    rw- .vtable
  2000026c    2000026c    00000200   00000000    rw- .stack
  2000046c    2000046c    00000054   00000000    rw- .bss
  200004c0    200004c0    0000002c   00000000    rw- .data


SECTION ALLOCATION MAP

 output                                  attributes/
section   page    origin      length       input sections
--------  ----  ----------  ----------   ----------------
.intvecs   0    00000000    0000026c     
                  00000000    0000026c     tm4c123gh6pge_startup_ccs.obj (.intvecs)

.text      0    0000026c    00002a86     
                  0000026c    00000c84     ustdlib.obj (.text)
                  00000ef0    00000790     FP_acquire.obj (.text)
                  00001680    000004dc     uartstdio.obj (.text)
                  00001b5c    00000268     datetimeset.obj (.text)
                  00001dc4    000001e4     Main.obj (.text)
                  00001fa8    00000132     driverlib.lib : gpio.obj (.text:GPIOPadConfigSet)
                  000020da    00000002     rtsv7M4_T_le_v4SPD16_eabi.lib : i_div0.obj (.text)
                  000020dc    00000110     driverlib.lib : sysctl.obj (.text:SysCtlClockGet)
                  000021ec    000000f4                   : sysctl.obj (.text:SysCtlClockSet)
                  000022e0    000000cc                   : sw_crc.obj (.text:Crc16)
                  000023ac    0000009c     rtsv7M4_T_le_v4SPD16_eabi.lib : memcpy_t2.obj (.text)
                  00002448    0000007a     driverlib.lib : adc.obj (.text:ADCSequenceStepConfigure)
                  000024c2    0000007a     rtsv7M4_T_le_v4SPD16_eabi.lib : memset_t2.obj (.text)
                  0000253c    00000070                                   : autoinit.obj (.text)
                  000025ac    00000068     driverlib.lib : interrupt.obj (.text:IntDisable)
                  00002614    00000068                   : interrupt.obj (.text:IntEnable)
                  0000267c    00000068     rtsv7M4_T_le_v4SPD16_eabi.lib : copy_decompress_lzss.obj (.text:decompress:lzss)
                  000026e4    00000064     driverlib.lib : hibernate.obj (.text:HibernateWakeSet)
                  00002748    00000060                   : timer.obj (.text:TimerConfigure)
                  000027a8    00000058                   : adc.obj (.text:ADCSequenceConfigure)
                  00002800    00000054     rtsv7M4_T_le_v4SPD16_eabi.lib : boot.obj (.text)
                  00002854    00000054                                   : exit.obj (.text)
                  000028a8    0000004c                                   : cpy_tbl.obj (.text)
                  000028f4    00000048     driverlib.lib : gpio.obj (.text:GPIOPinConfigure)
                  0000293c    00000040     rtsv7M4_T_le_v4SPD16_eabi.lib : strtok.obj (.text)
                  0000297c    00000040                                   : u_divt2.obj (.text)
                  000029bc    00000034     driverlib.lib : interrupt.obj (.text:IntRegister)
                  000029f0    00000034                   : sysctl.obj (.text:SysCtlPeripheralEnable)
                  00002a24    0000002e                   : adc.obj (.text:ADCIntStatus)
                  00002a52    00000002     rtsv7M4_T_le_v4SPD16_eabi.lib : mpu_init.obj (.text)
                  00002a54    0000002c     driverlib.lib : hibernate.obj (.text:HibernateRTCSet)
                  00002a80    0000002a                   : gpio.obj (.text:GPIODirModeSet)
                  00002aaa    0000002a     rtsv7M4_T_le_v4SPD16_eabi.lib : strspn.obj (.text)
                  00002ad4    00000028     driverlib.lib : hibernate.obj (.text:HibernateDataSet)
                  00002afc    00000024                   : hibernate.obj (.text:HibernateDataGet)
                  00002b20    00000024     rtsv7M4_T_le_v4SPD16_eabi.lib : strcspn.obj (.text)
                  00002b44    0000001e     driverlib.lib : adc.obj (.text:ADCSequenceDataGet)
                  00002b62    00000018                   : adc.obj (.text:ADCProcessorTrigger)
                  00002b7a    00000002     rtsv7M4_T_le_v4SPD16_eabi.lib : startup.obj (.text)
                  00002b7c    00000018     driverlib.lib : hibernate.obj (.text:HibernateIntStatus)
                  00002b94    00000018     rtsv7M4_T_le_v4SPD16_eabi.lib : args_main.obj (.text)
                  00002bac    00000014     driverlib.lib : hibernate.obj (.text:HibernateEnableExpClk)
                  00002bc0    00000014                   : hibernate.obj (.text:HibernateIntClear)
                  00002bd4    00000014                   : hibernate.obj (.text:HibernateRTCEnable)
                  00002be8    00000014                   : hibernate.obj (.text:HibernateRequest)
                  00002bfc    00000014     rtsv7M4_T_le_v4SPD16_eabi.lib : _lock.obj (.text)
                  00002c10    00000012     driverlib.lib : gpio.obj (.text:GPIOPinTypeADC)
                  00002c22    00000012                   : timer.obj (.text:TimerLoadSet)
                  00002c34    00000010                   : hibernate.obj (.text:HibernateRTCMatchSet)
                  00002c44    00000010                   : hibernate.obj (.text:HibernateRTCSSGet)
                  00002c54    00000010                   : hibernate.obj (.text:HibernateRTCTrimSet)
                  00002c64    00000010                   : hibernate.obj (.text:_HibernateWriteComplete)
                  00002c74    0000000e                   : adc.obj (.text:ADCSequenceEnable)
                  00002c82    0000000e                   : timer.obj (.text:TimerEnable)
                  00002c90    0000000e     rtsv7M4_T_le_v4SPD16_eabi.lib : copy_decompress_none.obj (.text:decompress:none)
                  00002c9e    00000002     --HOLE-- [fill = 0]
                  00002ca0    0000000c     driverlib.lib : hibernate.obj (.text:HibernateRTCGet)
                  00002cac    0000000c     rtsv7M4_T_le_v4SPD16_eabi.lib : copy_zero_init.obj (.text:decompress:ZI)
                  00002cb8    0000000c     tm4c123gh6pge_startup_ccs.obj (.text)
                  00002cc4    0000000a     driverlib.lib : adc.obj (.text:ADCIntClear)
                  00002cce    00000008                   : sw_crc.obj (.text:Crc16Array)
                  00002cd6    00000008                   : timer.obj (.text:TimerIntEnable)
                  00002cde    00000006                   : sysctl.obj (.text:SysCtlDelay)
                  00002ce4    00000006                   : timer.obj (.text:TimerClockSourceSet)
                  00002cea    00000004                   : timer.obj (.text:TimerIntClear)
                  00002cee    00000004     rtsv7M4_T_le_v4SPD16_eabi.lib : pre_init.obj (.text)

.const     0    00002cf4    00000414     
                  00002cf4    00000200     driverlib.lib : sw_crc.obj (.const:g_pui16Crc16)
                  00002ef4    00000090                   : gpio.obj (.const:g_pui32GPIOBaseAddrs)
                  00002f84    00000070                   : interrupt.obj (.const)
                  00002ff4    0000006c                   : sysctl.obj (.const:g_pui32Xtals)
                  00003060    00000030     ustdlib.obj (.const:g_psDaysToMonth)
                  00003090    00000018     ustdlib.obj (.const:g_pfExponents)
                  000030a8    00000012     FP_acquire.obj (.const:.string)
                  000030ba    00000002     --HOLE-- [fill = 0]
                  000030bc    00000012     uartstdio.obj (.const:.string)
                  000030ce    00000002     --HOLE-- [fill = 0]
                  000030d0    00000012     ustdlib.obj (.const:.string)
                  000030e2    00000002     --HOLE-- [fill = 0]
                  000030e4    0000000c     uartstdio.obj (.const:g_ui32UARTBase)
                  000030f0    0000000c     uartstdio.obj (.const:g_ui32UARTPeriph)
                  000030fc    00000004     FP_acquire.obj (.const)
                  00003100    00000004     uartstdio.obj (.const)
                  00003104    00000004     ustdlib.obj (.const)

.cinit     0    00003108    00000048     
                  00003108    00000014     (.cinit..data.load) [load image, compression = lzss]
                  0000311c    0000000c     (__TI_handler_table)
                  00003128    00000008     (.cinit..bss.load) [load image, compression = zero_init]
                  00003130    00000008     (.cinit..vtable.load) [load image, compression = zero_init]
                  00003138    00000018     (__TI_cinit_table)

.init_array 
*          0    00000000    00000000     UNINITIALIZED

.vtable    0    20000000    0000026c     UNINITIALIZED
                  20000000    0000026c     driverlib.lib : interrupt.obj (.vtable)

.stack     0    2000026c    00000200     UNINITIALIZED
                  2000026c    00000200     --HOLE--

.bss       0    2000046c    00000054     UNINITIALIZED
                  2000046c    00000030     (.common:ConfigState)
                  2000049c    00000024     (.common:RealTime)

.data      0    200004c0    0000002c     UNINITIALIZED
                  200004c0    0000000c     rtsv7M4_T_le_v4SPD16_eabi.lib : exit.obj (.data:$O1$$)
                  200004cc    00000008                                   : _lock.obj (.data:$O1$$)
                  200004d4    00000005     uartstdio.obj (.data)
                  200004d9    00000003     --HOLE--
                  200004dc    00000004     FP_acquire.obj (.data)
                  200004e0    00000004     rtsv7M4_T_le_v4SPD16_eabi.lib : stkdepth_vars.obj (.data)
                  200004e4    00000004                                   : strtok.obj (.data)
                  200004e8    00000004     ustdlib.obj (.data)

MODULE SUMMARY

       Module                          code    ro data   rw data
       ------                          ----    -------   -------
    .\
       ustdlib.obj                     3204    94        4      
       FP_acquire.obj                  1936    22        52     
       uartstdio.obj                   1244    46        5      
       tm4c123gh6pge_startup_ccs.obj   12      620       0      
       datetimeset.obj                 616     0         0      
       Main.obj                        484     0         36     
    +--+-------------------------------+-------+---------+---------+
       Total:                          7496    782       97     
                                                                
    C:/ti/TivaWare_C_Series-2.1.3.156/driverlib/ccs/Debug/driverlib.lib
       interrupt.obj                   260     112       620    
       sw_crc.obj                      212     512       0      
       sysctl.obj                      574     108       0      
       gpio.obj                        438     144       0      
       hibernate.obj                   400     0         0      
       adc.obj                         334     0         0      
       timer.obj                       146     0         0      
    +--+-------------------------------+-------+---------+---------+
       Total:                          2364    876       620    
                                                                
    C:\ti\ccsv7\tools\compiler\ti-cgt-arm_16.9.4.LTS\lib\rtsv7M4_T_le_v4SPD16_eabi.lib
       memcpy_t2.obj                   156     0         0      
       memset_t2.obj                   122     0         0      
       autoinit.obj                    112     0         0      
       copy_decompress_lzss.obj        104     0         0      
       exit.obj                        84      0         12     
       boot.obj                        84      0         0      
       cpy_tbl.obj                     76      0         0      
       strtok.obj                      64      0         4      
       u_divt2.obj                     64      0         0      
       strspn.obj                      42      0         0      
       strcspn.obj                     36      0         0      
       _lock.obj                       20      0         8      
       args_main.obj                   24      0         0      
       copy_decompress_none.obj        14      0         0      
       copy_zero_init.obj              12      0         0      
       pre_init.obj                    4       0         0      
       stkdepth_vars.obj               0       0         4      
       i_div0.obj                      2       0         0      
       mpu_init.obj                    2       0         0      
       startup.obj                     2       0         0      
    +--+-------------------------------+-------+---------+---------+
       Total:                          1024    0         28     
                                                                
       Stack:                          0       0         512    
       Linker Generated:               0       72        0      
    +--+-------------------------------+-------+---------+---------+
       Grand Total:                    10884   1730      1257   


LINKER GENERATED COPY TABLES

__TI_cinit_table @ 00003138 records: 3, size/record: 8, table size: 24
	.data: load addr=00003108, load size=00000014 bytes, run addr=200004c0, run size=0000002c bytes, compression=lzss
	.bss: load addr=00003128, load size=00000008 bytes, run addr=2000046c, run size=00000054 bytes, compression=zero_init
	.vtable: load addr=00003130, load size=00000008 bytes, run addr=20000000, run size=0000026c bytes, compression=zero_init


LINKER GENERATED HANDLER TABLE

__TI_handler_table @ 0000311c records: 3, size/record: 4, table size: 12
	index: 0, handler: __TI_zero_init
	index: 1, handler: __TI_decompress_lzss
	index: 2, handler: __TI_decompress_none


GLOBAL SYMBOLS: SORTED ALPHABETICALLY BY Name 

address   name                           
-------   ----                           
00002cc5  ADCIntClear                    
00002a25  ADCIntStatus                   
00002b63  ADCProcessorTrigger            
000027a9  ADCSequenceConfigure           
00002b45  ADCSequenceDataGet             
00002c75  ADCSequenceEnable              
00002449  ADCSequenceStepConfigure       
00001449  ADCSetup                       
00001191  AcquireSetup                   
00002855  C$$EXIT                        
2000046c  ConfigState                    
000022e1  Crc16                          
00002ccf  Crc16Array                     
00001b5d  DateSet                        
00002a81  GPIODirModeSet                 
00001fa9  GPIOPadConfigSet               
000028f5  GPIOPinConfigure               
00002c11  GPIOPinTypeADC                 
000014f3  GetHibData                     
00002afd  HibernateDataGet               
00002ad5  HibernateDataSet               
00002bad  HibernateEnableExpClk          
00002bc1  HibernateIntClear              
00002b7d  HibernateIntStatus             
00002bd5  HibernateRTCEnable             
00002ca1  HibernateRTCGet                
00002c35  HibernateRTCMatchSet           
00002c45  HibernateRTCSSGet              
00002a55  HibernateRTCSet                
00002c55  HibernateRTCTrimSet            
00002be9  HibernateRequest               
000026e5  HibernateWakeSet               
00001dc5  InitConsole                    
000025ad  IntDisable                     
00002615  IntEnable                      
000029bd  IntRegister                    
00001037  RTCHandler                     
000013d9  RTCMatchGenerate               
00001eb1  RTCSetup                       
2000049c  RealTime                       
00002cb9  ResetISR                       
UNDEFED   SHT$$INIT_ARRAY$$Base          
UNDEFED   SHT$$INIT_ARRAY$$Limit         
00001551  SetHibData                     
00001433  StartLogging                   
000020dd  SysCtlClockGet                 
000021ed  SysCtlClockSet                 
00002cdf  SysCtlDelay                    
000029f1  SysCtlPeripheralEnable         
00001e19  SysTimeSet                     
00001c27  TimeSet                        
00000f7b  Timer0Handler                  
00002ce5  TimerClockSourceSet            
00002749  TimerConfigure                 
00002c83  TimerEnable                    
00002ceb  TimerIntClear                  
00002cd7  TimerIntEnable                 
00002c23  TimerLoadSet                   
00001681  UARTStdioConfig                
000017f9  UARTgetc                       
00001733  UARTgets                       
00001b27  UARTprintf                     
0000182d  UARTvprintf                    
000016e1  UARTwrite                      
2000046c  __STACK_END                    
00000200  __STACK_SIZE                   
2000046c  __STACK_TOP                    
00003138  __TI_CINIT_Base                
00003150  __TI_CINIT_Limit               
0000311c  __TI_Handler_Table_Base        
00003128  __TI_Handler_Table_Limit       
0000253d  __TI_auto_init                 
200004c0  __TI_cleanup_ptr               
0000267d  __TI_decompress_lzss           
00002c91  __TI_decompress_none           
200004c4  __TI_dtors_ptr                 
200004c8  __TI_enable_exit_profile_output
ffffffff  __TI_pprof_out_hndl            
ffffffff  __TI_prof_data_size            
ffffffff  __TI_prof_data_start           
00000000  __TI_static_base__             
00002cad  __TI_zero_init                 
000020db  __aeabi_idiv0                  
000024c3  __aeabi_memclr                 
000024c3  __aeabi_memclr4                
000024c3  __aeabi_memclr8                
000023ad  __aeabi_memcpy                 
000023ad  __aeabi_memcpy4                
000023ad  __aeabi_memcpy8                
000024c5  __aeabi_memset                 
000024c5  __aeabi_memset4                
000024c5  __aeabi_memset8                
0000297d  __aeabi_uidiv                  
0000297d  __aeabi_uidivmod               
ffffffff  __binit__                      
ffffffff  __c_args__                     
00002a53  __mpu_init                     
2000026c  __stack                        
00002b95  _args_main                     
00002801  _c_int00                       
200004cc  _lock                          
00002c0b  _nop                           
00002c03  _register_lock                 
00002bfd  _register_unlock               
00002b7b  _system_post_cinit             
00002cef  _system_pre_init               
200004d0  _unlock                        
00002859  abort                          
ffffffff  binit                          
000028a9  copy_in                        
00002861  exit                           
20000000  g_pfnRAMVectors                
00000000  g_pfnVectors                   
00000ef1  itoc                           
00001ec3  main                           
200004e0  main_func_sp                   
000023ad  memcpy                         
000024cb  memset                         
00002b21  strcspn                        
00002aab  strspn                         
0000293d  strtok                         
00000751  ulocaltime                     
0000094f  umktime                        
00000ec9  urand                          
00000721  usnprintf                      
000006ef  usprintf                       
00000eb9  usrand                         
00000e31  ustrcasecmp                    
00000ea5  ustrcmp                        
00000d35  ustrlen                        
00000d8d  ustrncasecmp                   
00000e45  ustrncmp                       
0000026d  ustrncpy                       
00000d57  ustrstr                        
00000afd  ustrtof                        
000009c5  ustrtoul                       
000002c5  uvsnprintf                     


GLOBAL SYMBOLS: SORTED BY Symbol Address 

address   name                           
-------   ----                           
00000000  __TI_static_base__             
00000000  g_pfnVectors                   
00000200  __STACK_SIZE                   
0000026d  ustrncpy                       
000002c5  uvsnprintf                     
000006ef  usprintf                       
00000721  usnprintf                      
00000751  ulocaltime                     
0000094f  umktime                        
000009c5  ustrtoul                       
00000afd  ustrtof                        
00000d35  ustrlen                        
00000d57  ustrstr                        
00000d8d  ustrncasecmp                   
00000e31  ustrcasecmp                    
00000e45  ustrncmp                       
00000ea5  ustrcmp                        
00000eb9  usrand                         
00000ec9  urand                          
00000ef1  itoc                           
00000f7b  Timer0Handler                  
00001037  RTCHandler                     
00001191  AcquireSetup                   
000013d9  RTCMatchGenerate               
00001433  StartLogging                   
00001449  ADCSetup                       
000014f3  GetHibData                     
00001551  SetHibData                     
00001681  UARTStdioConfig                
000016e1  UARTwrite                      
00001733  UARTgets                       
000017f9  UARTgetc                       
0000182d  UARTvprintf                    
00001b27  UARTprintf                     
00001b5d  DateSet                        
00001c27  TimeSet                        
00001dc5  InitConsole                    
00001e19  SysTimeSet                     
00001eb1  RTCSetup                       
00001ec3  main                           
00001fa9  GPIOPadConfigSet               
000020db  __aeabi_idiv0                  
000020dd  SysCtlClockGet                 
000021ed  SysCtlClockSet                 
000022e1  Crc16                          
000023ad  __aeabi_memcpy                 
000023ad  __aeabi_memcpy4                
000023ad  __aeabi_memcpy8                
000023ad  memcpy                         
00002449  ADCSequenceStepConfigure       
000024c3  __aeabi_memclr                 
000024c3  __aeabi_memclr4                
000024c3  __aeabi_memclr8                
000024c5  __aeabi_memset                 
000024c5  __aeabi_memset4                
000024c5  __aeabi_memset8                
000024cb  memset                         
0000253d  __TI_auto_init                 
000025ad  IntDisable                     
00002615  IntEnable                      
0000267d  __TI_decompress_lzss           
000026e5  HibernateWakeSet               
00002749  TimerConfigure                 
000027a9  ADCSequenceConfigure           
00002801  _c_int00                       
00002855  C$$EXIT                        
00002859  abort                          
00002861  exit                           
000028a9  copy_in                        
000028f5  GPIOPinConfigure               
0000293d  strtok                         
0000297d  __aeabi_uidiv                  
0000297d  __aeabi_uidivmod               
000029bd  IntRegister                    
000029f1  SysCtlPeripheralEnable         
00002a25  ADCIntStatus                   
00002a53  __mpu_init                     
00002a55  HibernateRTCSet                
00002a81  GPIODirModeSet                 
00002aab  strspn                         
00002ad5  HibernateDataSet               
00002afd  HibernateDataGet               
00002b21  strcspn                        
00002b45  ADCSequenceDataGet             
00002b63  ADCProcessorTrigger            
00002b7b  _system_post_cinit             
00002b7d  HibernateIntStatus             
00002b95  _args_main                     
00002bad  HibernateEnableExpClk          
00002bc1  HibernateIntClear              
00002bd5  HibernateRTCEnable             
00002be9  HibernateRequest               
00002bfd  _register_unlock               
00002c03  _register_lock                 
00002c0b  _nop                           
00002c11  GPIOPinTypeADC                 
00002c23  TimerLoadSet                   
00002c35  HibernateRTCMatchSet           
00002c45  HibernateRTCSSGet              
00002c55  HibernateRTCTrimSet            
00002c75  ADCSequenceEnable              
00002c83  TimerEnable                    
00002c91  __TI_decompress_none           
00002ca1  HibernateRTCGet                
00002cad  __TI_zero_init                 
00002cb9  ResetISR                       
00002cc5  ADCIntClear                    
00002ccf  Crc16Array                     
00002cd7  TimerIntEnable                 
00002cdf  SysCtlDelay                    
00002ce5  TimerClockSourceSet            
00002ceb  TimerIntClear                  
00002cef  _system_pre_init               
0000311c  __TI_Handler_Table_Base        
00003128  __TI_Handler_Table_Limit       
00003138  __TI_CINIT_Base                
00003150  __TI_CINIT_Limit               
20000000  g_pfnRAMVectors                
2000026c  __stack                        
2000046c  ConfigState                    
2000046c  __STACK_END                    
2000046c  __STACK_TOP                    
2000049c  RealTime                       
200004c0  __TI_cleanup_ptr               
200004c4  __TI_dtors_ptr                 
200004c8  __TI_enable_exit_profile_output
200004cc  _lock                          
200004d0  _unlock                        
200004e0  main_func_sp                   
ffffffff  __TI_pprof_out_hndl            
ffffffff  __TI_prof_data_size            
ffffffff  __TI_prof_data_start           
ffffffff  __binit__                      
ffffffff  __c_args__                     
ffffffff  binit                          
UNDEFED   SHT$$INIT_ARRAY$$Base          
UNDEFED   SHT$$INIT_ARRAY$$Limit         

[137 symbols]
