******************************************************************************
                  TI ARM Linker PC v16.9.4                     
******************************************************************************
>> Linked Tue Nov 21 16:42:36 2017

OUTPUT FILE NAME:   <Frost_Probe.out>
ENTRY POINT SYMBOL: "_c_int00"  address: 00002415


MEMORY CONFIGURATION

         name            origin    length      used     unused   attr    fill
----------------------  --------  ---------  --------  --------  ----  --------
  FLASH                 00000000   00040000  00002aa2  0003d55e  R  X
  SRAM                  20000000   00008000  000018e0  00006720  RW X


SEGMENT ALLOCATION MAP

run origin  load origin   length   init length attrs members
----------  ----------- ---------- ----------- ----- -------
00000000    00000000    00002aa8   00002aa8    r-x
  00000000    00000000    0000026c   0000026c    r-- .intvecs
  0000026c    0000026c    00002602   00002602    r-x .text
  00002870    00002870    000001fc   000001fc    r-- .const
  00002a70    00002a70    00000038   00000038    r-- .cinit
20000000    20000000    000018e0   00000000    rw-
  20000000    20000000    000016b4   00000000    rw- .bss
  200016b4    200016b4    00000200   00000000    rw- .stack
  200018b4    200018b4    0000002c   00000000    rw- .data


SECTION ALLOCATION MAP

 output                                  attributes/
section   page    origin      length       input sections
--------  ----  ----------  ----------   ----------------
.intvecs   0    00000000    0000026c     
                  00000000    0000026c     tm4c123gh6pge_startup_ccs.obj (.intvecs)

.text      0    0000026c    00002602     
                  0000026c    00000c84     ustdlib.obj (.text)
                  00000ef0    000004dc     uartstdio.obj (.text)
                  000013cc    0000046c     FP_acquire.obj (.text)
                  00001838    000002e0     Main.obj (.text)
                  00001b18    00000264     datetimeset.obj (.text)
                  00001d7c    00000132     driverlib.lib : gpio.obj (.text:GPIOPadConfigSet)
                  00001eae    00000002     rtsv7M4_T_le_v4SPD16_eabi.lib : i_div0.obj (.text)
                  00001eb0    00000110     driverlib.lib : sysctl.obj (.text:SysCtlClockGet)
                  00001fc0    0000009c     rtsv7M4_T_le_v4SPD16_eabi.lib : memcpy_t2.obj (.text)
                  0000205c    0000007a     driverlib.lib : adc.obj (.text:ADCSequenceStepConfigure)
                  000020d6    0000007a     rtsv7M4_T_le_v4SPD16_eabi.lib : memset_t2.obj (.text)
                  00002150    00000070                                   : autoinit.obj (.text)
                  000021c0    00000068     driverlib.lib : interrupt.obj (.text:IntDisable)
                  00002228    00000068                   : interrupt.obj (.text:IntEnable)
                  00002290    00000068     rtsv7M4_T_le_v4SPD16_eabi.lib : copy_decompress_lzss.obj (.text:decompress:lzss)
                  000022f8    00000064     driverlib.lib : hibernate.obj (.text:HibernateWakeSet)
                  0000235c    00000060                   : timer.obj (.text:TimerConfigure)
                  000023bc    00000058                   : adc.obj (.text:ADCSequenceConfigure)
                  00002414    00000054     rtsv7M4_T_le_v4SPD16_eabi.lib : boot.obj (.text)
                  00002468    00000054                                   : exit.obj (.text)
                  000024bc    0000004c                                   : cpy_tbl.obj (.text)
                  00002508    00000048     driverlib.lib : gpio.obj (.text:GPIOPinConfigure)
                  00002550    00000040     rtsv7M4_T_le_v4SPD16_eabi.lib : strtok.obj (.text)
                  00002590    00000040                                   : u_divt2.obj (.text)
                  000025d0    00000034     driverlib.lib : sysctl.obj (.text:SysCtlPeripheralEnable)
                  00002604    0000002e                   : adc.obj (.text:ADCIntStatus)
                  00002632    00000002     rtsv7M4_T_le_v4SPD16_eabi.lib : mpu_init.obj (.text)
                  00002634    0000002c     driverlib.lib : hibernate.obj (.text:HibernateRTCSet)
                  00002660    0000002a                   : gpio.obj (.text:GPIODirModeSet)
                  0000268a    0000002a     rtsv7M4_T_le_v4SPD16_eabi.lib : strspn.obj (.text)
                  000026b4    00000024                                   : strcspn.obj (.text)
                  000026d8    0000001e     driverlib.lib : adc.obj (.text:ADCSequenceDataGet)
                  000026f6    00000018                   : adc.obj (.text:ADCProcessorTrigger)
                  0000270e    00000002     rtsv7M4_T_le_v4SPD16_eabi.lib : startup.obj (.text)
                  00002710    00000018     driverlib.lib : hibernate.obj (.text:HibernateIntStatus)
                  00002728    00000018     rtsv7M4_T_le_v4SPD16_eabi.lib : args_main.obj (.text)
                  00002740    00000014     driverlib.lib : hibernate.obj (.text:HibernateEnableExpClk)
                  00002754    00000014                   : hibernate.obj (.text:HibernateIntClear)
                  00002768    00000014                   : hibernate.obj (.text:HibernateRTCEnable)
                  0000277c    00000014                   : hibernate.obj (.text:HibernateRequest)
                  00002790    00000014     rtsv7M4_T_le_v4SPD16_eabi.lib : _lock.obj (.text)
                  000027a4    00000012     driverlib.lib : gpio.obj (.text:GPIOPinTypeADC)
                  000027b6    00000012                   : timer.obj (.text:TimerLoadSet)
                  000027c8    00000010                   : hibernate.obj (.text:HibernateRTCMatchSet)
                  000027d8    00000010                   : hibernate.obj (.text:HibernateRTCSSGet)
                  000027e8    00000010                   : hibernate.obj (.text:HibernateRTCTrimSet)
                  000027f8    00000010                   : hibernate.obj (.text:_HibernateWriteComplete)
                  00002808    0000000e                   : adc.obj (.text:ADCSequenceEnable)
                  00002816    0000000e                   : timer.obj (.text:TimerEnable)
                  00002824    0000000e     rtsv7M4_T_le_v4SPD16_eabi.lib : copy_decompress_none.obj (.text:decompress:none)
                  00002832    00000002     --HOLE-- [fill = 0]
                  00002834    0000000c     driverlib.lib : hibernate.obj (.text:HibernateRTCGet)
                  00002840    0000000c     rtsv7M4_T_le_v4SPD16_eabi.lib : copy_zero_init.obj (.text:decompress:ZI)
                  0000284c    0000000c     tm4c123gh6pge_startup_ccs.obj (.text)
                  00002858    0000000a     driverlib.lib : adc.obj (.text:ADCIntClear)
                  00002862    00000008                   : timer.obj (.text:TimerIntEnable)
                  0000286a    00000004     rtsv7M4_T_le_v4SPD16_eabi.lib : pre_init.obj (.text)

.const     0    00002870    000001fc     
                  00002870    00000090     driverlib.lib : gpio.obj (.const:g_pui32GPIOBaseAddrs)
                  00002900    00000070                   : interrupt.obj (.const)
                  00002970    0000006c                   : sysctl.obj (.const:g_pui32Xtals)
                  000029dc    00000030     ustdlib.obj (.const:g_psDaysToMonth)
                  00002a0c    00000018     ustdlib.obj (.const:g_pfExponents)
                  00002a24    00000012     uartstdio.obj (.const:.string)
                  00002a36    00000002     --HOLE-- [fill = 0]
                  00002a38    00000012     ustdlib.obj (.const:.string)
                  00002a4a    00000002     --HOLE-- [fill = 0]
                  00002a4c    0000000c     uartstdio.obj (.const:g_ui32UARTBase)
                  00002a58    0000000c     uartstdio.obj (.const:g_ui32UARTPeriph)
                  00002a64    00000004     uartstdio.obj (.const)
                  00002a68    00000004     ustdlib.obj (.const)

.cinit     0    00002a70    00000038     
                  00002a70    00000014     (.cinit..data.load) [load image, compression = lzss]
                  00002a84    0000000c     (__TI_handler_table)
                  00002a90    00000008     (.cinit..bss.load) [load image, compression = zero_init]
                  00002a98    00000010     (__TI_cinit_table)

.init_array 
*          0    00000000    00000000     UNINITIALIZED

.bss       0    20000000    000016b4     UNINITIALIZED
                  20000000    00001680     FP_acquire.obj (.bss:RTCMatchPeriod)
                  20001680    00000024     (.common:RealTime)
                  200016a4    00000010     FP_acquire.obj (.bss)

.stack     0    200016b4    00000200     UNINITIALIZED
                  200016b4    00000200     --HOLE--

.data      0    200018b4    0000002c     UNINITIALIZED
                  200018b4    0000000c     rtsv7M4_T_le_v4SPD16_eabi.lib : exit.obj (.data:$O1$$)
                  200018c0    00000008                                   : _lock.obj (.data:$O1$$)
                  200018c8    00000005     uartstdio.obj (.data)
                  200018cd    00000003     --HOLE--
                  200018d0    00000004     FP_acquire.obj (.data)
                  200018d4    00000004     rtsv7M4_T_le_v4SPD16_eabi.lib : stkdepth_vars.obj (.data)
                  200018d8    00000004                                   : strtok.obj (.data)
                  200018dc    00000004     ustdlib.obj (.data)

MODULE SUMMARY

       Module                          code   ro data   rw data
       ------                          ----   -------   -------
    .\
       FP_acquire.obj                  1132   0         5780   
       ustdlib.obj                     3204   94        4      
       uartstdio.obj                   1244   46        5      
       Main.obj                        736    0         36     
       tm4c123gh6pge_startup_ccs.obj   12     620       0      
       datetimeset.obj                 612    0         0      
    +--+-------------------------------+------+---------+---------+
       Total:                          6940   760       5825   
                                                               
    C:/ti/TivaWare_C_Series-2.1.3.156/driverlib/ccs/Debug/driverlib.lib
       gpio.obj                        438    144       0      
       sysctl.obj                      324    108       0      
       adc.obj                         334    0         0      
       hibernate.obj                   324    0         0      
       interrupt.obj                   208    112       0      
       timer.obj                       136    0         0      
    +--+-------------------------------+------+---------+---------+
       Total:                          1764   364       0      
                                                               
    C:\ti\ccsv7\tools\compiler\ti-cgt-arm_16.9.4.LTS\lib\rtsv7M4_T_le_v4SPD16_eabi.lib
       memcpy_t2.obj                   156    0         0      
       memset_t2.obj                   122    0         0      
       autoinit.obj                    112    0         0      
       copy_decompress_lzss.obj        104    0         0      
       exit.obj                        84     0         12     
       boot.obj                        84     0         0      
       cpy_tbl.obj                     76     0         0      
       strtok.obj                      64     0         4      
       u_divt2.obj                     64     0         0      
       strspn.obj                      42     0         0      
       strcspn.obj                     36     0         0      
       _lock.obj                       20     0         8      
       args_main.obj                   24     0         0      
       copy_decompress_none.obj        14     0         0      
       copy_zero_init.obj              12     0         0      
       pre_init.obj                    4      0         0      
       stkdepth_vars.obj               0      0         4      
       i_div0.obj                      2      0         0      
       mpu_init.obj                    2      0         0      
       startup.obj                     2      0         0      
    +--+-------------------------------+------+---------+---------+
       Total:                          1024   0         28     
                                                               
       Stack:                          0      0         512    
       Linker Generated:               0      56        0      
    +--+-------------------------------+------+---------+---------+
       Grand Total:                    9728   1180      6365   


LINKER GENERATED COPY TABLES

__TI_cinit_table @ 00002a98 records: 2, size/record: 8, table size: 16
	.data: load addr=00002a70, load size=00000014 bytes, run addr=200018b4, run size=0000002c bytes, compression=lzss
	.bss: load addr=00002a90, load size=00000008 bytes, run addr=20000000, run size=000016b4 bytes, compression=zero_init


LINKER GENERATED HANDLER TABLE

__TI_handler_table @ 00002a84 records: 3, size/record: 4, table size: 12
	index: 0, handler: __TI_decompress_lzss
	index: 1, handler: __TI_decompress_none
	index: 2, handler: __TI_zero_init


GLOBAL SYMBOLS: SORTED ALPHABETICALLY BY Name 

address   name                           
-------   ----                           
00002859  ADCIntClear                    
00002605  ADCIntStatus                   
000026f7  ADCProcessorTrigger            
000023bd  ADCSequenceConfigure           
000026d9  ADCSequenceDataGet             
00002809  ADCSequenceEnable              
0000205d  ADCSequenceStepConfigure       
0000159f  ADCSetup                       
000013cd  AcquireSetup                   
00002469  C$$EXIT                        
00001b19  DateSet                        
00002661  GPIODirModeSet                 
00001d7d  GPIOPadConfigSet               
00002509  GPIOPinConfigure               
000027a5  GPIOPinTypeADC                 
00002741  HibernateEnableExpClk          
00002755  HibernateIntClear              
00002711  HibernateIntStatus             
00002769  HibernateRTCEnable             
00002835  HibernateRTCGet                
000027c9  HibernateRTCMatchSet           
000027d9  HibernateRTCSSGet              
00002635  HibernateRTCSet                
000027e9  HibernateRTCTrimSet            
0000277d  HibernateRequest               
000022f9  HibernateWakeSet               
00001839  InitConsole                    
000021c1  IntDisable                     
00002229  IntEnable                      
000016df  RTCHandler                     
00001923  RTCSetup                       
20001680  RealTime                       
0000284d  ResetISR                       
UNDEFED   SHT$$INIT_ARRAY$$Base          
UNDEFED   SHT$$INIT_ARRAY$$Limit         
00001589  StartLogging                   
00001eb1  SysCtlClockGet                 
000025d1  SysCtlPeripheralEnable         
0000188d  SysTimeSet                     
00001bdf  TimeSet                        
0000235d  TimerConfigure                 
00002817  TimerEnable                    
00001609  TimerHandler                   
00002863  TimerIntEnable                 
000027b7  TimerLoadSet                   
00000ef1  UARTStdioConfig                
00001069  UARTgetc                       
00000fa3  UARTgets                       
00001397  UARTprintf                     
0000109d  UARTvprintf                    
00000f51  UARTwrite                      
200018b4  __STACK_END                    
00000200  __STACK_SIZE                   
200018b4  __STACK_TOP                    
00002a98  __TI_CINIT_Base                
00002aa8  __TI_CINIT_Limit               
00002a84  __TI_Handler_Table_Base        
00002a90  __TI_Handler_Table_Limit       
00002151  __TI_auto_init                 
200018b4  __TI_cleanup_ptr               
00002291  __TI_decompress_lzss           
00002825  __TI_decompress_none           
200018b8  __TI_dtors_ptr                 
200018bc  __TI_enable_exit_profile_output
ffffffff  __TI_pprof_out_hndl            
ffffffff  __TI_prof_data_size            
ffffffff  __TI_prof_data_start           
00000000  __TI_static_base__             
00002841  __TI_zero_init                 
00001eaf  __aeabi_idiv0                  
000020d7  __aeabi_memclr                 
000020d7  __aeabi_memclr4                
000020d7  __aeabi_memclr8                
00001fc1  __aeabi_memcpy                 
00001fc1  __aeabi_memcpy4                
00001fc1  __aeabi_memcpy8                
000020d9  __aeabi_memset                 
000020d9  __aeabi_memset4                
000020d9  __aeabi_memset8                
00002591  __aeabi_uidiv                  
00002591  __aeabi_uidivmod               
ffffffff  __binit__                      
ffffffff  __c_args__                     
00002633  __mpu_init                     
200016b4  __stack                        
00002729  _args_main                     
00002415  _c_int00                       
200018c0  _lock                          
0000279f  _nop                           
00002797  _register_lock                 
00002791  _register_unlock               
0000270f  _system_post_cinit             
0000286b  _system_pre_init               
200018c4  _unlock                        
0000246d  abort                          
ffffffff  binit                          
000024bd  copy_in                        
00002475  exit                           
00000000  g_pfnVectors                   
00001935  main                           
200018d4  main_func_sp                   
00001fc1  memcpy                         
000020df  memset                         
000026b5  strcspn                        
0000268b  strspn                         
00002551  strtok                         
00000751  ulocaltime                     
0000094f  umktime                        
00000ec9  urand                          
00000721  usnprintf                      
000006ef  usprintf                       
00000eb9  usrand                         
00000e31  ustrcasecmp                    
00000ea5  ustrcmp                        
00000d35  ustrlen                        
00000d8d  ustrncasecmp                   
00000e45  ustrncmp                       
0000026d  ustrncpy                       
00000d57  ustrstr                        
00000afd  ustrtof                        
000009c5  ustrtoul                       
000002c5  uvsnprintf                     


GLOBAL SYMBOLS: SORTED BY Symbol Address 

address   name                           
-------   ----                           
00000000  __TI_static_base__             
00000000  g_pfnVectors                   
00000200  __STACK_SIZE                   
0000026d  ustrncpy                       
000002c5  uvsnprintf                     
000006ef  usprintf                       
00000721  usnprintf                      
00000751  ulocaltime                     
0000094f  umktime                        
000009c5  ustrtoul                       
00000afd  ustrtof                        
00000d35  ustrlen                        
00000d57  ustrstr                        
00000d8d  ustrncasecmp                   
00000e31  ustrcasecmp                    
00000e45  ustrncmp                       
00000ea5  ustrcmp                        
00000eb9  usrand                         
00000ec9  urand                          
00000ef1  UARTStdioConfig                
00000f51  UARTwrite                      
00000fa3  UARTgets                       
00001069  UARTgetc                       
0000109d  UARTvprintf                    
00001397  UARTprintf                     
000013cd  AcquireSetup                   
00001589  StartLogging                   
0000159f  ADCSetup                       
00001609  TimerHandler                   
000016df  RTCHandler                     
00001839  InitConsole                    
0000188d  SysTimeSet                     
00001923  RTCSetup                       
00001935  main                           
00001b19  DateSet                        
00001bdf  TimeSet                        
00001d7d  GPIOPadConfigSet               
00001eaf  __aeabi_idiv0                  
00001eb1  SysCtlClockGet                 
00001fc1  __aeabi_memcpy                 
00001fc1  __aeabi_memcpy4                
00001fc1  __aeabi_memcpy8                
00001fc1  memcpy                         
0000205d  ADCSequenceStepConfigure       
000020d7  __aeabi_memclr                 
000020d7  __aeabi_memclr4                
000020d7  __aeabi_memclr8                
000020d9  __aeabi_memset                 
000020d9  __aeabi_memset4                
000020d9  __aeabi_memset8                
000020df  memset                         
00002151  __TI_auto_init                 
000021c1  IntDisable                     
00002229  IntEnable                      
00002291  __TI_decompress_lzss           
000022f9  HibernateWakeSet               
0000235d  TimerConfigure                 
000023bd  ADCSequenceConfigure           
00002415  _c_int00                       
00002469  C$$EXIT                        
0000246d  abort                          
00002475  exit                           
000024bd  copy_in                        
00002509  GPIOPinConfigure               
00002551  strtok                         
00002591  __aeabi_uidiv                  
00002591  __aeabi_uidivmod               
000025d1  SysCtlPeripheralEnable         
00002605  ADCIntStatus                   
00002633  __mpu_init                     
00002635  HibernateRTCSet                
00002661  GPIODirModeSet                 
0000268b  strspn                         
000026b5  strcspn                        
000026d9  ADCSequenceDataGet             
000026f7  ADCProcessorTrigger            
0000270f  _system_post_cinit             
00002711  HibernateIntStatus             
00002729  _args_main                     
00002741  HibernateEnableExpClk          
00002755  HibernateIntClear              
00002769  HibernateRTCEnable             
0000277d  HibernateRequest               
00002791  _register_unlock               
00002797  _register_lock                 
0000279f  _nop                           
000027a5  GPIOPinTypeADC                 
000027b7  TimerLoadSet                   
000027c9  HibernateRTCMatchSet           
000027d9  HibernateRTCSSGet              
000027e9  HibernateRTCTrimSet            
00002809  ADCSequenceEnable              
00002817  TimerEnable                    
00002825  __TI_decompress_none           
00002835  HibernateRTCGet                
00002841  __TI_zero_init                 
0000284d  ResetISR                       
00002859  ADCIntClear                    
00002863  TimerIntEnable                 
0000286b  _system_pre_init               
00002a84  __TI_Handler_Table_Base        
00002a90  __TI_Handler_Table_Limit       
00002a98  __TI_CINIT_Base                
00002aa8  __TI_CINIT_Limit               
20001680  RealTime                       
200016b4  __stack                        
200018b4  __STACK_END                    
200018b4  __STACK_TOP                    
200018b4  __TI_cleanup_ptr               
200018b8  __TI_dtors_ptr                 
200018bc  __TI_enable_exit_profile_output
200018c0  _lock                          
200018c4  _unlock                        
200018d4  main_func_sp                   
ffffffff  __TI_pprof_out_hndl            
ffffffff  __TI_prof_data_size            
ffffffff  __TI_prof_data_start           
ffffffff  __binit__                      
ffffffff  __c_args__                     
ffffffff  binit                          
UNDEFED   SHT$$INIT_ARRAY$$Base          
UNDEFED   SHT$$INIT_ARRAY$$Limit         

[122 symbols]
