******************************************************************************
                  TI ARM Linker PC v16.9.4                     
******************************************************************************
>> Linked Wed Nov 22 17:36:07 2017

OUTPUT FILE NAME:   <Frost_Probe.out>
ENTRY POINT SYMBOL: "_c_int00"  address: 00002541


MEMORY CONFIGURATION

         name            origin    length      used     unused   attr    fill
----------------------  --------  ---------  --------  --------  ----  --------
  FLASH                 00000000   00040000  00002c26  0003d3da  R  X
  SRAM                  20000000   00008000  000018e8  00006718  RW X


SEGMENT ALLOCATION MAP

run origin  load origin   length   init length attrs members
----------  ----------- ---------- ----------- ----- -------
00000000    00000000    00002c28   00002c28    r-x
  00000000    00000000    0000026c   0000026c    r-- .intvecs
  0000026c    0000026c    0000277e   0000277e    r-x .text
  000029ec    000029ec    000001fc   000001fc    r-- .const
  00002be8    00002be8    00000040   00000040    r-- .cinit
20000000    20000000    000018e8   00000000    rw-
  20000000    20000000    000016b4   00000000    rw- .bss
  200016b4    200016b4    00000200   00000000    rw- .stack
  200018b4    200018b4    00000034   00000000    rw- .data


SECTION ALLOCATION MAP

 output                                  attributes/
section   page    origin      length       input sections
--------  ----  ----------  ----------   ----------------
.intvecs   0    00000000    0000026c     
                  00000000    0000026c     tm4c123gh6pge_startup_ccs.obj (.intvecs)

.text      0    0000026c    0000277e     
                  0000026c    00000c84     ustdlib.obj (.text)
                  00000ef0    00000580     FP_acquire.obj (.text)
                  00001470    000004dc     uartstdio.obj (.text)
                  0000194c    000002f4     Main.obj (.text)
                  00001c40    00000268     datetimeset.obj (.text)
                  00001ea8    00000132     driverlib.lib : gpio.obj (.text:GPIOPadConfigSet)
                  00001fda    00000002     rtsv7M4_T_le_v4SPD16_eabi.lib : i_div0.obj (.text)
                  00001fdc    00000110     driverlib.lib : sysctl.obj (.text:SysCtlClockGet)
                  000020ec    0000009c     rtsv7M4_T_le_v4SPD16_eabi.lib : memcpy_t2.obj (.text)
                  00002188    0000007a     driverlib.lib : adc.obj (.text:ADCSequenceStepConfigure)
                  00002202    0000007a     rtsv7M4_T_le_v4SPD16_eabi.lib : memset_t2.obj (.text)
                  0000227c    00000070                                   : autoinit.obj (.text)
                  000022ec    00000068     driverlib.lib : interrupt.obj (.text:IntDisable)
                  00002354    00000068                   : interrupt.obj (.text:IntEnable)
                  000023bc    00000068     rtsv7M4_T_le_v4SPD16_eabi.lib : copy_decompress_lzss.obj (.text:decompress:lzss)
                  00002424    00000064     driverlib.lib : hibernate.obj (.text:HibernateWakeSet)
                  00002488    00000060                   : timer.obj (.text:TimerConfigure)
                  000024e8    00000058                   : adc.obj (.text:ADCSequenceConfigure)
                  00002540    00000054     rtsv7M4_T_le_v4SPD16_eabi.lib : boot.obj (.text)
                  00002594    00000054                                   : exit.obj (.text)
                  000025e8    0000004c                                   : cpy_tbl.obj (.text)
                  00002634    00000048     driverlib.lib : gpio.obj (.text:GPIOPinConfigure)
                  0000267c    00000040     rtsv7M4_T_le_v4SPD16_eabi.lib : strtok.obj (.text)
                  000026bc    00000040                                   : u_divt2.obj (.text)
                  000026fc    00000034     driverlib.lib : sysctl.obj (.text:SysCtlPeripheralEnable)
                  00002730    0000002e                   : adc.obj (.text:ADCIntStatus)
                  0000275e    00000002     rtsv7M4_T_le_v4SPD16_eabi.lib : mpu_init.obj (.text)
                  00002760    0000002c     driverlib.lib : hibernate.obj (.text:HibernateRTCSet)
                  0000278c    0000002a                   : gpio.obj (.text:GPIODirModeSet)
                  000027b6    0000002a     rtsv7M4_T_le_v4SPD16_eabi.lib : strspn.obj (.text)
                  000027e0    00000028     driverlib.lib : hibernate.obj (.text:HibernateDataSet)
                  00002808    00000024                   : hibernate.obj (.text:HibernateDataGet)
                  0000282c    00000024     rtsv7M4_T_le_v4SPD16_eabi.lib : strcspn.obj (.text)
                  00002850    0000001e     driverlib.lib : adc.obj (.text:ADCSequenceDataGet)
                  0000286e    00000018                   : adc.obj (.text:ADCProcessorTrigger)
                  00002886    00000002     rtsv7M4_T_le_v4SPD16_eabi.lib : startup.obj (.text)
                  00002888    00000018     driverlib.lib : hibernate.obj (.text:HibernateIntStatus)
                  000028a0    00000018     rtsv7M4_T_le_v4SPD16_eabi.lib : args_main.obj (.text)
                  000028b8    00000014     driverlib.lib : hibernate.obj (.text:HibernateEnableExpClk)
                  000028cc    00000014                   : hibernate.obj (.text:HibernateIntClear)
                  000028e0    00000014                   : hibernate.obj (.text:HibernateRTCEnable)
                  000028f4    00000014                   : hibernate.obj (.text:HibernateRequest)
                  00002908    00000014     rtsv7M4_T_le_v4SPD16_eabi.lib : _lock.obj (.text)
                  0000291c    00000012     driverlib.lib : gpio.obj (.text:GPIOPinTypeADC)
                  0000292e    00000012                   : timer.obj (.text:TimerLoadSet)
                  00002940    00000010                   : hibernate.obj (.text:HibernateRTCMatchSet)
                  00002950    00000010                   : hibernate.obj (.text:HibernateRTCSSGet)
                  00002960    00000010                   : hibernate.obj (.text:HibernateRTCTrimSet)
                  00002970    00000010                   : hibernate.obj (.text:_HibernateWriteComplete)
                  00002980    0000000e                   : adc.obj (.text:ADCSequenceEnable)
                  0000298e    0000000e                   : timer.obj (.text:TimerEnable)
                  0000299c    0000000e     rtsv7M4_T_le_v4SPD16_eabi.lib : copy_decompress_none.obj (.text:decompress:none)
                  000029aa    00000002     --HOLE-- [fill = 0]
                  000029ac    0000000c     driverlib.lib : hibernate.obj (.text:HibernateRTCGet)
                  000029b8    0000000c     rtsv7M4_T_le_v4SPD16_eabi.lib : copy_zero_init.obj (.text:decompress:ZI)
                  000029c4    0000000c     tm4c123gh6pge_startup_ccs.obj (.text)
                  000029d0    0000000a     driverlib.lib : adc.obj (.text:ADCIntClear)
                  000029da    00000008                   : timer.obj (.text:TimerIntEnable)
                  000029e2    00000004                   : timer.obj (.text:TimerIntClear)
                  000029e6    00000004     rtsv7M4_T_le_v4SPD16_eabi.lib : pre_init.obj (.text)

.const     0    000029ec    000001fc     
                  000029ec    00000090     driverlib.lib : gpio.obj (.const:g_pui32GPIOBaseAddrs)
                  00002a7c    00000070                   : interrupt.obj (.const)
                  00002aec    0000006c                   : sysctl.obj (.const:g_pui32Xtals)
                  00002b58    00000030     ustdlib.obj (.const:g_psDaysToMonth)
                  00002b88    00000018     ustdlib.obj (.const:g_pfExponents)
                  00002ba0    00000012     uartstdio.obj (.const:.string)
                  00002bb2    00000002     --HOLE-- [fill = 0]
                  00002bb4    00000012     ustdlib.obj (.const:.string)
                  00002bc6    00000002     --HOLE-- [fill = 0]
                  00002bc8    0000000c     uartstdio.obj (.const:g_ui32UARTBase)
                  00002bd4    0000000c     uartstdio.obj (.const:g_ui32UARTPeriph)
                  00002be0    00000004     uartstdio.obj (.const)
                  00002be4    00000004     ustdlib.obj (.const)

.cinit     0    00002be8    00000040     
                  00002be8    00000019     (.cinit..data.load) [load image, compression = lzss]
                  00002c01    00000003     --HOLE-- [fill = 0]
                  00002c04    0000000c     (__TI_handler_table)
                  00002c10    00000008     (.cinit..bss.load) [load image, compression = zero_init]
                  00002c18    00000010     (__TI_cinit_table)

.init_array 
*          0    00000000    00000000     UNINITIALIZED

.bss       0    20000000    000016b4     UNINITIALIZED
                  20000000    00001690     (.common:ConfigState)
                  20001690    00000024     (.common:RealTime)

.stack     0    200016b4    00000200     UNINITIALIZED
                  200016b4    00000200     --HOLE--

.data      0    200018b4    00000034     UNINITIALIZED
                  200018b4    0000000c     rtsv7M4_T_le_v4SPD16_eabi.lib : exit.obj (.data:$O1$$)
                  200018c0    0000000c     FP_acquire.obj (.data)
                  200018cc    00000008     rtsv7M4_T_le_v4SPD16_eabi.lib : _lock.obj (.data:$O1$$)
                  200018d4    00000005     uartstdio.obj (.data)
                  200018d9    00000003     --HOLE--
                  200018dc    00000004     rtsv7M4_T_le_v4SPD16_eabi.lib : stkdepth_vars.obj (.data)
                  200018e0    00000004                                   : strtok.obj (.data)
                  200018e4    00000004     ustdlib.obj (.data)

MODULE SUMMARY

       Module                          code    ro data   rw data
       ------                          ----    -------   -------
    .\
       FP_acquire.obj                  1408    0         5788   
       ustdlib.obj                     3204    94        4      
       uartstdio.obj                   1244    46        5      
       Main.obj                        756     0         36     
       tm4c123gh6pge_startup_ccs.obj   12      620       0      
       datetimeset.obj                 616     0         0      
    +--+-------------------------------+-------+---------+---------+
       Total:                          7240    760       5833   
                                                                
    C:/ti/TivaWare_C_Series-2.1.3.156/driverlib/ccs/Debug/driverlib.lib
       gpio.obj                        438     144       0      
       sysctl.obj                      324     108       0      
       hibernate.obj                   400     0         0      
       adc.obj                         334     0         0      
       interrupt.obj                   208     112       0      
       timer.obj                       140     0         0      
    +--+-------------------------------+-------+---------+---------+
       Total:                          1844    364       0      
                                                                
    C:\ti\ccsv7\tools\compiler\ti-cgt-arm_16.9.4.LTS\lib\rtsv7M4_T_le_v4SPD16_eabi.lib
       memcpy_t2.obj                   156     0         0      
       memset_t2.obj                   122     0         0      
       autoinit.obj                    112     0         0      
       copy_decompress_lzss.obj        104     0         0      
       exit.obj                        84      0         12     
       boot.obj                        84      0         0      
       cpy_tbl.obj                     76      0         0      
       strtok.obj                      64      0         4      
       u_divt2.obj                     64      0         0      
       strspn.obj                      42      0         0      
       strcspn.obj                     36      0         0      
       _lock.obj                       20      0         8      
       args_main.obj                   24      0         0      
       copy_decompress_none.obj        14      0         0      
       copy_zero_init.obj              12      0         0      
       pre_init.obj                    4       0         0      
       stkdepth_vars.obj               0       0         4      
       i_div0.obj                      2       0         0      
       mpu_init.obj                    2       0         0      
       startup.obj                     2       0         0      
    +--+-------------------------------+-------+---------+---------+
       Total:                          1024    0         28     
                                                                
       Stack:                          0       0         512    
       Linker Generated:               0       61        0      
    +--+-------------------------------+-------+---------+---------+
       Grand Total:                    10108   1185      6373   


LINKER GENERATED COPY TABLES

__TI_cinit_table @ 00002c18 records: 2, size/record: 8, table size: 16
	.data: load addr=00002be8, load size=00000019 bytes, run addr=200018b4, run size=00000034 bytes, compression=lzss
	.bss: load addr=00002c10, load size=00000008 bytes, run addr=20000000, run size=000016b4 bytes, compression=zero_init


LINKER GENERATED HANDLER TABLE

__TI_handler_table @ 00002c04 records: 3, size/record: 4, table size: 12
	index: 0, handler: __TI_decompress_lzss
	index: 1, handler: __TI_decompress_none
	index: 2, handler: __TI_zero_init


GLOBAL SYMBOLS: SORTED ALPHABETICALLY BY Name 

address   name                           
-------   ----                           
000029d1  ADCIntClear                    
00002731  ADCIntStatus                   
0000286f  ADCProcessorTrigger            
000024e9  ADCSequenceConfigure           
00002851  ADCSequenceDataGet             
00002981  ADCSequenceEnable              
00002189  ADCSequenceStepConfigure       
00001303  ADCSetup                       
00001051  AcquireSetup                   
00002595  C$$EXIT                        
20000000  ConfigState                    
00001c41  DateSet                        
0000278d  GPIODirModeSet                 
00001ea9  GPIOPadConfigSet               
00002635  GPIOPinConfigure               
0000291d  GPIOPinTypeADC                 
00002809  HibernateDataGet               
000027e1  HibernateDataSet               
000028b9  HibernateEnableExpClk          
000028cd  HibernateIntClear              
00002889  HibernateIntStatus             
000028e1  HibernateRTCEnable             
000029ad  HibernateRTCGet                
00002941  HibernateRTCMatchSet           
00002951  HibernateRTCSSGet              
00002761  HibernateRTCSet                
00002961  HibernateRTCTrimSet            
000028f5  HibernateRequest               
00002425  HibernateWakeSet               
0000194d  InitConsole                    
000022ed  IntDisable                     
00002355  IntEnable                      
00000f79  RTCHandler                     
00001a39  RTCSetup                       
20001690  RealTime                       
000029c5  ResetISR                       
UNDEFED   SHT$$INIT_ARRAY$$Base          
UNDEFED   SHT$$INIT_ARRAY$$Limit         
0000126b  StartLogging                   
00001fdd  SysCtlClockGet                 
000026fd  SysCtlPeripheralEnable         
000019a1  SysTimeSet                     
00001d0b  TimeSet                        
00000ef1  Timer0Handler                  
00002489  TimerConfigure                 
0000298f  TimerEnable                    
000029e3  TimerIntClear                  
000029db  TimerIntEnable                 
0000292f  TimerLoadSet                   
00001471  UARTStdioConfig                
000015e9  UARTgetc                       
00001523  UARTgets                       
00001917  UARTprintf                     
0000161d  UARTvprintf                    
000014d1  UARTwrite                      
200018b4  __STACK_END                    
00000200  __STACK_SIZE                   
200018b4  __STACK_TOP                    
00002c18  __TI_CINIT_Base                
00002c28  __TI_CINIT_Limit               
00002c04  __TI_Handler_Table_Base        
00002c10  __TI_Handler_Table_Limit       
0000227d  __TI_auto_init                 
200018b4  __TI_cleanup_ptr               
000023bd  __TI_decompress_lzss           
0000299d  __TI_decompress_none           
200018b8  __TI_dtors_ptr                 
200018bc  __TI_enable_exit_profile_output
ffffffff  __TI_pprof_out_hndl            
ffffffff  __TI_prof_data_size            
ffffffff  __TI_prof_data_start           
00000000  __TI_static_base__             
000029b9  __TI_zero_init                 
00001fdb  __aeabi_idiv0                  
00002203  __aeabi_memclr                 
00002203  __aeabi_memclr4                
00002203  __aeabi_memclr8                
000020ed  __aeabi_memcpy                 
000020ed  __aeabi_memcpy4                
000020ed  __aeabi_memcpy8                
00002205  __aeabi_memset                 
00002205  __aeabi_memset4                
00002205  __aeabi_memset8                
000026bd  __aeabi_uidiv                  
000026bd  __aeabi_uidivmod               
ffffffff  __binit__                      
ffffffff  __c_args__                     
0000275f  __mpu_init                     
200016b4  __stack                        
000028a1  _args_main                     
00002541  _c_int00                       
200018cc  _lock                          
00002917  _nop                           
0000290f  _register_lock                 
00002909  _register_unlock               
00002887  _system_post_cinit             
000029e7  _system_pre_init               
200018d0  _unlock                        
00002599  abort                          
ffffffff  binit                          
000025e9  copy_in                        
000025a1  exit                           
00000000  g_pfnVectors                   
00001a4b  main                           
200018dc  main_func_sp                   
000020ed  memcpy                         
0000220b  memset                         
0000282d  strcspn                        
000027b7  strspn                         
0000267d  strtok                         
00000751  ulocaltime                     
0000094f  umktime                        
00000ec9  urand                          
00000721  usnprintf                      
000006ef  usprintf                       
00000eb9  usrand                         
00000e31  ustrcasecmp                    
00000ea5  ustrcmp                        
00000d35  ustrlen                        
00000d8d  ustrncasecmp                   
00000e45  ustrncmp                       
0000026d  ustrncpy                       
00000d57  ustrstr                        
00000afd  ustrtof                        
000009c5  ustrtoul                       
000002c5  uvsnprintf                     


GLOBAL SYMBOLS: SORTED BY Symbol Address 

address   name                           
-------   ----                           
00000000  __TI_static_base__             
00000000  g_pfnVectors                   
00000200  __STACK_SIZE                   
0000026d  ustrncpy                       
000002c5  uvsnprintf                     
000006ef  usprintf                       
00000721  usnprintf                      
00000751  ulocaltime                     
0000094f  umktime                        
000009c5  ustrtoul                       
00000afd  ustrtof                        
00000d35  ustrlen                        
00000d57  ustrstr                        
00000d8d  ustrncasecmp                   
00000e31  ustrcasecmp                    
00000e45  ustrncmp                       
00000ea5  ustrcmp                        
00000eb9  usrand                         
00000ec9  urand                          
00000ef1  Timer0Handler                  
00000f79  RTCHandler                     
00001051  AcquireSetup                   
0000126b  StartLogging                   
00001303  ADCSetup                       
00001471  UARTStdioConfig                
000014d1  UARTwrite                      
00001523  UARTgets                       
000015e9  UARTgetc                       
0000161d  UARTvprintf                    
00001917  UARTprintf                     
0000194d  InitConsole                    
000019a1  SysTimeSet                     
00001a39  RTCSetup                       
00001a4b  main                           
00001c41  DateSet                        
00001d0b  TimeSet                        
00001ea9  GPIOPadConfigSet               
00001fdb  __aeabi_idiv0                  
00001fdd  SysCtlClockGet                 
000020ed  __aeabi_memcpy                 
000020ed  __aeabi_memcpy4                
000020ed  __aeabi_memcpy8                
000020ed  memcpy                         
00002189  ADCSequenceStepConfigure       
00002203  __aeabi_memclr                 
00002203  __aeabi_memclr4                
00002203  __aeabi_memclr8                
00002205  __aeabi_memset                 
00002205  __aeabi_memset4                
00002205  __aeabi_memset8                
0000220b  memset                         
0000227d  __TI_auto_init                 
000022ed  IntDisable                     
00002355  IntEnable                      
000023bd  __TI_decompress_lzss           
00002425  HibernateWakeSet               
00002489  TimerConfigure                 
000024e9  ADCSequenceConfigure           
00002541  _c_int00                       
00002595  C$$EXIT                        
00002599  abort                          
000025a1  exit                           
000025e9  copy_in                        
00002635  GPIOPinConfigure               
0000267d  strtok                         
000026bd  __aeabi_uidiv                  
000026bd  __aeabi_uidivmod               
000026fd  SysCtlPeripheralEnable         
00002731  ADCIntStatus                   
0000275f  __mpu_init                     
00002761  HibernateRTCSet                
0000278d  GPIODirModeSet                 
000027b7  strspn                         
000027e1  HibernateDataSet               
00002809  HibernateDataGet               
0000282d  strcspn                        
00002851  ADCSequenceDataGet             
0000286f  ADCProcessorTrigger            
00002887  _system_post_cinit             
00002889  HibernateIntStatus             
000028a1  _args_main                     
000028b9  HibernateEnableExpClk          
000028cd  HibernateIntClear              
000028e1  HibernateRTCEnable             
000028f5  HibernateRequest               
00002909  _register_unlock               
0000290f  _register_lock                 
00002917  _nop                           
0000291d  GPIOPinTypeADC                 
0000292f  TimerLoadSet                   
00002941  HibernateRTCMatchSet           
00002951  HibernateRTCSSGet              
00002961  HibernateRTCTrimSet            
00002981  ADCSequenceEnable              
0000298f  TimerEnable                    
0000299d  __TI_decompress_none           
000029ad  HibernateRTCGet                
000029b9  __TI_zero_init                 
000029c5  ResetISR                       
000029d1  ADCIntClear                    
000029db  TimerIntEnable                 
000029e3  TimerIntClear                  
000029e7  _system_pre_init               
00002c04  __TI_Handler_Table_Base        
00002c10  __TI_Handler_Table_Limit       
00002c18  __TI_CINIT_Base                
00002c28  __TI_CINIT_Limit               
20000000  ConfigState                    
20001690  RealTime                       
200016b4  __stack                        
200018b4  __STACK_END                    
200018b4  __STACK_TOP                    
200018b4  __TI_cleanup_ptr               
200018b8  __TI_dtors_ptr                 
200018bc  __TI_enable_exit_profile_output
200018cc  _lock                          
200018d0  _unlock                        
200018dc  main_func_sp                   
ffffffff  __TI_pprof_out_hndl            
ffffffff  __TI_prof_data_size            
ffffffff  __TI_prof_data_start           
ffffffff  __binit__                      
ffffffff  __c_args__                     
ffffffff  binit                          
UNDEFED   SHT$$INIT_ARRAY$$Base          
UNDEFED   SHT$$INIT_ARRAY$$Limit         

[126 symbols]
