******************************************************************************
                  TI ARM Linker PC v16.9.4                     
******************************************************************************
>> Linked Wed Dec 06 15:21:06 2017

OUTPUT FILE NAME:   <Frost_Probe.out>
ENTRY POINT SYMBOL: "_c_int00"  address: 0000fc69


MEMORY CONFIGURATION

         name            origin    length      used     unused   attr    fill
----------------------  --------  ---------  --------  --------  ----  --------
  FLASH                 00000000   00040000  000104b8  0002fb48  R  X
  SRAM                  20000000   00008000  00000df2  0000720e  RW X


SEGMENT ALLOCATION MAP

run origin  load origin   length   init length attrs members
----------  ----------- ---------- ----------- ----- -------
00000000    00000000    000104b8   000104b8    r-x
  00000000    00000000    0000026c   0000026c    r-- .intvecs
  0000026c    0000026c    000081d0   000081d0    r-- .const
  0000843c    0000843c    00007f1c   00007f1c    r-x .text
  00010358    00010358    00000160   00000160    r-- .cinit
20000000    20000000    00000df4   00000000    rw-
  20000000    20000000    0000026c   00000000    rw- .vtable
  2000026c    2000026c    000007ba   00000000    rw- .bss
  20000a28    20000a28    00000200   00000000    rw- .stack
  20000c28    20000c28    000001cc   00000000    rw- .data


SECTION ALLOCATION MAP

 output                                  attributes/
section   page    origin      length       input sections
--------  ----  ----------  ----------   ----------------
.intvecs   0    00000000    0000026c     
                  00000000    0000026c     tm4c123gh6pge_startup_ccs.obj (.intvecs)

.const     0    0000026c    000081d0     
                  0000026c    00007378     cc932.obj (.const:uni2sjis)
                  000075e4    000002f8     grlib.lib : fontfixed6x8.obj (.const:.string:g_pui8FontFixed6x8Data)
                  000078dc    0000027a     sd_card.obj (.const:.string)
                  00007b56    00000200     driverlib.lib : sw_crc.obj (.const:g_pui16Crc16)
                  00007d56    000001e0     cc932.obj (.const:tbl_lower$1)
                  00007f36    000001e0     cc932.obj (.const:tbl_upper$2)
                  00008116    00000002     --HOLE-- [fill = 0]
                  00008118    000000c8     grlib.lib : fontfixed6x8.obj (.const:g_sFontFixed6x8)
                  000081e0    00000090     driverlib.lib : gpio.obj (.const:g_pui32GPIOBaseAddrs)
                  00008270    00000070                   : interrupt.obj (.const)
                  000082e0    0000006c                   : sysctl.obj (.const:g_pui32Xtals)
                  0000834c    00000030     ustdlib.obj (.const:g_psDaysToMonth)
                  0000837c    00000028     cfal96x64x16.obj (.const:g_sCFAL96x64x16)
                  000083a4    00000018     ustdlib.obj (.const:g_pfExponents)
                  000083bc    00000012     FP_acquire.obj (.const:.string)
                  000083ce    00000002     --HOLE-- [fill = 0]
                  000083d0    00000012     uartstdio.obj (.const:.string)
                  000083e2    00000002     --HOLE-- [fill = 0]
                  000083e4    00000012     ustdlib.obj (.const:.string)
                  000083f6    00000002     --HOLE-- [fill = 0]
                  000083f8    00000010     grlib.lib : context.obj (.const)
                  00008408    0000000d     ff.obj (.const:.string:LfnOfs)
                  00008415    00000003     --HOLE-- [fill = 0]
                  00008418    0000000c     uartstdio.obj (.const:g_ui32UARTBase)
                  00008424    0000000c     uartstdio.obj (.const:g_ui32UARTPeriph)
                  00008430    00000004     FP_acquire.obj (.const)
                  00008434    00000004     uartstdio.obj (.const)
                  00008438    00000004     ustdlib.obj (.const)

.text      0    0000843c    00007f1c     
                  0000843c    000033a0     ff.obj (.text)
                  0000b7dc    00000c84     ustdlib.obj (.text)
                  0000c460    000009c8     mmc-dk-tm4c123g.obj (.text)
                  0000ce28    00000900     sd_card.obj (.text)
                  0000d728    0000077c     FP_acquire.obj (.text)
                  0000dea4    0000067c     cfal96x64x16.obj (.text)
                  0000e520    000004dc     uartstdio.obj (.text)
                  0000e9fc    00000378     Main.obj (.text)
                  0000ed74    00000254     grlib.lib : string.obj (.text:GrFontGlyphRender)
                  0000efc8    00000132     driverlib.lib : gpio.obj (.text:GPIOPadConfigSet)
                  0000f0fa    00000002     rtsv7M4_T_le_v4SPD16_eabi.lib : i_div0.obj (.text)
                  0000f0fc    00000128     cc932.obj (.text)
                  0000f224    00000110     driverlib.lib : sysctl.obj (.text:SysCtlClockGet)
                  0000f334    000000f4                   : sysctl.obj (.text:SysCtlClockSet)
                  0000f428    000000cc                   : sw_crc.obj (.text:Crc16)
                  0000f4f4    000000c0     grlib.lib : string.obj (.text:GrDefaultStringRenderer)
                  0000f5b4    000000ac     cmdline.obj (.text)
                  0000f660    0000009c     rtsv7M4_T_le_v4SPD16_eabi.lib : memcpy_t2.obj (.text)
                  0000f6fc    00000086     grlib.lib : rectangle.obj (.text:GrRectFill)
                  0000f782    0000007a     driverlib.lib : adc.obj (.text:ADCSequenceStepConfigure)
                  0000f7fc    0000007a     rtsv7M4_T_le_v4SPD16_eabi.lib : memset_t2.obj (.text)
                  0000f876    00000002                                   : mpu_init.obj (.text)
                  0000f878    00000070                                   : autoinit.obj (.text)
                  0000f8e8    00000068     grlib.lib : context.obj (.text:GrContextInit)
                  0000f950    00000068               : string.obj (.text:GrStringWidthGet)
                  0000f9b8    00000068     driverlib.lib : interrupt.obj (.text:IntDisable)
                  0000fa20    00000068                   : interrupt.obj (.text:IntEnable)
                  0000fa88    00000068     rtsv7M4_T_le_v4SPD16_eabi.lib : copy_decompress_lzss.obj (.text:decompress:lzss)
                  0000faf0    00000064     driverlib.lib : hibernate.obj (.text:HibernateWakeSet)
                  0000fb54    00000060                   : timer.obj (.text:TimerConfigure)
                  0000fbb4    0000005a     grlib.lib : string.obj (.text:FontWideGlyphDataGet)
                  0000fc0e    00000002     rtsv7M4_T_le_v4SPD16_eabi.lib : startup.obj (.text)
                  0000fc10    00000058     driverlib.lib : adc.obj (.text:ADCSequenceConfigure)
                  0000fc68    00000054     rtsv7M4_T_le_v4SPD16_eabi.lib : boot.obj (.text)
                  0000fcbc    00000054                                   : exit.obj (.text)
                  0000fd10    0000004c                                   : cpy_tbl.obj (.text)
                  0000fd5c    0000004a     grlib.lib : string.obj (.text:UpdateContextCharMapping)
                  0000fda6    00000002     --HOLE-- [fill = 0]
                  0000fda8    00000048     driverlib.lib : gpio.obj (.text:GPIOPinConfigure)
                  0000fdf0    00000040     rtsv7M4_T_le_v4SPD16_eabi.lib : strtok.obj (.text)
                  0000fe30    00000040                                   : u_divt2.obj (.text)
                  0000fe70    0000003a     grlib.lib : string.obj (.text:FontGlyphDataGet)
                  0000feaa    00000036     rtsv7M4_T_le_v4SPD16_eabi.lib : strncpy.obj (.text)
                  0000fee0    00000034     driverlib.lib : interrupt.obj (.text:IntRegister)
                  0000ff14    00000034                   : sysctl.obj (.text:SysCtlPeripheralEnable)
                  0000ff48    0000002e                   : adc.obj (.text:ADCIntStatus)
                  0000ff76    0000002e     grlib.lib : string.obj (.text:GrStringNextCharGet)
                  0000ffa4    0000002c               : string.obj (.text:GrFontBaselineGet)
                  0000ffd0    0000002c     driverlib.lib : hibernate.obj (.text:HibernateRTCSet)
                  0000fffc    0000002a                   : gpio.obj (.text:GPIODirModeSet)
                  00010026    0000002a     rtsv7M4_T_le_v4SPD16_eabi.lib : strspn.obj (.text)
                  00010050    00000028     driverlib.lib : hibernate.obj (.text:HibernateDataSet)
                  00010078    00000026     grlib.lib : string.obj (.text:GrFontInfoGet)
                  0001009e    00000002     --HOLE-- [fill = 0]
                  000100a0    00000024     driverlib.lib : hibernate.obj (.text:HibernateDataGet)
                  000100c4    00000024     rtsv7M4_T_le_v4SPD16_eabi.lib : strcspn.obj (.text)
                  000100e8    00000022     grlib.lib : string.obj (.text:GrFontGlyphDataGet)
                  0001010a    0000001e     driverlib.lib : adc.obj (.text:ADCSequenceDataGet)
                  00010128    0000001e     grlib.lib : string.obj (.text:GrFontCodepageGet)
                  00010146    0000001e     rtsv7M4_T_le_v4SPD16_eabi.lib : strcat.obj (.text)
                  00010164    00000018     driverlib.lib : adc.obj (.text:ADCProcessorTrigger)
                  0001017c    00000018                   : hibernate.obj (.text:HibernateIntStatus)
                  00010194    00000018     rtsv7M4_T_le_v4SPD16_eabi.lib : args_main.obj (.text)
                  000101ac    00000018                                   : strcmp.obj (.text)
                  000101c4    00000016     grlib.lib : string.obj (.text:GrStringDraw)
                  000101da    00000002     --HOLE-- [fill = 0]
                  000101dc    00000014     driverlib.lib : hibernate.obj (.text:HibernateEnableExpClk)
                  000101f0    00000014                   : hibernate.obj (.text:HibernateIntClear)
                  00010204    00000014                   : hibernate.obj (.text:HibernateRTCEnable)
                  00010218    00000014                   : hibernate.obj (.text:HibernateRequest)
                  0001022c    00000014     rtsv7M4_T_le_v4SPD16_eabi.lib : _lock.obj (.text)
                  00010240    00000014                                   : strcpy.obj (.text)
                  00010254    00000014                                   : strlen.obj (.text)
                  00010268    00000012     driverlib.lib : gpio.obj (.text:GPIOPinTypeADC)
                  0001027a    00000012                   : timer.obj (.text:TimerLoadSet)
                  0001028c    00000010                   : hibernate.obj (.text:HibernateRTCMatchSet)
                  0001029c    00000010                   : hibernate.obj (.text:HibernateRTCSSGet)
                  000102ac    00000010                   : hibernate.obj (.text:HibernateRTCTrimSet)
                  000102bc    00000010                   : hibernate.obj (.text:_HibernateWriteComplete)
                  000102cc    0000000e                   : adc.obj (.text:ADCSequenceEnable)
                  000102da    0000000e                   : timer.obj (.text:TimerEnable)
                  000102e8    0000000e     rtsv7M4_T_le_v4SPD16_eabi.lib : copy_decompress_none.obj (.text:decompress:none)
                  000102f6    00000002     --HOLE-- [fill = 0]
                  000102f8    0000000c     driverlib.lib : hibernate.obj (.text:HibernateRTCGet)
                  00010304    0000000c     rtsv7M4_T_le_v4SPD16_eabi.lib : copy_zero_init.obj (.text:decompress:ZI)
                  00010310    0000000c     tm4c123gh6pge_startup_ccs.obj (.text)
                  0001031c    0000000a     driverlib.lib : adc.obj (.text:ADCIntClear)
                  00010326    00000008                   : sw_crc.obj (.text:Crc16Array)
                  0001032e    00000008     grlib.lib : charmap.obj (.text:GrMapISO8859_1_Unicode)
                  00010336    00000008     driverlib.lib : timer.obj (.text:TimerIntEnable)
                  0001033e    00000006     grlib.lib : string.obj (.text:GrContextFontSet)
                  00010344    00000006     driverlib.lib : sysctl.obj (.text:SysCtlDelay)
                  0001034a    00000006                   : timer.obj (.text:TimerClockSourceSet)
                  00010350    00000004                   : timer.obj (.text:TimerIntClear)
                  00010354    00000004     rtsv7M4_T_le_v4SPD16_eabi.lib : pre_init.obj (.text)

.cinit     0    00010358    00000160     
                  00010358    00000125     (.cinit..data.load) [load image, compression = lzss]
                  0001047d    00000003     --HOLE-- [fill = 0]
                  00010480    0000000c     (__TI_handler_table)
                  0001048c    00000004     --HOLE-- [fill = 0]
                  00010490    00000008     (.cinit..bss.load) [load image, compression = zero_init]
                  00010498    00000008     (.cinit..vtable.load) [load image, compression = zero_init]
                  000104a0    00000018     (__TI_cinit_table)

.init_array 
*          0    00000000    00000000     UNINITIALIZED

.vtable    0    20000000    0000026c     UNINITIALIZED
                  20000000    0000026c     driverlib.lib : interrupt.obj (.vtable)

.bss       0    2000026c    000007ba     UNINITIALIZED
                  2000026c    00000234     sd_card.obj (.bss:g_sFatFs)
                  200004a0    00000224     sd_card.obj (.bss:g_sFileObject)
                  200006c4    00000200     ff.obj (.bss:LfnBuf)
                  200008c4    00000050     sd_card.obj (.bss:g_pcTmpBuf)
                  20000914    00000040     sd_card.obj (.bss:g_pcCmdBuf)
                  20000954    00000030     (.common:ConfigState)
                  20000984    0000002c     (.common:g_sContext)
                  200009b0    00000024     cmdline.obj (.bss:g_ppcArgv)
                  200009d4    00000024     sd_card.obj (.bss:g_sDirObject)
                  200009f8    00000020     sd_card.obj (.bss:g_sFileInfo)
                  20000a18    00000004     ff.obj (.bss:FatFs)
                  20000a1c    00000004     (.common:g_psGrLibDefaults)
                  20000a20    00000003     mmc-dk-tm4c123g.obj (.bss)
                  20000a23    00000001     --HOLE--
                  20000a24    00000002     ff.obj (.bss)

.stack     0    20000a28    00000200     UNINITIALIZED
                  20000a28    00000200     --HOLE--

.data      0    20000c28    000001cc     UNINITIALIZED
                  20000c28    000000a0     sd_card.obj (.data:g_psFResultStrings)
                  20000cc8    0000009c     sd_card.obj (.data:g_psCmdTable)
                  20000d64    00000050     sd_card.obj (.data:g_pcCwdBuf)
                  20000db4    00000013     cfal96x64x16.obj (.data:g_ui8DisplayInitCommands)
                  20000dc7    00000001     --HOLE--
                  20000dc8    0000000c     rtsv7M4_T_le_v4SPD16_eabi.lib : exit.obj (.data:$O1$$)
                  20000dd4    00000008                                   : _lock.obj (.data:$O1$$)
                  20000ddc    00000005     uartstdio.obj (.data)
                  20000de1    00000002     mmc-dk-tm4c123g.obj (.data)
                  20000de3    00000001     --HOLE--
                  20000de4    00000004     FP_acquire.obj (.data)
                  20000de8    00000004     rtsv7M4_T_le_v4SPD16_eabi.lib : stkdepth_vars.obj (.data)
                  20000dec    00000004                                   : strtok.obj (.data)
                  20000df0    00000004     ustdlib.obj (.data)

MODULE SUMMARY

       Module                          code    ro data   rw data
       ------                          ----    -------   -------
    .\
       sd_card.obj                     2304    634       1720   
       ustdlib.obj                     3204    94        4      
       FP_acquire.obj                  1916    22        52     
       uartstdio.obj                   1244    46        5      
       Main.obj                        888     0         44     
       tm4c123gh6pge_startup_ccs.obj   12      620       0      
    +--+-------------------------------+-------+---------+---------+
       Total:                          9568    1416      1825   
                                                                
    .\drivers\
       cfal96x64x16.obj                1660    40        19     
    +--+-------------------------------+-------+---------+---------+
       Total:                          1660    40        19     
                                                                
    .\third_party\fatfs\port\
       mmc-dk-tm4c123g.obj             2504    0         5      
    +--+-------------------------------+-------+---------+---------+
       Total:                          2504    0         5      
                                                                
    .\third_party\fatfs\src\
       ff.obj                          13216   13        518    
    +--+-------------------------------+-------+---------+---------+
       Total:                          13216   13        518    
                                                                
    .\third_party\fatfs\src\option\
       cc932.obj                       296     30520     0      
    +--+-------------------------------+-------+---------+---------+
       Total:                          296     30520     0      
                                                                
    .\utils\
       cmdline.obj                     172     0         36     
    +--+-------------------------------+-------+---------+---------+
       Total:                          172     0         36     
                                                                
    C:/ti/TivaWare_C_Series-2.1.3.156/driverlib/ccs/Debug/driverlib.lib
       interrupt.obj                   260     112       620    
       sw_crc.obj                      212     512       0      
       sysctl.obj                      574     108       0      
       gpio.obj                        438     144       0      
       hibernate.obj                   400     0         0      
       adc.obj                         334     0         0      
       timer.obj                       146     0         0      
    +--+-------------------------------+-------+---------+---------+
       Total:                          2364    876       620    
                                                                
    C:/ti/TivaWare_C_Series-2.1.3.156/grlib/ccs/Debug/grlib.lib
       string.obj                      1334    0         0      
       fontfixed6x8.obj                0       960       0      
       rectangle.obj                   134     0         0      
       context.obj                     104     16        4      
       charmap.obj                     8       0         0      
    +--+-------------------------------+-------+---------+---------+
       Total:                          1580    976       4      
                                                                
    C:\ti\ccsv7\tools\compiler\ti-cgt-arm_16.9.4.LTS\lib\rtsv7M4_T_le_v4SPD16_eabi.lib
       memcpy_t2.obj                   156     0         0      
       memset_t2.obj                   122     0         0      
       autoinit.obj                    112     0         0      
       copy_decompress_lzss.obj        104     0         0      
       exit.obj                        84      0         12     
       boot.obj                        84      0         0      
       cpy_tbl.obj                     76      0         0      
       strtok.obj                      64      0         4      
       u_divt2.obj                     64      0         0      
       strncpy.obj                     54      0         0      
       strspn.obj                      42      0         0      
       strcspn.obj                     36      0         0      
       strcat.obj                      30      0         0      
       _lock.obj                       20      0         8      
       args_main.obj                   24      0         0      
       strcmp.obj                      24      0         0      
       strcpy.obj                      20      0         0      
       strlen.obj                      20      0         0      
       copy_decompress_none.obj        14      0         0      
       copy_zero_init.obj              12      0         0      
       pre_init.obj                    4       0         0      
       stkdepth_vars.obj               0       0         4      
       i_div0.obj                      2       0         0      
       mpu_init.obj                    2       0         0      
       startup.obj                     2       0         0      
    +--+-------------------------------+-------+---------+---------+
       Total:                          1172    0         28     
                                                                
       Stack:                          0       0         512    
       Linker Generated:               0       345       0      
    +--+-------------------------------+-------+---------+---------+
       Grand Total:                    32532   34186     3567   


LINKER GENERATED COPY TABLES

__TI_cinit_table @ 000104a0 records: 3, size/record: 8, table size: 24
	.data: load addr=00010358, load size=00000125 bytes, run addr=20000c28, run size=000001cc bytes, compression=lzss
	.bss: load addr=00010490, load size=00000008 bytes, run addr=2000026c, run size=000007ba bytes, compression=zero_init
	.vtable: load addr=00010498, load size=00000008 bytes, run addr=20000000, run size=0000026c bytes, compression=zero_init


LINKER GENERATED HANDLER TABLE

__TI_handler_table @ 00010480 records: 3, size/record: 4, table size: 12
	index: 0, handler: __TI_zero_init
	index: 1, handler: __TI_decompress_lzss
	index: 2, handler: __TI_decompress_none


GLOBAL SYMBOLS: SORTED ALPHABETICALLY BY Name 

address   name                           
-------   ----                           
0001031d  ADCIntClear                    
0000ff49  ADCIntStatus                   
00010165  ADCProcessorTrigger            
0000fc11  ADCSequenceConfigure           
0001010b  ADCSequenceDataGet             
000102cd  ADCSequenceEnable              
0000f783  ADCSequenceStepConfigure       
0000dc6d  ADCSetup                       
0000d9b5  AcquireSetup                   
0000ea63  BrdConnConfigDisplay           
0000fcbd  C$$EXIT                        
0000e367  CFAL96x64x16Init               
0000f5b5  CmdLineProcess                 
0000d109  Cmd_cat                        
0000cfdd  Cmd_cd                         
0000d285  Cmd_date                       
0000d1ad  Cmd_help                       
0000d453  Cmd_log                        
0000d459  Cmd_log_config                 
0000ce6f  Cmd_ls                         
0000d0cd  Cmd_pwd                        
0000d389  Cmd_time                       
20000954  ConfigState                    
0000f429  Crc16                          
00010327  Crc16Array                     
0000fffd  GPIODirModeSet                 
0000efc9  GPIOPadConfigSet               
0000fda9  GPIOPinConfigure               
00010269  GPIOPinTypeADC                 
0000dd17  GetHibData                     
0001033f  GrContextFontSet               
0000f8e9  GrContextInit                  
0000f4f5  GrDefaultStringRenderer        
0000ffa5  GrFontBaselineGet              
00010129  GrFontCodepageGet              
000100e9  GrFontGlyphDataGet             
0000ed75  GrFontGlyphRender              
00010079  GrFontInfoGet                  
0001032f  GrMapISO8859_1_Unicode         
0000f6fd  GrRectFill                     
000101c5  GrStringDraw                   
0000ff77  GrStringNextCharGet            
0000f951  GrStringWidthGet               
000100a1  HibernateDataGet               
00010051  HibernateDataSet               
000101dd  HibernateEnableExpClk          
000101f1  HibernateIntClear              
0001017d  HibernateIntStatus             
00010205  HibernateRTCEnable             
000102f9  HibernateRTCGet                
0001028d  HibernateRTCMatchSet           
0001029d  HibernateRTCSSGet              
0000ffd1  HibernateRTCSet                
000102ad  HibernateRTCTrimSet            
00010219  HibernateRequest               
0000faf1  HibernateWakeSet               
0000e9fd  InitConsole                    
0000f9b9  IntDisable                     
0000fa21  IntEnable                      
0000fee1  IntRegister                    
0000d869  RTCHandler                     
0000dbfd  RTCMatchGenerate               
0000ea51  RTCSetup                       
00010311  ResetISR                       
UNDEFED   SHT$$INIT_ARRAY$$Base          
UNDEFED   SHT$$INIT_ARRAY$$Limit         
0000d4a9  SerialUI                       
0000dd75  SetHibData                     
0000dc57  StartLogging                   
0000ce29  StringFromFResult              
0000f225  SysCtlClockGet                 
0000f335  SysCtlClockSet                 
00010345  SysCtlDelay                    
0000ff15  SysCtlPeripheralEnable         
0000ce67  SysTickHandler                 
0000d7b3  Timer0Handler                  
0001034b  TimerClockSourceSet            
0000fb55  TimerConfigure                 
000102db  TimerEnable                    
00010351  TimerIntClear                  
00010337  TimerIntEnable                 
0001027b  TimerLoadSet                   
0000e521  UARTStdioConfig                
0000e699  UARTgetc                       
0000e5d3  UARTgets                       
0000e9c7  UARTprintf                     
0000e6cd  UARTvprintf                    
0000e581  UARTwrite                      
20000c28  __STACK_END                    
00000200  __STACK_SIZE                   
20000c28  __STACK_TOP                    
000104a0  __TI_CINIT_Base                
000104b8  __TI_CINIT_Limit               
00010480  __TI_Handler_Table_Base        
0001048c  __TI_Handler_Table_Limit       
0000f879  __TI_auto_init                 
20000dc8  __TI_cleanup_ptr               
0000fa89  __TI_decompress_lzss           
000102e9  __TI_decompress_none           
20000dcc  __TI_dtors_ptr                 
20000dd0  __TI_enable_exit_profile_output
ffffffff  __TI_pprof_out_hndl            
ffffffff  __TI_prof_data_size            
ffffffff  __TI_prof_data_start           
00000000  __TI_static_base__             
00010305  __TI_zero_init                 
0000f0fb  __aeabi_idiv0                  
0000f7fd  __aeabi_memclr                 
0000f7fd  __aeabi_memclr4                
0000f7fd  __aeabi_memclr8                
0000f661  __aeabi_memcpy                 
0000f661  __aeabi_memcpy4                
0000f661  __aeabi_memcpy8                
0000f7ff  __aeabi_memset                 
0000f7ff  __aeabi_memset4                
0000f7ff  __aeabi_memset8                
0000fe31  __aeabi_uidiv                  
0000fe31  __aeabi_uidivmod               
ffffffff  __binit__                      
ffffffff  __c_args__                     
0000f877  __mpu_init                     
20000a28  __stack                        
00010195  _args_main                     
0000fc69  _c_int00                       
20000dd4  _lock                          
0001023b  _nop                           
00010233  _register_lock                 
0001022d  _register_unlock               
0000fc0f  _system_post_cinit             
00010355  _system_pre_init               
20000dd8  _unlock                        
0000fcc1  abort                          
ffffffff  binit                          
000086d5  clust2sect                     
0000fd11  copy_in                        
0000c87d  disk_initialize                
0000cbcd  disk_ioctl                     
0000ca3b  disk_read                      
0000ca21  disk_status                    
0000cdcf  disk_timerproc                 
0000cae5  disk_write                     
0000fcc9  exit                           
0000b561  f_chmod                        
0000ac09  f_close                        
0000b015  f_getfree                      
0000ac29  f_lseek                        
0000b371  f_mkdir                        
0000a3a3  f_mount                        
0000a3f9  f_open                         
0000ae77  f_opendir                      
0000a615  f_read                         
0000af2d  f_readdir                      
0000b67d  f_rename                       
0000afbd  f_stat                         
0000ab0d  f_sync                         
0000b177  f_truncate                     
0000b26b  f_unlink                       
0000b5f5  f_utime                        
0000a869  f_write                        
0000f0fd  ff_convert                     
0000f1cb  ff_wtoupper                    
20000000  g_pfnRAMVectors                
00000000  g_pfnVectors                   
20000cc8  g_psCmdTable                   
000083f8  g_psDefaultCodePointMapTable   
20000c28  g_psFResultStrings             
0000837c  g_sCFAL96x64x16                
20000984  g_sContext                     
00008118  g_sFontFixed6x8                
00009109  gen_numname                    
00008705  get_fat                        
0000ce13  get_fattime                    
0000d729  itoc                           
0000ec57  main                           
20000de8  main_func_sp                   
0000f661  memcpy                         
0000f805  memset                         
00008829  put_fat                        
00010147  strcat                         
000101ad  strcmp                         
00010241  strcpy                         
000100c5  strcspn                        
00010255  strlen                         
0000feab  strncpy                        
00010027  strspn                         
0000fdf1  strtok                         
0000bcc1  ulocaltime                     
0000bebf  umktime                        
0000c439  urand                          
0000bc91  usnprintf                      
0000bc5f  usprintf                       
0000c429  usrand                         
0000c3a1  ustrcasecmp                    
0000c415  ustrcmp                        
0000c2a5  ustrlen                        
0000c2fd  ustrncasecmp                   
0000c3b5  ustrncmp                       
0000b7dd  ustrncpy                       
0000c2c7  ustrstr                        
0000c06d  ustrtof                        
0000bf35  ustrtoul                       
0000b835  uvsnprintf                     


GLOBAL SYMBOLS: SORTED BY Symbol Address 

address   name                           
-------   ----                           
00000000  __TI_static_base__             
00000000  g_pfnVectors                   
00000200  __STACK_SIZE                   
00008118  g_sFontFixed6x8                
0000837c  g_sCFAL96x64x16                
000083f8  g_psDefaultCodePointMapTable   
000086d5  clust2sect                     
00008705  get_fat                        
00008829  put_fat                        
00009109  gen_numname                    
0000a3a3  f_mount                        
0000a3f9  f_open                         
0000a615  f_read                         
0000a869  f_write                        
0000ab0d  f_sync                         
0000ac09  f_close                        
0000ac29  f_lseek                        
0000ae77  f_opendir                      
0000af2d  f_readdir                      
0000afbd  f_stat                         
0000b015  f_getfree                      
0000b177  f_truncate                     
0000b26b  f_unlink                       
0000b371  f_mkdir                        
0000b561  f_chmod                        
0000b5f5  f_utime                        
0000b67d  f_rename                       
0000b7dd  ustrncpy                       
0000b835  uvsnprintf                     
0000bc5f  usprintf                       
0000bc91  usnprintf                      
0000bcc1  ulocaltime                     
0000bebf  umktime                        
0000bf35  ustrtoul                       
0000c06d  ustrtof                        
0000c2a5  ustrlen                        
0000c2c7  ustrstr                        
0000c2fd  ustrncasecmp                   
0000c3a1  ustrcasecmp                    
0000c3b5  ustrncmp                       
0000c415  ustrcmp                        
0000c429  usrand                         
0000c439  urand                          
0000c87d  disk_initialize                
0000ca21  disk_status                    
0000ca3b  disk_read                      
0000cae5  disk_write                     
0000cbcd  disk_ioctl                     
0000cdcf  disk_timerproc                 
0000ce13  get_fattime                    
0000ce29  StringFromFResult              
0000ce67  SysTickHandler                 
0000ce6f  Cmd_ls                         
0000cfdd  Cmd_cd                         
0000d0cd  Cmd_pwd                        
0000d109  Cmd_cat                        
0000d1ad  Cmd_help                       
0000d285  Cmd_date                       
0000d389  Cmd_time                       
0000d453  Cmd_log                        
0000d459  Cmd_log_config                 
0000d4a9  SerialUI                       
0000d729  itoc                           
0000d7b3  Timer0Handler                  
0000d869  RTCHandler                     
0000d9b5  AcquireSetup                   
0000dbfd  RTCMatchGenerate               
0000dc57  StartLogging                   
0000dc6d  ADCSetup                       
0000dd17  GetHibData                     
0000dd75  SetHibData                     
0000e367  CFAL96x64x16Init               
0000e521  UARTStdioConfig                
0000e581  UARTwrite                      
0000e5d3  UARTgets                       
0000e699  UARTgetc                       
0000e6cd  UARTvprintf                    
0000e9c7  UARTprintf                     
0000e9fd  InitConsole                    
0000ea51  RTCSetup                       
0000ea63  BrdConnConfigDisplay           
0000ec57  main                           
0000ed75  GrFontGlyphRender              
0000efc9  GPIOPadConfigSet               
0000f0fb  __aeabi_idiv0                  
0000f0fd  ff_convert                     
0000f1cb  ff_wtoupper                    
0000f225  SysCtlClockGet                 
0000f335  SysCtlClockSet                 
0000f429  Crc16                          
0000f4f5  GrDefaultStringRenderer        
0000f5b5  CmdLineProcess                 
0000f661  __aeabi_memcpy                 
0000f661  __aeabi_memcpy4                
0000f661  __aeabi_memcpy8                
0000f661  memcpy                         
0000f6fd  GrRectFill                     
0000f783  ADCSequenceStepConfigure       
0000f7fd  __aeabi_memclr                 
0000f7fd  __aeabi_memclr4                
0000f7fd  __aeabi_memclr8                
0000f7ff  __aeabi_memset                 
0000f7ff  __aeabi_memset4                
0000f7ff  __aeabi_memset8                
0000f805  memset                         
0000f877  __mpu_init                     
0000f879  __TI_auto_init                 
0000f8e9  GrContextInit                  
0000f951  GrStringWidthGet               
0000f9b9  IntDisable                     
0000fa21  IntEnable                      
0000fa89  __TI_decompress_lzss           
0000faf1  HibernateWakeSet               
0000fb55  TimerConfigure                 
0000fc0f  _system_post_cinit             
0000fc11  ADCSequenceConfigure           
0000fc69  _c_int00                       
0000fcbd  C$$EXIT                        
0000fcc1  abort                          
0000fcc9  exit                           
0000fd11  copy_in                        
0000fda9  GPIOPinConfigure               
0000fdf1  strtok                         
0000fe31  __aeabi_uidiv                  
0000fe31  __aeabi_uidivmod               
0000feab  strncpy                        
0000fee1  IntRegister                    
0000ff15  SysCtlPeripheralEnable         
0000ff49  ADCIntStatus                   
0000ff77  GrStringNextCharGet            
0000ffa5  GrFontBaselineGet              
0000ffd1  HibernateRTCSet                
0000fffd  GPIODirModeSet                 
00010027  strspn                         
00010051  HibernateDataSet               
00010079  GrFontInfoGet                  
000100a1  HibernateDataGet               
000100c5  strcspn                        
000100e9  GrFontGlyphDataGet             
0001010b  ADCSequenceDataGet             
00010129  GrFontCodepageGet              
00010147  strcat                         
00010165  ADCProcessorTrigger            
0001017d  HibernateIntStatus             
00010195  _args_main                     
000101ad  strcmp                         
000101c5  GrStringDraw                   
000101dd  HibernateEnableExpClk          
000101f1  HibernateIntClear              
00010205  HibernateRTCEnable             
00010219  HibernateRequest               
0001022d  _register_unlock               
00010233  _register_lock                 
0001023b  _nop                           
00010241  strcpy                         
00010255  strlen                         
00010269  GPIOPinTypeADC                 
0001027b  TimerLoadSet                   
0001028d  HibernateRTCMatchSet           
0001029d  HibernateRTCSSGet              
000102ad  HibernateRTCTrimSet            
000102cd  ADCSequenceEnable              
000102db  TimerEnable                    
000102e9  __TI_decompress_none           
000102f9  HibernateRTCGet                
00010305  __TI_zero_init                 
00010311  ResetISR                       
0001031d  ADCIntClear                    
00010327  Crc16Array                     
0001032f  GrMapISO8859_1_Unicode         
00010337  TimerIntEnable                 
0001033f  GrContextFontSet               
00010345  SysCtlDelay                    
0001034b  TimerClockSourceSet            
00010351  TimerIntClear                  
00010355  _system_pre_init               
00010480  __TI_Handler_Table_Base        
0001048c  __TI_Handler_Table_Limit       
000104a0  __TI_CINIT_Base                
000104b8  __TI_CINIT_Limit               
20000000  g_pfnRAMVectors                
20000954  ConfigState                    
20000984  g_sContext                     
20000a28  __stack                        
20000c28  __STACK_END                    
20000c28  __STACK_TOP                    
20000c28  g_psFResultStrings             
20000cc8  g_psCmdTable                   
20000dc8  __TI_cleanup_ptr               
20000dcc  __TI_dtors_ptr                 
20000dd0  __TI_enable_exit_profile_output
20000dd4  _lock                          
20000dd8  _unlock                        
20000de8  main_func_sp                   
ffffffff  __TI_pprof_out_hndl            
ffffffff  __TI_prof_data_size            
ffffffff  __TI_prof_data_start           
ffffffff  __binit__                      
ffffffff  __c_args__                     
ffffffff  binit                          
UNDEFED   SHT$$INIT_ARRAY$$Base          
UNDEFED   SHT$$INIT_ARRAY$$Limit         

[202 symbols]
