******************************************************************************
                  TI ARM Linker PC v16.9.4                     
******************************************************************************
>> Linked Tue Dec 05 16:34:47 2017

OUTPUT FILE NAME:   <Frost_Probe.out>
ENTRY POINT SYMBOL: "_c_int00"  address: 000027e5


MEMORY CONFIGURATION

         name            origin    length      used     unused   attr    fill
----------------------  --------  ---------  --------  --------  ----  --------
  FLASH                 00000000   00040000  00003132  0003cece  R  X
  SRAM                  20000000   00008000  000004ec  00007b14  RW X


SEGMENT ALLOCATION MAP

run origin  load origin   length   init length attrs members
----------  ----------- ---------- ----------- ----- -------
00000000    00000000    00003138   00003138    r-x
  00000000    00000000    0000026c   0000026c    r-- .intvecs
  0000026c    0000026c    00002a6a   00002a6a    r-x .text
  00002cd8    00002cd8    00000414   00000414    r-- .const
  000030f0    000030f0    00000048   00000048    r-- .cinit
20000000    20000000    000004ec   00000000    rw-
  20000000    20000000    0000026c   00000000    rw- .vtable
  2000026c    2000026c    00000200   00000000    rw- .stack
  2000046c    2000046c    00000054   00000000    rw- .bss
  200004c0    200004c0    0000002c   00000000    rw- .data


SECTION ALLOCATION MAP

 output                                  attributes/
section   page    origin      length       input sections
--------  ----  ----------  ----------   ----------------
.intvecs   0    00000000    0000026c     
                  00000000    0000026c     tm4c123gh6pge_startup_ccs.obj (.intvecs)

.text      0    0000026c    00002a6a     
                  0000026c    00000c84     ustdlib.obj (.text)
                  00000ef0    0000077c     FP_acquire.obj (.text)
                  0000166c    000004dc     uartstdio.obj (.text)
                  00001b48    00000268     datetimeset.obj (.text)
                  00001db0    000001dc     Main.obj (.text)
                  00001f8c    00000132     driverlib.lib : gpio.obj (.text:GPIOPadConfigSet)
                  000020be    00000002     rtsv7M4_T_le_v4SPD16_eabi.lib : i_div0.obj (.text)
                  000020c0    00000110     driverlib.lib : sysctl.obj (.text:SysCtlClockGet)
                  000021d0    000000f4                   : sysctl.obj (.text:SysCtlClockSet)
                  000022c4    000000cc                   : sw_crc.obj (.text:Crc16)
                  00002390    0000009c     rtsv7M4_T_le_v4SPD16_eabi.lib : memcpy_t2.obj (.text)
                  0000242c    0000007a     driverlib.lib : adc.obj (.text:ADCSequenceStepConfigure)
                  000024a6    0000007a     rtsv7M4_T_le_v4SPD16_eabi.lib : memset_t2.obj (.text)
                  00002520    00000070                                   : autoinit.obj (.text)
                  00002590    00000068     driverlib.lib : interrupt.obj (.text:IntDisable)
                  000025f8    00000068                   : interrupt.obj (.text:IntEnable)
                  00002660    00000068     rtsv7M4_T_le_v4SPD16_eabi.lib : copy_decompress_lzss.obj (.text:decompress:lzss)
                  000026c8    00000064     driverlib.lib : hibernate.obj (.text:HibernateWakeSet)
                  0000272c    00000060                   : timer.obj (.text:TimerConfigure)
                  0000278c    00000058                   : adc.obj (.text:ADCSequenceConfigure)
                  000027e4    00000054     rtsv7M4_T_le_v4SPD16_eabi.lib : boot.obj (.text)
                  00002838    00000054                                   : exit.obj (.text)
                  0000288c    0000004c                                   : cpy_tbl.obj (.text)
                  000028d8    00000048     driverlib.lib : gpio.obj (.text:GPIOPinConfigure)
                  00002920    00000040     rtsv7M4_T_le_v4SPD16_eabi.lib : strtok.obj (.text)
                  00002960    00000040                                   : u_divt2.obj (.text)
                  000029a0    00000034     driverlib.lib : interrupt.obj (.text:IntRegister)
                  000029d4    00000034                   : sysctl.obj (.text:SysCtlPeripheralEnable)
                  00002a08    0000002e                   : adc.obj (.text:ADCIntStatus)
                  00002a36    00000002     rtsv7M4_T_le_v4SPD16_eabi.lib : mpu_init.obj (.text)
                  00002a38    0000002c     driverlib.lib : hibernate.obj (.text:HibernateRTCSet)
                  00002a64    0000002a                   : gpio.obj (.text:GPIODirModeSet)
                  00002a8e    0000002a     rtsv7M4_T_le_v4SPD16_eabi.lib : strspn.obj (.text)
                  00002ab8    00000028     driverlib.lib : hibernate.obj (.text:HibernateDataSet)
                  00002ae0    00000024                   : hibernate.obj (.text:HibernateDataGet)
                  00002b04    00000024     rtsv7M4_T_le_v4SPD16_eabi.lib : strcspn.obj (.text)
                  00002b28    0000001e     driverlib.lib : adc.obj (.text:ADCSequenceDataGet)
                  00002b46    00000018                   : adc.obj (.text:ADCProcessorTrigger)
                  00002b5e    00000002     rtsv7M4_T_le_v4SPD16_eabi.lib : startup.obj (.text)
                  00002b60    00000018     driverlib.lib : hibernate.obj (.text:HibernateIntStatus)
                  00002b78    00000018     rtsv7M4_T_le_v4SPD16_eabi.lib : args_main.obj (.text)
                  00002b90    00000014     driverlib.lib : hibernate.obj (.text:HibernateEnableExpClk)
                  00002ba4    00000014                   : hibernate.obj (.text:HibernateIntClear)
                  00002bb8    00000014                   : hibernate.obj (.text:HibernateRTCEnable)
                  00002bcc    00000014                   : hibernate.obj (.text:HibernateRequest)
                  00002be0    00000014     rtsv7M4_T_le_v4SPD16_eabi.lib : _lock.obj (.text)
                  00002bf4    00000012     driverlib.lib : gpio.obj (.text:GPIOPinTypeADC)
                  00002c06    00000012                   : timer.obj (.text:TimerLoadSet)
                  00002c18    00000010                   : hibernate.obj (.text:HibernateRTCMatchSet)
                  00002c28    00000010                   : hibernate.obj (.text:HibernateRTCSSGet)
                  00002c38    00000010                   : hibernate.obj (.text:HibernateRTCTrimSet)
                  00002c48    00000010                   : hibernate.obj (.text:_HibernateWriteComplete)
                  00002c58    0000000e                   : adc.obj (.text:ADCSequenceEnable)
                  00002c66    0000000e                   : timer.obj (.text:TimerEnable)
                  00002c74    0000000e     rtsv7M4_T_le_v4SPD16_eabi.lib : copy_decompress_none.obj (.text:decompress:none)
                  00002c82    00000002     --HOLE-- [fill = 0]
                  00002c84    0000000c     driverlib.lib : hibernate.obj (.text:HibernateRTCGet)
                  00002c90    0000000c     rtsv7M4_T_le_v4SPD16_eabi.lib : copy_zero_init.obj (.text:decompress:ZI)
                  00002c9c    0000000c     tm4c123gh6pge_startup_ccs.obj (.text)
                  00002ca8    0000000a     driverlib.lib : adc.obj (.text:ADCIntClear)
                  00002cb2    00000008                   : sw_crc.obj (.text:Crc16Array)
                  00002cba    00000008                   : timer.obj (.text:TimerIntEnable)
                  00002cc2    00000006                   : sysctl.obj (.text:SysCtlDelay)
                  00002cc8    00000006                   : timer.obj (.text:TimerClockSourceSet)
                  00002cce    00000004                   : timer.obj (.text:TimerIntClear)
                  00002cd2    00000004     rtsv7M4_T_le_v4SPD16_eabi.lib : pre_init.obj (.text)

.const     0    00002cd8    00000414     
                  00002cd8    00000200     driverlib.lib : sw_crc.obj (.const:g_pui16Crc16)
                  00002ed8    00000090                   : gpio.obj (.const:g_pui32GPIOBaseAddrs)
                  00002f68    00000070                   : interrupt.obj (.const)
                  00002fd8    0000006c                   : sysctl.obj (.const:g_pui32Xtals)
                  00003044    00000030     ustdlib.obj (.const:g_psDaysToMonth)
                  00003074    00000018     ustdlib.obj (.const:g_pfExponents)
                  0000308c    00000012     FP_acquire.obj (.const:.string)
                  0000309e    00000002     --HOLE-- [fill = 0]
                  000030a0    00000012     uartstdio.obj (.const:.string)
                  000030b2    00000002     --HOLE-- [fill = 0]
                  000030b4    00000012     ustdlib.obj (.const:.string)
                  000030c6    00000002     --HOLE-- [fill = 0]
                  000030c8    0000000c     uartstdio.obj (.const:g_ui32UARTBase)
                  000030d4    0000000c     uartstdio.obj (.const:g_ui32UARTPeriph)
                  000030e0    00000004     FP_acquire.obj (.const)
                  000030e4    00000004     uartstdio.obj (.const)
                  000030e8    00000004     ustdlib.obj (.const)

.cinit     0    000030f0    00000048     
                  000030f0    00000014     (.cinit..data.load) [load image, compression = lzss]
                  00003104    0000000c     (__TI_handler_table)
                  00003110    00000008     (.cinit..bss.load) [load image, compression = zero_init]
                  00003118    00000008     (.cinit..vtable.load) [load image, compression = zero_init]
                  00003120    00000018     (__TI_cinit_table)

.init_array 
*          0    00000000    00000000     UNINITIALIZED

.vtable    0    20000000    0000026c     UNINITIALIZED
                  20000000    0000026c     driverlib.lib : interrupt.obj (.vtable)

.stack     0    2000026c    00000200     UNINITIALIZED
                  2000026c    00000200     --HOLE--

.bss       0    2000046c    00000054     UNINITIALIZED
                  2000046c    00000030     (.common:ConfigState)
                  2000049c    00000024     (.common:RealTime)

.data      0    200004c0    0000002c     UNINITIALIZED
                  200004c0    0000000c     rtsv7M4_T_le_v4SPD16_eabi.lib : exit.obj (.data:$O1$$)
                  200004cc    00000008                                   : _lock.obj (.data:$O1$$)
                  200004d4    00000005     uartstdio.obj (.data)
                  200004d9    00000003     --HOLE--
                  200004dc    00000004     FP_acquire.obj (.data)
                  200004e0    00000004     rtsv7M4_T_le_v4SPD16_eabi.lib : stkdepth_vars.obj (.data)
                  200004e4    00000004                                   : strtok.obj (.data)
                  200004e8    00000004     ustdlib.obj (.data)

MODULE SUMMARY

       Module                          code    ro data   rw data
       ------                          ----    -------   -------
    .\
       ustdlib.obj                     3204    94        4      
       FP_acquire.obj                  1916    22        52     
       uartstdio.obj                   1244    46        5      
       tm4c123gh6pge_startup_ccs.obj   12      620       0      
       datetimeset.obj                 616     0         0      
       Main.obj                        476     0         36     
    +--+-------------------------------+-------+---------+---------+
       Total:                          7468    782       97     
                                                                
    C:/ti/TivaWare_C_Series-2.1.3.156/driverlib/ccs/Debug/driverlib.lib
       interrupt.obj                   260     112       620    
       sw_crc.obj                      212     512       0      
       sysctl.obj                      574     108       0      
       gpio.obj                        438     144       0      
       hibernate.obj                   400     0         0      
       adc.obj                         334     0         0      
       timer.obj                       146     0         0      
    +--+-------------------------------+-------+---------+---------+
       Total:                          2364    876       620    
                                                                
    C:\ti\ccsv7\tools\compiler\ti-cgt-arm_16.9.4.LTS\lib\rtsv7M4_T_le_v4SPD16_eabi.lib
       memcpy_t2.obj                   156     0         0      
       memset_t2.obj                   122     0         0      
       autoinit.obj                    112     0         0      
       copy_decompress_lzss.obj        104     0         0      
       exit.obj                        84      0         12     
       boot.obj                        84      0         0      
       cpy_tbl.obj                     76      0         0      
       strtok.obj                      64      0         4      
       u_divt2.obj                     64      0         0      
       strspn.obj                      42      0         0      
       strcspn.obj                     36      0         0      
       _lock.obj                       20      0         8      
       args_main.obj                   24      0         0      
       copy_decompress_none.obj        14      0         0      
       copy_zero_init.obj              12      0         0      
       pre_init.obj                    4       0         0      
       stkdepth_vars.obj               0       0         4      
       i_div0.obj                      2       0         0      
       mpu_init.obj                    2       0         0      
       startup.obj                     2       0         0      
    +--+-------------------------------+-------+---------+---------+
       Total:                          1024    0         28     
                                                                
       Stack:                          0       0         512    
       Linker Generated:               0       72        0      
    +--+-------------------------------+-------+---------+---------+
       Grand Total:                    10856   1730      1257   


LINKER GENERATED COPY TABLES

__TI_cinit_table @ 00003120 records: 3, size/record: 8, table size: 24
	.data: load addr=000030f0, load size=00000014 bytes, run addr=200004c0, run size=0000002c bytes, compression=lzss
	.bss: load addr=00003110, load size=00000008 bytes, run addr=2000046c, run size=00000054 bytes, compression=zero_init
	.vtable: load addr=00003118, load size=00000008 bytes, run addr=20000000, run size=0000026c bytes, compression=zero_init


LINKER GENERATED HANDLER TABLE

__TI_handler_table @ 00003104 records: 3, size/record: 4, table size: 12
	index: 0, handler: __TI_zero_init
	index: 1, handler: __TI_decompress_lzss
	index: 2, handler: __TI_decompress_none


GLOBAL SYMBOLS: SORTED ALPHABETICALLY BY Name 

address   name                           
-------   ----                           
00002ca9  ADCIntClear                    
00002a09  ADCIntStatus                   
00002b47  ADCProcessorTrigger            
0000278d  ADCSequenceConfigure           
00002b29  ADCSequenceDataGet             
00002c59  ADCSequenceEnable              
0000242d  ADCSequenceStepConfigure       
00001435  ADCSetup                       
0000117d  AcquireSetup                   
00002839  C$$EXIT                        
2000046c  ConfigState                    
000022c5  Crc16                          
00002cb3  Crc16Array                     
00001b49  DateSet                        
00002a65  GPIODirModeSet                 
00001f8d  GPIOPadConfigSet               
000028d9  GPIOPinConfigure               
00002bf5  GPIOPinTypeADC                 
000014df  GetHibData                     
00002ae1  HibernateDataGet               
00002ab9  HibernateDataSet               
00002b91  HibernateEnableExpClk          
00002ba5  HibernateIntClear              
00002b61  HibernateIntStatus             
00002bb9  HibernateRTCEnable             
00002c85  HibernateRTCGet                
00002c19  HibernateRTCMatchSet           
00002c29  HibernateRTCSSGet              
00002a39  HibernateRTCSet                
00002c39  HibernateRTCTrimSet            
00002bcd  HibernateRequest               
000026c9  HibernateWakeSet               
00001db1  InitConsole                    
00002591  IntDisable                     
000025f9  IntEnable                      
000029a1  IntRegister                    
00001031  RTCHandler                     
000013c5  RTCMatchGenerate               
00001e9d  RTCSetup                       
2000049c  RealTime                       
00002c9d  ResetISR                       
UNDEFED   SHT$$INIT_ARRAY$$Base          
UNDEFED   SHT$$INIT_ARRAY$$Limit         
0000153d  SetHibData                     
0000141f  StartLogging                   
000020c1  SysCtlClockGet                 
000021d1  SysCtlClockSet                 
00002cc3  SysCtlDelay                    
000029d5  SysCtlPeripheralEnable         
00001e05  SysTimeSet                     
00001c13  TimeSet                        
00000f7b  Timer0Handler                  
00002cc9  TimerClockSourceSet            
0000272d  TimerConfigure                 
00002c67  TimerEnable                    
00002ccf  TimerIntClear                  
00002cbb  TimerIntEnable                 
00002c07  TimerLoadSet                   
0000166d  UARTStdioConfig                
000017e5  UARTgetc                       
0000171f  UARTgets                       
00001b13  UARTprintf                     
00001819  UARTvprintf                    
000016cd  UARTwrite                      
2000046c  __STACK_END                    
00000200  __STACK_SIZE                   
2000046c  __STACK_TOP                    
00003120  __TI_CINIT_Base                
00003138  __TI_CINIT_Limit               
00003104  __TI_Handler_Table_Base        
00003110  __TI_Handler_Table_Limit       
00002521  __TI_auto_init                 
200004c0  __TI_cleanup_ptr               
00002661  __TI_decompress_lzss           
00002c75  __TI_decompress_none           
200004c4  __TI_dtors_ptr                 
200004c8  __TI_enable_exit_profile_output
ffffffff  __TI_pprof_out_hndl            
ffffffff  __TI_prof_data_size            
ffffffff  __TI_prof_data_start           
00000000  __TI_static_base__             
00002c91  __TI_zero_init                 
000020bf  __aeabi_idiv0                  
000024a7  __aeabi_memclr                 
000024a7  __aeabi_memclr4                
000024a7  __aeabi_memclr8                
00002391  __aeabi_memcpy                 
00002391  __aeabi_memcpy4                
00002391  __aeabi_memcpy8                
000024a9  __aeabi_memset                 
000024a9  __aeabi_memset4                
000024a9  __aeabi_memset8                
00002961  __aeabi_uidiv                  
00002961  __aeabi_uidivmod               
ffffffff  __binit__                      
ffffffff  __c_args__                     
00002a37  __mpu_init                     
2000026c  __stack                        
00002b79  _args_main                     
000027e5  _c_int00                       
200004cc  _lock                          
00002bef  _nop                           
00002be7  _register_lock                 
00002be1  _register_unlock               
00002b5f  _system_post_cinit             
00002cd3  _system_pre_init               
200004d0  _unlock                        
0000283d  abort                          
ffffffff  binit                          
0000288d  copy_in                        
00002845  exit                           
20000000  g_pfnRAMVectors                
00000000  g_pfnVectors                   
00000ef1  itoc                           
00001eaf  main                           
200004e0  main_func_sp                   
00002391  memcpy                         
000024af  memset                         
00002b05  strcspn                        
00002a8f  strspn                         
00002921  strtok                         
00000751  ulocaltime                     
0000094f  umktime                        
00000ec9  urand                          
00000721  usnprintf                      
000006ef  usprintf                       
00000eb9  usrand                         
00000e31  ustrcasecmp                    
00000ea5  ustrcmp                        
00000d35  ustrlen                        
00000d8d  ustrncasecmp                   
00000e45  ustrncmp                       
0000026d  ustrncpy                       
00000d57  ustrstr                        
00000afd  ustrtof                        
000009c5  ustrtoul                       
000002c5  uvsnprintf                     


GLOBAL SYMBOLS: SORTED BY Symbol Address 

address   name                           
-------   ----                           
00000000  __TI_static_base__             
00000000  g_pfnVectors                   
00000200  __STACK_SIZE                   
0000026d  ustrncpy                       
000002c5  uvsnprintf                     
000006ef  usprintf                       
00000721  usnprintf                      
00000751  ulocaltime                     
0000094f  umktime                        
000009c5  ustrtoul                       
00000afd  ustrtof                        
00000d35  ustrlen                        
00000d57  ustrstr                        
00000d8d  ustrncasecmp                   
00000e31  ustrcasecmp                    
00000e45  ustrncmp                       
00000ea5  ustrcmp                        
00000eb9  usrand                         
00000ec9  urand                          
00000ef1  itoc                           
00000f7b  Timer0Handler                  
00001031  RTCHandler                     
0000117d  AcquireSetup                   
000013c5  RTCMatchGenerate               
0000141f  StartLogging                   
00001435  ADCSetup                       
000014df  GetHibData                     
0000153d  SetHibData                     
0000166d  UARTStdioConfig                
000016cd  UARTwrite                      
0000171f  UARTgets                       
000017e5  UARTgetc                       
00001819  UARTvprintf                    
00001b13  UARTprintf                     
00001b49  DateSet                        
00001c13  TimeSet                        
00001db1  InitConsole                    
00001e05  SysTimeSet                     
00001e9d  RTCSetup                       
00001eaf  main                           
00001f8d  GPIOPadConfigSet               
000020bf  __aeabi_idiv0                  
000020c1  SysCtlClockGet                 
000021d1  SysCtlClockSet                 
000022c5  Crc16                          
00002391  __aeabi_memcpy                 
00002391  __aeabi_memcpy4                
00002391  __aeabi_memcpy8                
00002391  memcpy                         
0000242d  ADCSequenceStepConfigure       
000024a7  __aeabi_memclr                 
000024a7  __aeabi_memclr4                
000024a7  __aeabi_memclr8                
000024a9  __aeabi_memset                 
000024a9  __aeabi_memset4                
000024a9  __aeabi_memset8                
000024af  memset                         
00002521  __TI_auto_init                 
00002591  IntDisable                     
000025f9  IntEnable                      
00002661  __TI_decompress_lzss           
000026c9  HibernateWakeSet               
0000272d  TimerConfigure                 
0000278d  ADCSequenceConfigure           
000027e5  _c_int00                       
00002839  C$$EXIT                        
0000283d  abort                          
00002845  exit                           
0000288d  copy_in                        
000028d9  GPIOPinConfigure               
00002921  strtok                         
00002961  __aeabi_uidiv                  
00002961  __aeabi_uidivmod               
000029a1  IntRegister                    
000029d5  SysCtlPeripheralEnable         
00002a09  ADCIntStatus                   
00002a37  __mpu_init                     
00002a39  HibernateRTCSet                
00002a65  GPIODirModeSet                 
00002a8f  strspn                         
00002ab9  HibernateDataSet               
00002ae1  HibernateDataGet               
00002b05  strcspn                        
00002b29  ADCSequenceDataGet             
00002b47  ADCProcessorTrigger            
00002b5f  _system_post_cinit             
00002b61  HibernateIntStatus             
00002b79  _args_main                     
00002b91  HibernateEnableExpClk          
00002ba5  HibernateIntClear              
00002bb9  HibernateRTCEnable             
00002bcd  HibernateRequest               
00002be1  _register_unlock               
00002be7  _register_lock                 
00002bef  _nop                           
00002bf5  GPIOPinTypeADC                 
00002c07  TimerLoadSet                   
00002c19  HibernateRTCMatchSet           
00002c29  HibernateRTCSSGet              
00002c39  HibernateRTCTrimSet            
00002c59  ADCSequenceEnable              
00002c67  TimerEnable                    
00002c75  __TI_decompress_none           
00002c85  HibernateRTCGet                
00002c91  __TI_zero_init                 
00002c9d  ResetISR                       
00002ca9  ADCIntClear                    
00002cb3  Crc16Array                     
00002cbb  TimerIntEnable                 
00002cc3  SysCtlDelay                    
00002cc9  TimerClockSourceSet            
00002ccf  TimerIntClear                  
00002cd3  _system_pre_init               
00003104  __TI_Handler_Table_Base        
00003110  __TI_Handler_Table_Limit       
00003120  __TI_CINIT_Base                
00003138  __TI_CINIT_Limit               
20000000  g_pfnRAMVectors                
2000026c  __stack                        
2000046c  ConfigState                    
2000046c  __STACK_END                    
2000046c  __STACK_TOP                    
2000049c  RealTime                       
200004c0  __TI_cleanup_ptr               
200004c4  __TI_dtors_ptr                 
200004c8  __TI_enable_exit_profile_output
200004cc  _lock                          
200004d0  _unlock                        
200004e0  main_func_sp                   
ffffffff  __TI_pprof_out_hndl            
ffffffff  __TI_prof_data_size            
ffffffff  __TI_prof_data_start           
ffffffff  __binit__                      
ffffffff  __c_args__                     
ffffffff  binit                          
UNDEFED   SHT$$INIT_ARRAY$$Base          
UNDEFED   SHT$$INIT_ARRAY$$Limit         

[137 symbols]
