<?xml version="1.0"?>
<link_info>
   <banner>TI ARM Linker PC v16.9.4.LTS</banner>
   <copyright>Copyright (c) 1996-2017 Texas Instruments Incorporated</copyright>
   <link_time>0x5a383e2b</link_time>
   <link_errors>0x0</link_errors>
   <output_file>Frost_Probe.out</output_file>
   <entry_point>
      <name>_c_int00</name>
      <address>0x9e21</address>
   </entry_point>
   <input_file_list>
      <input_file id="fl-2">
         <path>.\</path>
         <kind>object</kind>
         <file>FP_acquire.obj</file>
         <name>FP_acquire.obj</name>
      </input_file>
      <input_file id="fl-3">
         <path>.\</path>
         <kind>object</kind>
         <file>Main.obj</file>
         <name>Main.obj</name>
      </input_file>
      <input_file id="fl-4">
         <path>.\</path>
         <kind>object</kind>
         <file>sd_card.obj</file>
         <name>sd_card.obj</name>
      </input_file>
      <input_file id="fl-5">
         <path>.\</path>
         <kind>object</kind>
         <file>tm4c123gh6pge_startup_ccs.obj</file>
         <name>tm4c123gh6pge_startup_ccs.obj</name>
      </input_file>
      <input_file id="fl-6">
         <path>.\drivers\</path>
         <kind>object</kind>
         <file>cfal96x64x16.obj</file>
         <name>cfal96x64x16.obj</name>
      </input_file>
      <input_file id="fl-7">
         <path>.\third_party\fatfs\port\</path>
         <kind>object</kind>
         <file>mmc-dk-tm4c123g.obj</file>
         <name>mmc-dk-tm4c123g.obj</name>
      </input_file>
      <input_file id="fl-8">
         <path>.\third_party\fatfs\src\</path>
         <kind>object</kind>
         <file>ff.obj</file>
         <name>ff.obj</name>
      </input_file>
      <input_file id="fl-9">
         <path>.\third_party\fatfs\src\option\</path>
         <kind>object</kind>
         <file>cc932.obj</file>
         <name>cc932.obj</name>
      </input_file>
      <input_file id="fl-a">
         <path>.\utils\</path>
         <kind>object</kind>
         <file>cmdline.obj</file>
         <name>cmdline.obj</name>
      </input_file>
      <input_file id="fl-b">
         <path>.\utils\</path>
         <kind>object</kind>
         <file>uartstdio.obj</file>
         <name>uartstdio.obj</name>
      </input_file>
      <input_file id="fl-c">
         <path>.\utils\</path>
         <kind>object</kind>
         <file>ustdlib.obj</file>
         <name>ustdlib.obj</name>
      </input_file>
      <input_file id="fl-12">
         <kind>object</kind>
         <file>&lt;internal&gt;</file>
         <name>&lt;internal&gt;</name>
      </input_file>
      <input_file id="fl-c8">
         <path>C:\ti\ccsv7\tools\compiler\ti-cgt-arm_16.9.4.LTS\lib\</path>
         <kind>archive</kind>
         <file>rtsv7M4_T_le_v4SPD16_eabi.lib</file>
         <name>boot.obj</name>
      </input_file>
      <input_file id="fl-c9">
         <path>C:\ti\ccsv7\tools\compiler\ti-cgt-arm_16.9.4.LTS\lib\</path>
         <kind>archive</kind>
         <file>rtsv7M4_T_le_v4SPD16_eabi.lib</file>
         <name>copy_decompress_lzss.obj</name>
      </input_file>
      <input_file id="fl-ca">
         <path>C:\ti\ccsv7\tools\compiler\ti-cgt-arm_16.9.4.LTS\lib\</path>
         <kind>archive</kind>
         <file>rtsv7M4_T_le_v4SPD16_eabi.lib</file>
         <name>copy_decompress_none.obj</name>
      </input_file>
      <input_file id="fl-cb">
         <path>C:\ti\ccsv7\tools\compiler\ti-cgt-arm_16.9.4.LTS\lib\</path>
         <kind>archive</kind>
         <file>rtsv7M4_T_le_v4SPD16_eabi.lib</file>
         <name>copy_zero_init.obj</name>
      </input_file>
      <input_file id="fl-cc">
         <path>C:\ti\ccsv7\tools\compiler\ti-cgt-arm_16.9.4.LTS\lib\</path>
         <kind>archive</kind>
         <file>rtsv7M4_T_le_v4SPD16_eabi.lib</file>
         <name>exit.obj</name>
      </input_file>
      <input_file id="fl-cd">
         <path>C:\ti\ccsv7\tools\compiler\ti-cgt-arm_16.9.4.LTS\lib\</path>
         <kind>archive</kind>
         <file>rtsv7M4_T_le_v4SPD16_eabi.lib</file>
         <name>memcpy_t2.obj</name>
      </input_file>
      <input_file id="fl-ce">
         <path>C:\ti\ccsv7\tools\compiler\ti-cgt-arm_16.9.4.LTS\lib\</path>
         <kind>archive</kind>
         <file>rtsv7M4_T_le_v4SPD16_eabi.lib</file>
         <name>memset_t2.obj</name>
      </input_file>
      <input_file id="fl-cf">
         <path>C:\ti\ccsv7\tools\compiler\ti-cgt-arm_16.9.4.LTS\lib\</path>
         <kind>archive</kind>
         <file>rtsv7M4_T_le_v4SPD16_eabi.lib</file>
         <name>mpu_init.obj</name>
      </input_file>
      <input_file id="fl-d0">
         <path>C:\ti\ccsv7\tools\compiler\ti-cgt-arm_16.9.4.LTS\lib\</path>
         <kind>archive</kind>
         <file>rtsv7M4_T_le_v4SPD16_eabi.lib</file>
         <name>pre_init.obj</name>
      </input_file>
      <input_file id="fl-d1">
         <path>C:\ti\ccsv7\tools\compiler\ti-cgt-arm_16.9.4.LTS\lib\</path>
         <kind>archive</kind>
         <file>rtsv7M4_T_le_v4SPD16_eabi.lib</file>
         <name>sprintf.obj</name>
      </input_file>
      <input_file id="fl-d2">
         <path>C:\ti\ccsv7\tools\compiler\ti-cgt-arm_16.9.4.LTS\lib\</path>
         <kind>archive</kind>
         <file>rtsv7M4_T_le_v4SPD16_eabi.lib</file>
         <name>stkdepth_vars.obj</name>
      </input_file>
      <input_file id="fl-d3">
         <path>C:\ti\ccsv7\tools\compiler\ti-cgt-arm_16.9.4.LTS\lib\</path>
         <kind>archive</kind>
         <file>rtsv7M4_T_le_v4SPD16_eabi.lib</file>
         <name>strcat.obj</name>
      </input_file>
      <input_file id="fl-d4">
         <path>C:\ti\ccsv7\tools\compiler\ti-cgt-arm_16.9.4.LTS\lib\</path>
         <kind>archive</kind>
         <file>rtsv7M4_T_le_v4SPD16_eabi.lib</file>
         <name>strcmp.obj</name>
      </input_file>
      <input_file id="fl-d5">
         <path>C:\ti\ccsv7\tools\compiler\ti-cgt-arm_16.9.4.LTS\lib\</path>
         <kind>archive</kind>
         <file>rtsv7M4_T_le_v4SPD16_eabi.lib</file>
         <name>strcpy.obj</name>
      </input_file>
      <input_file id="fl-d6">
         <path>C:\ti\ccsv7\tools\compiler\ti-cgt-arm_16.9.4.LTS\lib\</path>
         <kind>archive</kind>
         <file>rtsv7M4_T_le_v4SPD16_eabi.lib</file>
         <name>strlen.obj</name>
      </input_file>
      <input_file id="fl-d7">
         <path>C:\ti\ccsv7\tools\compiler\ti-cgt-arm_16.9.4.LTS\lib\</path>
         <kind>archive</kind>
         <file>rtsv7M4_T_le_v4SPD16_eabi.lib</file>
         <name>strncpy.obj</name>
      </input_file>
      <input_file id="fl-d8">
         <path>C:\ti\ccsv7\tools\compiler\ti-cgt-arm_16.9.4.LTS\lib\</path>
         <kind>archive</kind>
         <file>rtsv7M4_T_le_v4SPD16_eabi.lib</file>
         <name>strtok.obj</name>
      </input_file>
      <input_file id="fl-d9">
         <path>C:\ti\ccsv7\tools\compiler\ti-cgt-arm_16.9.4.LTS\lib\</path>
         <kind>archive</kind>
         <file>rtsv7M4_T_le_v4SPD16_eabi.lib</file>
         <name>u_divt2.obj</name>
      </input_file>
      <input_file id="fl-da">
         <path>C:\ti\ccsv7\tools\compiler\ti-cgt-arm_16.9.4.LTS\lib\</path>
         <kind>archive</kind>
         <file>rtsv7M4_T_le_v4SPD16_eabi.lib</file>
         <name>_lock.obj</name>
      </input_file>
      <input_file id="fl-db">
         <path>C:\ti\ccsv7\tools\compiler\ti-cgt-arm_16.9.4.LTS\lib\</path>
         <kind>archive</kind>
         <file>rtsv7M4_T_le_v4SPD16_eabi.lib</file>
         <name>_printfi.obj</name>
      </input_file>
      <input_file id="fl-dc">
         <path>C:\ti\ccsv7\tools\compiler\ti-cgt-arm_16.9.4.LTS\lib\</path>
         <kind>archive</kind>
         <file>rtsv7M4_T_le_v4SPD16_eabi.lib</file>
         <name>args_main.obj</name>
      </input_file>
      <input_file id="fl-dd">
         <path>C:\ti\ccsv7\tools\compiler\ti-cgt-arm_16.9.4.LTS\lib\</path>
         <kind>archive</kind>
         <file>rtsv7M4_T_le_v4SPD16_eabi.lib</file>
         <name>atoi.obj</name>
      </input_file>
      <input_file id="fl-de">
         <path>C:\ti\ccsv7\tools\compiler\ti-cgt-arm_16.9.4.LTS\lib\</path>
         <kind>archive</kind>
         <file>rtsv7M4_T_le_v4SPD16_eabi.lib</file>
         <name>autoinit.obj</name>
      </input_file>
      <input_file id="fl-df">
         <path>C:\ti\ccsv7\tools\compiler\ti-cgt-arm_16.9.4.LTS\lib\</path>
         <kind>archive</kind>
         <file>rtsv7M4_T_le_v4SPD16_eabi.lib</file>
         <name>cpy_tbl.obj</name>
      </input_file>
      <input_file id="fl-e0">
         <path>C:\ti\ccsv7\tools\compiler\ti-cgt-arm_16.9.4.LTS\lib\</path>
         <kind>archive</kind>
         <file>rtsv7M4_T_le_v4SPD16_eabi.lib</file>
         <name>ctype.obj</name>
      </input_file>
      <input_file id="fl-e1">
         <path>C:\ti\ccsv7\tools\compiler\ti-cgt-arm_16.9.4.LTS\lib\</path>
         <kind>archive</kind>
         <file>rtsv7M4_T_le_v4SPD16_eabi.lib</file>
         <name>fd_add_t2.obj</name>
      </input_file>
      <input_file id="fl-e2">
         <path>C:\ti\ccsv7\tools\compiler\ti-cgt-arm_16.9.4.LTS\lib\</path>
         <kind>archive</kind>
         <file>rtsv7M4_T_le_v4SPD16_eabi.lib</file>
         <name>fd_cmp_t2.obj</name>
      </input_file>
      <input_file id="fl-e3">
         <path>C:\ti\ccsv7\tools\compiler\ti-cgt-arm_16.9.4.LTS\lib\</path>
         <kind>archive</kind>
         <file>rtsv7M4_T_le_v4SPD16_eabi.lib</file>
         <name>fd_div_t2.obj</name>
      </input_file>
      <input_file id="fl-e4">
         <path>C:\ti\ccsv7\tools\compiler\ti-cgt-arm_16.9.4.LTS\lib\</path>
         <kind>archive</kind>
         <file>rtsv7M4_T_le_v4SPD16_eabi.lib</file>
         <name>fd_mul_t2.obj</name>
      </input_file>
      <input_file id="fl-e5">
         <path>C:\ti\ccsv7\tools\compiler\ti-cgt-arm_16.9.4.LTS\lib\</path>
         <kind>archive</kind>
         <file>rtsv7M4_T_le_v4SPD16_eabi.lib</file>
         <name>fd_toi_t2.obj</name>
      </input_file>
      <input_file id="fl-e6">
         <path>C:\ti\ccsv7\tools\compiler\ti-cgt-arm_16.9.4.LTS\lib\</path>
         <kind>archive</kind>
         <file>rtsv7M4_T_le_v4SPD16_eabi.lib</file>
         <name>i_div0.obj</name>
      </input_file>
      <input_file id="fl-e7">
         <path>C:\ti\ccsv7\tools\compiler\ti-cgt-arm_16.9.4.LTS\lib\</path>
         <kind>archive</kind>
         <file>rtsv7M4_T_le_v4SPD16_eabi.lib</file>
         <name>i_tofd_t2.obj</name>
      </input_file>
      <input_file id="fl-e8">
         <path>C:\ti\ccsv7\tools\compiler\ti-cgt-arm_16.9.4.LTS\lib\</path>
         <kind>archive</kind>
         <file>rtsv7M4_T_le_v4SPD16_eabi.lib</file>
         <name>ltoa.obj</name>
      </input_file>
      <input_file id="fl-e9">
         <path>C:\ti\ccsv7\tools\compiler\ti-cgt-arm_16.9.4.LTS\lib\</path>
         <kind>archive</kind>
         <file>rtsv7M4_T_le_v4SPD16_eabi.lib</file>
         <name>memccpy.obj</name>
      </input_file>
      <input_file id="fl-ea">
         <path>C:\ti\ccsv7\tools\compiler\ti-cgt-arm_16.9.4.LTS\lib\</path>
         <kind>archive</kind>
         <file>rtsv7M4_T_le_v4SPD16_eabi.lib</file>
         <name>s_frexp.obj</name>
      </input_file>
      <input_file id="fl-eb">
         <path>C:\ti\ccsv7\tools\compiler\ti-cgt-arm_16.9.4.LTS\lib\</path>
         <kind>archive</kind>
         <file>rtsv7M4_T_le_v4SPD16_eabi.lib</file>
         <name>s_scalbn.obj</name>
      </input_file>
      <input_file id="fl-ec">
         <path>C:\ti\ccsv7\tools\compiler\ti-cgt-arm_16.9.4.LTS\lib\</path>
         <kind>archive</kind>
         <file>rtsv7M4_T_le_v4SPD16_eabi.lib</file>
         <name>startup.obj</name>
      </input_file>
      <input_file id="fl-ed">
         <path>C:\ti\ccsv7\tools\compiler\ti-cgt-arm_16.9.4.LTS\lib\</path>
         <kind>archive</kind>
         <file>rtsv7M4_T_le_v4SPD16_eabi.lib</file>
         <name>strchr.obj</name>
      </input_file>
      <input_file id="fl-ee">
         <path>C:\ti\ccsv7\tools\compiler\ti-cgt-arm_16.9.4.LTS\lib\</path>
         <kind>archive</kind>
         <file>rtsv7M4_T_le_v4SPD16_eabi.lib</file>
         <name>strcspn.obj</name>
      </input_file>
      <input_file id="fl-ef">
         <path>C:\ti\ccsv7\tools\compiler\ti-cgt-arm_16.9.4.LTS\lib\</path>
         <kind>archive</kind>
         <file>rtsv7M4_T_le_v4SPD16_eabi.lib</file>
         <name>strspn.obj</name>
      </input_file>
      <input_file id="fl-f0">
         <path>C:\ti\ccsv7\tools\compiler\ti-cgt-arm_16.9.4.LTS\lib\</path>
         <kind>archive</kind>
         <file>rtsv7M4_T_le_v4SPD16_eabi.lib</file>
         <name>ull_div_t2.obj</name>
      </input_file>
      <input_file id="fl-f1">
         <path>C:\ti\ccsv7\tools\compiler\ti-cgt-arm_16.9.4.LTS\lib\</path>
         <kind>archive</kind>
         <file>rtsv7M4_T_le_v4SPD16_eabi.lib</file>
         <name>errno.obj</name>
      </input_file>
      <input_file id="fl-f2">
         <path>C:\ti\ccsv7\tools\compiler\ti-cgt-arm_16.9.4.LTS\lib\</path>
         <kind>archive</kind>
         <file>rtsv7M4_T_le_v4SPD16_eabi.lib</file>
         <name>s_copysign.obj</name>
      </input_file>
      <input_file id="fl-f3">
         <path>C:\ti\TivaWare_C_Series-2.1.3.156\driverlib\ccs\Debug\</path>
         <kind>archive</kind>
         <file>driverlib.lib</file>
         <name>adc.obj</name>
      </input_file>
      <input_file id="fl-f4">
         <path>C:\ti\TivaWare_C_Series-2.1.3.156\driverlib\ccs\Debug\</path>
         <kind>archive</kind>
         <file>driverlib.lib</file>
         <name>gpio.obj</name>
      </input_file>
      <input_file id="fl-f5">
         <path>C:\ti\TivaWare_C_Series-2.1.3.156\driverlib\ccs\Debug\</path>
         <kind>archive</kind>
         <file>driverlib.lib</file>
         <name>hibernate.obj</name>
      </input_file>
      <input_file id="fl-f6">
         <path>C:\ti\TivaWare_C_Series-2.1.3.156\driverlib\ccs\Debug\</path>
         <kind>archive</kind>
         <file>driverlib.lib</file>
         <name>interrupt.obj</name>
      </input_file>
      <input_file id="fl-f7">
         <path>C:\ti\TivaWare_C_Series-2.1.3.156\driverlib\ccs\Debug\</path>
         <kind>archive</kind>
         <file>driverlib.lib</file>
         <name>sw_crc.obj</name>
      </input_file>
      <input_file id="fl-f8">
         <path>C:\ti\TivaWare_C_Series-2.1.3.156\driverlib\ccs\Debug\</path>
         <kind>archive</kind>
         <file>driverlib.lib</file>
         <name>sysctl.obj</name>
      </input_file>
      <input_file id="fl-f9">
         <path>C:\ti\TivaWare_C_Series-2.1.3.156\driverlib\ccs\Debug\</path>
         <kind>archive</kind>
         <file>driverlib.lib</file>
         <name>timer.obj</name>
      </input_file>
      <input_file id="fl-fa">
         <path>C:\ti\TivaWare_C_Series-2.1.3.156\driverlib\ccs\Debug\</path>
         <kind>archive</kind>
         <file>driverlib.lib</file>
         <name>cpu.obj</name>
      </input_file>
      <input_file id="fl-fb">
         <path>C:\ti\TivaWare_C_Series-2.1.3.156\grlib\ccs\Debug\</path>
         <kind>archive</kind>
         <file>grlib.lib</file>
         <name>context.obj</name>
      </input_file>
      <input_file id="fl-fc">
         <path>C:\ti\TivaWare_C_Series-2.1.3.156\grlib\ccs\Debug\</path>
         <kind>archive</kind>
         <file>grlib.lib</file>
         <name>rectangle.obj</name>
      </input_file>
      <input_file id="fl-fd">
         <path>C:\ti\TivaWare_C_Series-2.1.3.156\grlib\ccs\Debug\</path>
         <kind>archive</kind>
         <file>grlib.lib</file>
         <name>string.obj</name>
      </input_file>
      <input_file id="fl-fe">
         <path>C:\ti\TivaWare_C_Series-2.1.3.156\grlib\ccs\Debug\</path>
         <kind>archive</kind>
         <file>grlib.lib</file>
         <name>fontfixed6x8.obj</name>
      </input_file>
      <input_file id="fl-ff">
         <path>C:\ti\TivaWare_C_Series-2.1.3.156\grlib\ccs\Debug\</path>
         <kind>archive</kind>
         <file>grlib.lib</file>
         <name>charmap.obj</name>
      </input_file>
      <input_file id="fl-100">
         <path>C:\ti\TivaWare_C_Series-2.1.3.156\grlib\ccs\Debug\</path>
         <kind>archive</kind>
         <file>grlib.lib</file>
         <name>line.obj</name>
      </input_file>
   </input_file_list>
   <object_component_list>
      <object_component id="oc-f">
         <name>.intvecs</name>
         <load_address>0x0</load_address>
         <run_address>0x0</run_address>
         <size>0x26c</size>
         <input_file_ref idref="fl-5"/>
      </object_component>
      <object_component id="oc-92">
         <name>.text</name>
         <load_address>0x26c</load_address>
         <run_address>0x26c</run_address>
         <size>0x3b9e</size>
         <input_file_ref idref="fl-8"/>
      </object_component>
      <object_component id="oc-2b2">
         <name>.text</name>
         <load_address>0x3e0a</load_address>
         <run_address>0x3e0a</run_address>
         <size>0x2</size>
         <input_file_ref idref="fl-e6"/>
      </object_component>
      <object_component id="oc-2ca">
         <name>.text</name>
         <load_address>0x3e0c</load_address>
         <run_address>0x3e0c</run_address>
         <size>0x113e</size>
         <input_file_ref idref="fl-db"/>
      </object_component>
      <object_component id="oc-63">
         <name>.text</name>
         <load_address>0x4f4a</load_address>
         <run_address>0x4f4a</run_address>
         <size>0x2</size>
         <input_file_ref idref="fl-cf"/>
      </object_component>
      <object_component id="oc-cb">
         <name>.text</name>
         <load_address>0x4f4c</load_address>
         <run_address>0x4f4c</run_address>
         <size>0xc84</size>
         <input_file_ref idref="fl-c"/>
      </object_component>
      <object_component id="oc-31">
         <name>.text</name>
         <load_address>0x5bd0</load_address>
         <run_address>0x5bd0</run_address>
         <size>0xa04</size>
         <input_file_ref idref="fl-4"/>
      </object_component>
      <object_component id="oc-86">
         <name>.text</name>
         <load_address>0x65d4</load_address>
         <run_address>0x65d4</run_address>
         <size>0x9c8</size>
         <input_file_ref idref="fl-7"/>
      </object_component>
      <object_component id="oc-37">
         <name>.text</name>
         <load_address>0x6f9c</load_address>
         <run_address>0x6f9c</run_address>
         <size>0x810</size>
         <input_file_ref idref="fl-2"/>
      </object_component>
      <object_component id="oc-328">
         <name>.text</name>
         <load_address>0x77ac</load_address>
         <run_address>0x77ac</run_address>
         <size>0x67c</size>
         <input_file_ref idref="fl-6"/>
      </object_component>
      <object_component id="oc-8c">
         <name>.text</name>
         <load_address>0x7e28</load_address>
         <run_address>0x7e28</run_address>
         <size>0x4dc</size>
         <input_file_ref idref="fl-b"/>
      </object_component>
      <object_component id="oc-203">
         <name>.text</name>
         <load_address>0x8304</load_address>
         <run_address>0x8304</run_address>
         <size>0x380</size>
         <input_file_ref idref="fl-3"/>
      </object_component>
      <object_component id="oc-4d9">
         <name>.text:GrFontGlyphRender</name>
         <load_address>0x8684</load_address>
         <run_address>0x8684</run_address>
         <size>0x254</size>
         <input_file_ref idref="fl-fd"/>
      </object_component>
      <object_component id="oc-3d7">
         <name>.text</name>
         <load_address>0x88d8</load_address>
         <run_address>0x88d8</run_address>
         <size>0x1f4</size>
         <input_file_ref idref="fl-f0"/>
      </object_component>
      <object_component id="oc-400">
         <name>.text</name>
         <load_address>0x8acc</load_address>
         <run_address>0x8acc</run_address>
         <size>0x1b6</size>
         <input_file_ref idref="fl-e1"/>
      </object_component>
      <object_component id="oc-3e6">
         <name>.text</name>
         <load_address>0x8c82</load_address>
         <run_address>0x8c82</run_address>
         <size>0x136</size>
         <input_file_ref idref="fl-e3"/>
      </object_component>
      <object_component id="oc-2fd">
         <name>.text:GPIOPadConfigSet</name>
         <load_address>0x8db8</load_address>
         <run_address>0x8db8</run_address>
         <size>0x132</size>
         <input_file_ref idref="fl-f4"/>
      </object_component>
      <object_component id="oc-1fb">
         <name>.text</name>
         <load_address>0x8eea</load_address>
         <run_address>0x8eea</run_address>
         <size>0x2</size>
         <input_file_ref idref="fl-ec"/>
      </object_component>
      <object_component id="oc-23e">
         <name>.text</name>
         <load_address>0x8eec</load_address>
         <run_address>0x8eec</run_address>
         <size>0x128</size>
         <input_file_ref idref="fl-9"/>
      </object_component>
      <object_component id="oc-18c">
         <name>.text:SysCtlClockGet</name>
         <load_address>0x9014</load_address>
         <run_address>0x9014</run_address>
         <size>0x110</size>
         <input_file_ref idref="fl-f8"/>
      </object_component>
      <object_component id="oc-3e1">
         <name>.text</name>
         <load_address>0x9124</load_address>
         <run_address>0x9124</run_address>
         <size>0xfc</size>
         <input_file_ref idref="fl-e4"/>
      </object_component>
      <object_component id="oc-40b">
         <name>.text</name>
         <load_address>0x9220</load_address>
         <run_address>0x9220</run_address>
         <size>0xfc</size>
         <input_file_ref idref="fl-eb"/>
      </object_component>
      <object_component id="oc-352">
         <name>.text:SysCtlClockSet</name>
         <load_address>0x931c</load_address>
         <run_address>0x931c</run_address>
         <size>0xf4</size>
         <input_file_ref idref="fl-f8"/>
      </object_component>
      <object_component id="oc-308">
         <name>.text:Crc16</name>
         <load_address>0x9410</load_address>
         <run_address>0x9410</run_address>
         <size>0xcc</size>
         <input_file_ref idref="fl-f7"/>
      </object_component>
      <object_component id="oc-45f">
         <name>.text:GrDefaultStringRenderer</name>
         <load_address>0x94dc</load_address>
         <run_address>0x94dc</run_address>
         <size>0xc0</size>
         <input_file_ref idref="fl-fd"/>
      </object_component>
      <object_component id="oc-e3">
         <name>.text</name>
         <load_address>0x959c</load_address>
         <run_address>0x959c</run_address>
         <size>0xac</size>
         <input_file_ref idref="fl-a"/>
      </object_component>
      <object_component id="oc-4b">
         <name>.text</name>
         <load_address>0x9648</load_address>
         <run_address>0x9648</run_address>
         <size>0x9c</size>
         <input_file_ref idref="fl-cd"/>
      </object_component>
      <object_component id="oc-334">
         <name>.text:GrRectFill</name>
         <load_address>0x96e4</load_address>
         <run_address>0x96e4</run_address>
         <size>0x86</size>
         <input_file_ref idref="fl-fc"/>
      </object_component>
      <object_component id="oc-3dc">
         <name>.text:__aeabi_cdcmple</name>
         <load_address>0x976a</load_address>
         <run_address>0x976a</run_address>
         <size>0x86</size>
         <input_file_ref idref="fl-e2"/>
      </object_component>
      <object_component id="oc-3eb">
         <name>.text:__aeabi_cdrcmple</name>
         <load_address>0x97f0</load_address>
         <run_address>0x97f0</run_address>
         <size>0x86</size>
         <input_file_ref idref="fl-e2"/>
      </object_component>
      <object_component id="oc-1bc">
         <name>.text:ADCSequenceStepConfigure</name>
         <load_address>0x9876</load_address>
         <run_address>0x9876</run_address>
         <size>0x7a</size>
         <input_file_ref idref="fl-f3"/>
      </object_component>
      <object_component id="oc-57">
         <name>.text</name>
         <load_address>0x98f0</load_address>
         <run_address>0x98f0</run_address>
         <size>0x7a</size>
         <input_file_ref idref="fl-ce"/>
      </object_component>
      <object_component id="oc-6f">
         <name>.text</name>
         <load_address>0x996c</load_address>
         <run_address>0x996c</run_address>
         <size>0x70</size>
         <input_file_ref idref="fl-de"/>
      </object_component>
      <object_component id="oc-32e">
         <name>.text:GrContextInit</name>
         <load_address>0x99dc</load_address>
         <run_address>0x99dc</run_address>
         <size>0x68</size>
         <input_file_ref idref="fl-fb"/>
      </object_component>
      <object_component id="oc-340">
         <name>.text:GrStringWidthGet</name>
         <load_address>0x9a44</load_address>
         <run_address>0x9a44</run_address>
         <size>0x68</size>
         <input_file_ref idref="fl-fd"/>
      </object_component>
      <object_component id="oc-111">
         <name>.text:IntDisable</name>
         <load_address>0x9aac</load_address>
         <run_address>0x9aac</run_address>
         <size>0x68</size>
         <input_file_ref idref="fl-f6"/>
      </object_component>
      <object_component id="oc-135">
         <name>.text:IntEnable</name>
         <load_address>0x9b14</load_address>
         <run_address>0x9b14</run_address>
         <size>0x68</size>
         <input_file_ref idref="fl-f6"/>
      </object_component>
      <object_component id="oc-12">
         <name>.text:decompress:lzss</name>
         <load_address>0x9b7c</load_address>
         <run_address>0x9b7c</run_address>
         <size>0x68</size>
         <input_file_ref idref="fl-c9"/>
      </object_component>
      <object_component id="oc-1a4">
         <name>.text:HibernateWakeSet</name>
         <load_address>0x9be4</load_address>
         <run_address>0x9be4</run_address>
         <size>0x64</size>
         <input_file_ref idref="fl-f5"/>
      </object_component>
      <object_component id="oc-405">
         <name>.text</name>
         <load_address>0x9c48</load_address>
         <run_address>0x9c48</run_address>
         <size>0x64</size>
         <input_file_ref idref="fl-ea"/>
      </object_component>
      <object_component id="oc-159">
         <name>.text:TimerConfigure</name>
         <load_address>0x9cac</load_address>
         <run_address>0x9cac</run_address>
         <size>0x60</size>
         <input_file_ref idref="fl-f9"/>
      </object_component>
      <object_component id="oc-147">
         <name>.text</name>
         <load_address>0x9d0c</load_address>
         <run_address>0x9d0c</run_address>
         <size>0x60</size>
         <input_file_ref idref="fl-d1"/>
      </object_component>
      <object_component id="oc-4f6">
         <name>.text:FontWideGlyphDataGet</name>
         <load_address>0x9d6c</load_address>
         <run_address>0x9d6c</run_address>
         <size>0x5a</size>
         <input_file_ref idref="fl-fd"/>
      </object_component>
      <object_component id="oc-1b6">
         <name>.text:ADCSequenceConfigure</name>
         <load_address>0x9dc8</load_address>
         <run_address>0x9dc8</run_address>
         <size>0x58</size>
         <input_file_ref idref="fl-f3"/>
      </object_component>
      <object_component id="oc-24">
         <name>.text</name>
         <load_address>0x9e20</load_address>
         <run_address>0x9e20</run_address>
         <size>0x54</size>
         <input_file_ref idref="fl-c8"/>
      </object_component>
      <object_component id="oc-7b">
         <name>.text</name>
         <load_address>0x9e74</load_address>
         <run_address>0x9e74</run_address>
         <size>0x54</size>
         <input_file_ref idref="fl-cc"/>
      </object_component>
      <object_component id="oc-3f5">
         <name>.text</name>
         <load_address>0x9ec8</load_address>
         <run_address>0x9ec8</run_address>
         <size>0x54</size>
         <input_file_ref idref="fl-e8"/>
      </object_component>
      <object_component id="oc-417">
         <name>.text</name>
         <load_address>0x9f1c</load_address>
         <run_address>0x9f1c</run_address>
         <size>0x4c</size>
         <input_file_ref idref="fl-dd"/>
      </object_component>
      <object_component id="oc-1f5">
         <name>.text</name>
         <load_address>0x9f68</load_address>
         <run_address>0x9f68</run_address>
         <size>0x4c</size>
         <input_file_ref idref="fl-df"/>
      </object_component>
      <object_component id="oc-46e">
         <name>.text:UpdateContextCharMapping</name>
         <load_address>0x9fb4</load_address>
         <run_address>0x9fb4</run_address>
         <size>0x4a</size>
         <input_file_ref idref="fl-fd"/>
      </object_component>
      <object_component id="oc-322">
         <name>.text:GPIOPinConfigure</name>
         <load_address>0xa000</load_address>
         <run_address>0xa000</run_address>
         <size>0x48</size>
         <input_file_ref idref="fl-f4"/>
      </object_component>
      <object_component id="oc-3f0">
         <name>.text</name>
         <load_address>0xa048</load_address>
         <run_address>0xa048</run_address>
         <size>0x48</size>
         <input_file_ref idref="fl-e5"/>
      </object_component>
      <object_component id="oc-d1">
         <name>.text</name>
         <load_address>0xa090</load_address>
         <run_address>0xa090</run_address>
         <size>0x40</size>
         <input_file_ref idref="fl-d8"/>
      </object_component>
      <object_component id="oc-106">
         <name>.text</name>
         <load_address>0xa0d0</load_address>
         <run_address>0xa0d0</run_address>
         <size>0x40</size>
         <input_file_ref idref="fl-d9"/>
      </object_component>
      <object_component id="oc-4fc">
         <name>.text:FontGlyphDataGet</name>
         <load_address>0xa110</load_address>
         <run_address>0xa110</run_address>
         <size>0x3a</size>
         <input_file_ref idref="fl-fd"/>
      </object_component>
      <object_component id="oc-aa">
         <name>.text</name>
         <load_address>0xa14a</load_address>
         <run_address>0xa14a</run_address>
         <size>0x36</size>
         <input_file_ref idref="fl-d7"/>
      </object_component>
      <object_component id="oc-14d">
         <name>.text:IntRegister</name>
         <load_address>0xa180</load_address>
         <run_address>0xa180</run_address>
         <size>0x34</size>
         <input_file_ref idref="fl-f6"/>
      </object_component>
      <object_component id="oc-153">
         <name>.text:SysCtlPeripheralEnable</name>
         <load_address>0xa1b4</load_address>
         <run_address>0xa1b4</run_address>
         <size>0x34</size>
         <input_file_ref idref="fl-f8"/>
      </object_component>
      <object_component id="oc-11d">
         <name>.text:ADCIntStatus</name>
         <load_address>0xa1e8</load_address>
         <run_address>0xa1e8</run_address>
         <size>0x2e</size>
         <input_file_ref idref="fl-f3"/>
      </object_component>
      <object_component id="oc-477">
         <name>.text:GrStringNextCharGet</name>
         <load_address>0xa216</load_address>
         <run_address>0xa216</run_address>
         <size>0x2e</size>
         <input_file_ref idref="fl-fd"/>
      </object_component>
      <object_component id="oc-3fb">
         <name>.text</name>
         <load_address>0xa244</load_address>
         <run_address>0xa244</run_address>
         <size>0x2e</size>
         <input_file_ref idref="fl-e7"/>
      </object_component>
      <object_component id="oc-346">
         <name>.text:GrFontBaselineGet</name>
         <load_address>0xa272</load_address>
         <run_address>0xa272</run_address>
         <size>0x2c</size>
         <input_file_ref idref="fl-fd"/>
      </object_component>
      <object_component id="oc-d7">
         <name>.text:HibernateRTCSet</name>
         <load_address>0xa2a0</load_address>
         <run_address>0xa2a0</run_address>
         <size>0x2c</size>
         <input_file_ref idref="fl-f5"/>
      </object_component>
      <object_component id="oc-2f7">
         <name>.text:GPIODirModeSet</name>
         <load_address>0xa2cc</load_address>
         <run_address>0xa2cc</run_address>
         <size>0x2a</size>
         <input_file_ref idref="fl-f4"/>
      </object_component>
      <object_component id="oc-27b">
         <name>.text</name>
         <load_address>0xa2f6</load_address>
         <run_address>0xa2f6</run_address>
         <size>0x2a</size>
         <input_file_ref idref="fl-ef"/>
      </object_component>
      <object_component id="oc-1d4">
         <name>.text:HibernateDataSet</name>
         <load_address>0xa320</load_address>
         <run_address>0xa320</run_address>
         <size>0x28</size>
         <input_file_ref idref="fl-f5"/>
      </object_component>
      <object_component id="oc-483">
         <name>.text:GrFontInfoGet</name>
         <load_address>0xa348</load_address>
         <run_address>0xa348</run_address>
         <size>0x26</size>
         <input_file_ref idref="fl-fd"/>
      </object_component>
      <object_component id="oc-1c8">
         <name>.text:HibernateDataGet</name>
         <load_address>0xa370</load_address>
         <run_address>0xa370</run_address>
         <size>0x24</size>
         <input_file_ref idref="fl-f5"/>
      </object_component>
      <object_component id="oc-281">
         <name>.text</name>
         <load_address>0xa394</load_address>
         <run_address>0xa394</run_address>
         <size>0x24</size>
         <input_file_ref idref="fl-ee"/>
      </object_component>
      <object_component id="oc-47d">
         <name>.text:GrFontGlyphDataGet</name>
         <load_address>0xa3b8</load_address>
         <run_address>0xa3b8</run_address>
         <size>0x22</size>
         <input_file_ref idref="fl-fd"/>
      </object_component>
      <object_component id="oc-129">
         <name>.text:ADCSequenceDataGet</name>
         <load_address>0xa3da</load_address>
         <run_address>0xa3da</run_address>
         <size>0x1e</size>
         <input_file_ref idref="fl-f3"/>
      </object_component>
      <object_component id="oc-4ec">
         <name>.text:GrFontCodepageGet</name>
         <load_address>0xa3f8</load_address>
         <run_address>0xa3f8</run_address>
         <size>0x1e</size>
         <input_file_ref idref="fl-fd"/>
      </object_component>
      <object_component id="oc-b6">
         <name>.text</name>
         <load_address>0xa416</load_address>
         <run_address>0xa416</run_address>
         <size>0x1e</size>
         <input_file_ref idref="fl-d3"/>
      </object_component>
      <object_component id="oc-41d">
         <name>.text</name>
         <load_address>0xa434</load_address>
         <run_address>0xa434</run_address>
         <size>0x1c</size>
         <input_file_ref idref="fl-e9"/>
      </object_component>
      <object_component id="oc-117">
         <name>.text:ADCProcessorTrigger</name>
         <load_address>0xa450</load_address>
         <run_address>0xa450</run_address>
         <size>0x18</size>
         <input_file_ref idref="fl-f3"/>
      </object_component>
      <object_component id="oc-13b">
         <name>.text:HibernateIntStatus</name>
         <load_address>0xa468</load_address>
         <run_address>0xa468</run_address>
         <size>0x18</size>
         <input_file_ref idref="fl-f5"/>
      </object_component>
      <object_component id="oc-75">
         <name>.text</name>
         <load_address>0xa480</load_address>
         <run_address>0xa480</run_address>
         <size>0x18</size>
         <input_file_ref idref="fl-dc"/>
      </object_component>
      <object_component id="oc-b0">
         <name>.text</name>
         <load_address>0xa498</load_address>
         <run_address>0xa498</run_address>
         <size>0x18</size>
         <input_file_ref idref="fl-d4"/>
      </object_component>
      <object_component id="oc-34c">
         <name>.text:GrStringDraw</name>
         <load_address>0xa4b0</load_address>
         <run_address>0xa4b0</run_address>
         <size>0x16</size>
         <input_file_ref idref="fl-fd"/>
      </object_component>
      <object_component id="oc-411">
         <name>.text</name>
         <load_address>0xa4c6</load_address>
         <run_address>0xa4c6</run_address>
         <size>0x16</size>
         <input_file_ref idref="fl-ed"/>
      </object_component>
      <object_component id="oc-192">
         <name>.text:HibernateEnableExpClk</name>
         <load_address>0xa4dc</load_address>
         <run_address>0xa4dc</run_address>
         <size>0x14</size>
         <input_file_ref idref="fl-f5"/>
      </object_component>
      <object_component id="oc-141">
         <name>.text:HibernateIntClear</name>
         <load_address>0xa4f0</load_address>
         <run_address>0xa4f0</run_address>
         <size>0x14</size>
         <input_file_ref idref="fl-f5"/>
      </object_component>
      <object_component id="oc-19e">
         <name>.text:HibernateRTCEnable</name>
         <load_address>0xa504</load_address>
         <run_address>0xa504</run_address>
         <size>0x14</size>
         <input_file_ref idref="fl-f5"/>
      </object_component>
      <object_component id="oc-1aa">
         <name>.text:HibernateRequest</name>
         <load_address>0xa518</load_address>
         <run_address>0xa518</run_address>
         <size>0x14</size>
         <input_file_ref idref="fl-f5"/>
      </object_component>
      <object_component id="oc-36b">
         <name>.text</name>
         <load_address>0xa52c</load_address>
         <run_address>0xa52c</run_address>
         <size>0x14</size>
         <input_file_ref idref="fl-da"/>
      </object_component>
      <object_component id="oc-4b4">
         <name>.text</name>
         <load_address>0xa540</load_address>
         <run_address>0xa540</run_address>
         <size>0x14</size>
         <input_file_ref idref="fl-f2"/>
      </object_component>
      <object_component id="oc-9e">
         <name>.text</name>
         <load_address>0xa554</load_address>
         <run_address>0xa554</run_address>
         <size>0x14</size>
         <input_file_ref idref="fl-d5"/>
      </object_component>
      <object_component id="oc-a4">
         <name>.text</name>
         <load_address>0xa568</load_address>
         <run_address>0xa568</run_address>
         <size>0x14</size>
         <input_file_ref idref="fl-d6"/>
      </object_component>
      <object_component id="oc-1b0">
         <name>.text:GPIOPinTypeADC</name>
         <load_address>0xa57c</load_address>
         <run_address>0xa57c</run_address>
         <size>0x12</size>
         <input_file_ref idref="fl-f4"/>
      </object_component>
      <object_component id="oc-165">
         <name>.text:TimerLoadSet</name>
         <load_address>0xa58e</load_address>
         <run_address>0xa58e</run_address>
         <size>0x12</size>
         <input_file_ref idref="fl-f9"/>
      </object_component>
      <object_component id="oc-177">
         <name>.text:HibernateRTCMatchSet</name>
         <load_address>0xa5a0</load_address>
         <run_address>0xa5a0</run_address>
         <size>0x10</size>
         <input_file_ref idref="fl-f5"/>
      </object_component>
      <object_component id="oc-12f">
         <name>.text:HibernateRTCSSGet</name>
         <load_address>0xa5b0</load_address>
         <run_address>0xa5b0</run_address>
         <size>0x10</size>
         <input_file_ref idref="fl-f5"/>
      </object_component>
      <object_component id="oc-198">
         <name>.text:HibernateRTCTrimSet</name>
         <load_address>0xa5c0</load_address>
         <run_address>0xa5c0</run_address>
         <size>0x10</size>
         <input_file_ref idref="fl-f5"/>
      </object_component>
      <object_component id="oc-28c">
         <name>.text:_HibernateWriteComplete</name>
         <load_address>0xa5d0</load_address>
         <run_address>0xa5d0</run_address>
         <size>0x10</size>
         <input_file_ref idref="fl-f5"/>
      </object_component>
      <object_component id="oc-1c2">
         <name>.text:ADCSequenceEnable</name>
         <load_address>0xa5e0</load_address>
         <run_address>0xa5e0</run_address>
         <size>0xe</size>
         <input_file_ref idref="fl-f3"/>
      </object_component>
      <object_component id="oc-171">
         <name>.text:TimerEnable</name>
         <load_address>0xa5ee</load_address>
         <run_address>0xa5ee</run_address>
         <size>0xe</size>
         <input_file_ref idref="fl-f9"/>
      </object_component>
      <object_component id="oc-18">
         <name>.text:decompress:none</name>
         <load_address>0xa5fc</load_address>
         <run_address>0xa5fc</run_address>
         <size>0xe</size>
         <input_file_ref idref="fl-ca"/>
      </object_component>
      <object_component id="oc-c5">
         <name>.text:HibernateRTCGet</name>
         <load_address>0xa60c</load_address>
         <run_address>0xa60c</run_address>
         <size>0xc</size>
         <input_file_ref idref="fl-f5"/>
      </object_component>
      <object_component id="oc-1e">
         <name>.text:decompress:ZI</name>
         <load_address>0xa618</load_address>
         <run_address>0xa618</run_address>
         <size>0xc</size>
         <input_file_ref idref="fl-cb"/>
      </object_component>
      <object_component id="oc-2b">
         <name>.text</name>
         <load_address>0xa624</load_address>
         <run_address>0xa624</run_address>
         <size>0xc</size>
         <input_file_ref idref="fl-5"/>
      </object_component>
      <object_component id="oc-123">
         <name>.text:ADCIntClear</name>
         <load_address>0xa630</load_address>
         <run_address>0xa630</run_address>
         <size>0xa</size>
         <input_file_ref idref="fl-f3"/>
      </object_component>
      <object_component id="oc-1ce">
         <name>.text:Crc16Array</name>
         <load_address>0xa63a</load_address>
         <run_address>0xa63a</run_address>
         <size>0x8</size>
         <input_file_ref idref="fl-f7"/>
      </object_component>
      <object_component id="oc-4e0">
         <name>.text:GrMapISO8859_1_Unicode</name>
         <load_address>0xa642</load_address>
         <run_address>0xa642</run_address>
         <size>0x8</size>
         <input_file_ref idref="fl-ff"/>
      </object_component>
      <object_component id="oc-16b">
         <name>.text:TimerIntEnable</name>
         <load_address>0xa64a</load_address>
         <run_address>0xa64a</run_address>
         <size>0x8</size>
         <input_file_ref idref="fl-f9"/>
      </object_component>
      <object_component id="oc-33a">
         <name>.text:GrContextFontSet</name>
         <load_address>0xa652</load_address>
         <run_address>0xa652</run_address>
         <size>0x6</size>
         <input_file_ref idref="fl-fd"/>
      </object_component>
      <object_component id="oc-48c">
         <name>.text:SysCtlDelay</name>
         <load_address>0xa658</load_address>
         <run_address>0xa658</run_address>
         <size>0x6</size>
         <input_file_ref idref="fl-f8"/>
      </object_component>
      <object_component id="oc-15f">
         <name>.text:TimerClockSourceSet</name>
         <load_address>0xa65e</load_address>
         <run_address>0xa65e</run_address>
         <size>0x6</size>
         <input_file_ref idref="fl-f9"/>
      </object_component>
      <object_component id="oc-10b">
         <name>.text:TimerIntClear</name>
         <load_address>0xa664</load_address>
         <run_address>0xa664</run_address>
         <size>0x4</size>
         <input_file_ref idref="fl-f9"/>
      </object_component>
      <object_component id="oc-69">
         <name>.text</name>
         <load_address>0xa668</load_address>
         <run_address>0xa668</run_address>
         <size>0x4</size>
         <input_file_ref idref="fl-d0"/>
      </object_component>
      <object_component id="oc-38a">
         <name>.const:uni2sjis</name>
         <load_address>0xa66c</load_address>
         <run_address>0xa66c</run_address>
         <size>0x7378</size>
         <input_file_ref idref="fl-9"/>
      </object_component>
      <object_component id="oc-492">
         <name>.const:.string:g_pui8FontFixed6x8Data</name>
         <load_address>0x119e4</load_address>
         <run_address>0x119e4</run_address>
         <size>0x2f8</size>
         <input_file_ref idref="fl-fe"/>
      </object_component>
      <object_component id="oc-252">
         <name>.const:.string</name>
         <load_address>0x11cdc</load_address>
         <run_address>0x11cdc</run_address>
         <size>0x2ae</size>
         <input_file_ref idref="fl-4"/>
      </object_component>
      <object_component id="oc-444">
         <name>.const:g_pui16Crc16</name>
         <load_address>0x11f8a</load_address>
         <run_address>0x11f8a</run_address>
         <size>0x200</size>
         <input_file_ref idref="fl-f7"/>
      </object_component>
      <object_component id="oc-38d">
         <name>.const:tbl_lower$1</name>
         <load_address>0x1218a</load_address>
         <run_address>0x1218a</run_address>
         <size>0x1e0</size>
         <input_file_ref idref="fl-9"/>
      </object_component>
      <object_component id="oc-38e">
         <name>.const:tbl_upper$2</name>
         <load_address>0x1236a</load_address>
         <run_address>0x1236a</run_address>
         <size>0x1e0</size>
         <input_file_ref idref="fl-9"/>
      </object_component>
      <object_component id="oc-4c1">
         <name>.const:.string:_ctypes_</name>
         <load_address>0x1254a</load_address>
         <run_address>0x1254a</run_address>
         <size>0x101</size>
         <input_file_ref idref="fl-e0"/>
      </object_component>
      <object_component id="oc-35e">
         <name>.const:g_sFontFixed6x8</name>
         <load_address>0x1264c</load_address>
         <run_address>0x1264c</run_address>
         <size>0xc8</size>
         <input_file_ref idref="fl-fe"/>
      </object_component>
      <object_component id="oc-456">
         <name>.const:g_pui32GPIOBaseAddrs</name>
         <load_address>0x12714</load_address>
         <run_address>0x12714</run_address>
         <size>0x90</size>
         <input_file_ref idref="fl-f4"/>
      </object_component>
      <object_component id="oc-2bb">
         <name>.const</name>
         <load_address>0x127a4</load_address>
         <run_address>0x127a4</run_address>
         <size>0x70</size>
         <input_file_ref idref="fl-f6"/>
      </object_component>
      <object_component id="oc-2ee">
         <name>.const:g_pui32Xtals</name>
         <load_address>0x12814</load_address>
         <run_address>0x12814</run_address>
         <size>0x6c</size>
         <input_file_ref idref="fl-f8"/>
      </object_component>
      <object_component id="oc-26b">
         <name>.const:g_psDaysToMonth</name>
         <load_address>0x12880</load_address>
         <run_address>0x12880</run_address>
         <size>0x30</size>
         <input_file_ref idref="fl-c"/>
      </object_component>
      <object_component id="oc-35b">
         <name>.const:g_sCFAL96x64x16</name>
         <load_address>0x128b0</load_address>
         <run_address>0x128b0</run_address>
         <size>0x28</size>
         <input_file_ref idref="fl-6"/>
      </object_component>
      <object_component id="oc-26e">
         <name>.const:g_pfExponents</name>
         <load_address>0x128d8</load_address>
         <run_address>0x128d8</run_address>
         <size>0x18</size>
         <input_file_ref idref="fl-c"/>
      </object_component>
      <object_component id="oc-2de">
         <name>.const:.string</name>
         <load_address>0x128f0</load_address>
         <run_address>0x128f0</run_address>
         <size>0x12</size>
         <input_file_ref idref="fl-2"/>
      </object_component>
      <object_component id="oc-383">
         <name>.const:.string</name>
         <load_address>0x12904</load_address>
         <run_address>0x12904</run_address>
         <size>0x12</size>
         <input_file_ref idref="fl-b"/>
      </object_component>
      <object_component id="oc-3aa">
         <name>.const:.string</name>
         <load_address>0x12918</load_address>
         <run_address>0x12918</run_address>
         <size>0x12</size>
         <input_file_ref idref="fl-c"/>
      </object_component>
      <object_component id="oc-465">
         <name>.const</name>
         <load_address>0x1292c</load_address>
         <run_address>0x1292c</run_address>
         <size>0x10</size>
         <input_file_ref idref="fl-fb"/>
      </object_component>
      <object_component id="oc-244">
         <name>.const:.string:LfnOfs</name>
         <load_address>0x1293c</load_address>
         <run_address>0x1293c</run_address>
         <size>0xd</size>
         <input_file_ref idref="fl-8"/>
      </object_component>
      <object_component id="oc-22e">
         <name>.const:g_ui32UARTBase</name>
         <load_address>0x1294c</load_address>
         <run_address>0x1294c</run_address>
         <size>0xc</size>
         <input_file_ref idref="fl-b"/>
      </object_component>
      <object_component id="oc-228">
         <name>.const:g_ui32UARTPeriph</name>
         <load_address>0x12958</load_address>
         <run_address>0x12958</run_address>
         <size>0xc</size>
         <input_file_ref idref="fl-b"/>
      </object_component>
      <object_component id="oc-17d">
         <name>.const</name>
         <load_address>0x12964</load_address>
         <run_address>0x12964</run_address>
         <size>0x4</size>
         <input_file_ref idref="fl-2"/>
      </object_component>
      <object_component id="oc-231">
         <name>.const</name>
         <load_address>0x12968</load_address>
         <run_address>0x12968</run_address>
         <size>0x4</size>
         <input_file_ref idref="fl-b"/>
      </object_component>
      <object_component id="oc-268">
         <name>.const</name>
         <load_address>0x1296c</load_address>
         <run_address>0x1296c</run_address>
         <size>0x4</size>
         <input_file_ref idref="fl-c"/>
      </object_component>
      <object_component id="oc-546">
         <name>.cinit..data.load</name>
         <load_address>0x12970</load_address>
         <run_address>0x12970</run_address>
         <size>0x12c</size>
      </object_component>
      <object_component id="oc-543">
         <name>__TI_handler_table</name>
         <load_address>0x12a9c</load_address>
         <run_address>0x12a9c</run_address>
         <size>0xc</size>
      </object_component>
      <object_component id="oc-547">
         <name>.cinit..bss.load</name>
         <load_address>0x12aa8</load_address>
         <run_address>0x12aa8</run_address>
         <size>0x8</size>
      </object_component>
      <object_component id="oc-545">
         <name>.cinit..vtable.load</name>
         <load_address>0x12ab0</load_address>
         <run_address>0x12ab0</run_address>
         <size>0x8</size>
      </object_component>
      <object_component id="oc-544">
         <name>__TI_cinit_table</name>
         <load_address>0x12ab8</load_address>
         <run_address>0x12ab8</run_address>
         <size>0x18</size>
      </object_component>
      <object_component id="oc-2d2">
         <name>.vtable</name>
         <uninitialized>true</uninitialized>
         <run_address>0x20000000</run_address>
         <size>0x26c</size>
         <input_file_ref idref="fl-f6"/>
      </object_component>
      <object_component id="oc-180">
         <name>.data</name>
         <load_address>0x2000126c</load_address>
         <run_address>0x2000126c</run_address>
         <size>0x4</size>
         <input_file_ref idref="fl-2"/>
      </object_component>
      <object_component id="oc-bc">
         <name>.data:g_pcCwdBuf</name>
         <load_address>0x200011ec</load_address>
         <run_address>0x200011ec</run_address>
         <size>0x50</size>
         <input_file_ref idref="fl-4"/>
      </object_component>
      <object_component id="oc-e0">
         <name>.data:g_psCmdTable</name>
         <load_address>0x200010a4</load_address>
         <run_address>0x200010a4</run_address>
         <size>0xa8</size>
         <input_file_ref idref="fl-4"/>
      </object_component>
      <object_component id="oc-98">
         <name>.data:g_psFResultStrings</name>
         <load_address>0x2000114c</load_address>
         <run_address>0x2000114c</run_address>
         <size>0xa0</size>
         <input_file_ref idref="fl-4"/>
      </object_component>
      <object_component id="oc-45a">
         <name>.data:g_ui8DisplayInitCommands</name>
         <load_address>0x2000123c</load_address>
         <run_address>0x2000123c</run_address>
         <size>0x13</size>
         <input_file_ref idref="fl-6"/>
      </object_component>
      <object_component id="oc-219">
         <name>.data</name>
         <load_address>0x20001269</load_address>
         <run_address>0x20001269</run_address>
         <size>0x2</size>
         <input_file_ref idref="fl-7"/>
      </object_component>
      <object_component id="oc-22b">
         <name>.data</name>
         <load_address>0x20001264</load_address>
         <run_address>0x20001264</run_address>
         <size>0x5</size>
         <input_file_ref idref="fl-b"/>
      </object_component>
      <object_component id="oc-271">
         <name>.data</name>
         <load_address>0x2000127c</load_address>
         <run_address>0x2000127c</run_address>
         <size>0x4</size>
         <input_file_ref idref="fl-c"/>
      </object_component>
      <object_component id="oc-20b">
         <name>.data:$O1$$</name>
         <load_address>0x20001250</load_address>
         <run_address>0x20001250</run_address>
         <size>0xc</size>
         <input_file_ref idref="fl-cc"/>
      </object_component>
      <object_component id="oc-81">
         <name>.data</name>
         <load_address>0x20001274</load_address>
         <run_address>0x20001274</run_address>
         <size>0x4</size>
         <input_file_ref idref="fl-d2"/>
      </object_component>
      <object_component id="oc-287">
         <name>.data</name>
         <load_address>0x20001278</load_address>
         <run_address>0x20001278</run_address>
         <size>0x4</size>
         <input_file_ref idref="fl-d8"/>
      </object_component>
      <object_component id="oc-20e">
         <name>.data:$O1$$</name>
         <load_address>0x2000125c</load_address>
         <run_address>0x2000125c</run_address>
         <size>0x8</size>
         <input_file_ref idref="fl-da"/>
      </object_component>
      <object_component id="oc-4ba">
         <name>.data</name>
         <load_address>0x20001270</load_address>
         <run_address>0x20001270</run_address>
         <size>0x4</size>
         <input_file_ref idref="fl-f1"/>
      </object_component>
      <object_component id="oc-189">
         <name>.bss:g_sFatFs</name>
         <uninitialized>true</uninitialized>
         <run_address>0x2000026c</run_address>
         <size>0x234</size>
         <input_file_ref idref="fl-2"/>
      </object_component>
      <object_component id="oc-183">
         <name>.bss:logFile</name>
         <uninitialized>true</uninitialized>
         <run_address>0x200008fc</run_address>
         <size>0x228</size>
         <input_file_ref idref="fl-2"/>
      </object_component>
      <object_component id="oc-c2">
         <name>.bss:g_pcTmpBuf</name>
         <uninitialized>true</uninitialized>
         <run_address>0x20000d24</run_address>
         <size>0x50</size>
         <input_file_ref idref="fl-4"/>
      </object_component>
      <object_component id="oc-ec">
         <name>.bss:g_pcCmdBuf</name>
         <uninitialized>true</uninitialized>
         <run_address>0x20000d74</run_address>
         <size>0x40</size>
         <input_file_ref idref="fl-4"/>
      </object_component>
      <object_component id="oc-e9">
         <name>.bss:g_sFatFs</name>
         <uninitialized>true</uninitialized>
         <run_address>0x200004a0</run_address>
         <size>0x234</size>
         <input_file_ref idref="fl-4"/>
      </object_component>
      <object_component id="oc-bf">
         <name>.bss:g_sDirObject</name>
         <uninitialized>true</uninitialized>
         <run_address>0x20000e44</run_address>
         <size>0x24</size>
         <input_file_ref idref="fl-4"/>
      </object_component>
      <object_component id="oc-9b">
         <name>.bss:g_sFileInfo</name>
         <uninitialized>true</uninitialized>
         <run_address>0x20000e68</run_address>
         <size>0x20</size>
         <input_file_ref idref="fl-4"/>
      </object_component>
      <object_component id="oc-dd">
         <name>.bss:g_sFileObject</name>
         <uninitialized>true</uninitialized>
         <run_address>0x200006d4</run_address>
         <size>0x228</size>
         <input_file_ref idref="fl-4"/>
      </object_component>
      <object_component id="oc-216">
         <name>.bss</name>
         <uninitialized>true</uninitialized>
         <run_address>0x20000e9c</run_address>
         <size>0x3</size>
         <input_file_ref idref="fl-7"/>
      </object_component>
      <object_component id="oc-247">
         <name>.bss:FatFs</name>
         <uninitialized>true</uninitialized>
         <run_address>0x20000e94</run_address>
         <size>0x4</size>
         <input_file_ref idref="fl-8"/>
      </object_component>
      <object_component id="oc-24a">
         <name>.bss</name>
         <uninitialized>true</uninitialized>
         <run_address>0x20000ea0</run_address>
         <size>0x2</size>
         <input_file_ref idref="fl-8"/>
      </object_component>
      <object_component id="oc-23b">
         <name>.bss:Files</name>
         <uninitialized>true</uninitialized>
         <run_address>0x20000e88</run_address>
         <size>0xc</size>
         <input_file_ref idref="fl-8"/>
      </object_component>
      <object_component id="oc-24d">
         <name>.bss:LfnBuf</name>
         <uninitialized>true</uninitialized>
         <run_address>0x20000b24</run_address>
         <size>0x200</size>
         <input_file_ref idref="fl-8"/>
      </object_component>
      <object_component id="oc-298">
         <name>.bss:g_ppcArgv</name>
         <uninitialized>true</uninitialized>
         <run_address>0x20000e20</run_address>
         <size>0x24</size>
         <input_file_ref idref="fl-a"/>
      </object_component>
      <object_component id="oc-358">
         <name>.common:g_sContext</name>
         <uninitialized>true</uninitialized>
         <run_address>0x20000df4</run_address>
         <size>0x2c</size>
      </object_component>
      <object_component id="oc-186">
         <name>.common:ConfigState</name>
         <uninitialized>true</uninitialized>
         <run_address>0x20000db4</run_address>
         <size>0x40</size>
      </object_component>
      <object_component id="oc-468">
         <name>.common:g_psGrLibDefaults</name>
         <uninitialized>true</uninitialized>
         <run_address>0x20000e98</run_address>
         <size>0x4</size>
      </object_component>
      <object_component id="oc-2a">
         <name>.stack</name>
         <uninitialized>true</uninitialized>
         <run_address>0x20000ea4</run_address>
         <size>0x0</size>
         <input_file_ref idref="fl-c8"/>
      </object_component>
      <object_component id="oc-548">
         <name>.stack</name>
         <uninitialized>true</uninitialized>
         <run_address>0x20000ea4</run_address>
         <size>0x0</size>
      </object_component>
      <object_component id="oc-187">
         <name>.debug_info</name>
         <load_address>0x0</load_address>
         <run_address>0x0</run_address>
         <size>0xee0</size>
         <input_file_ref idref="fl-2"/>
      </object_component>
      <object_component id="oc-181">
         <name>.debug_info</name>
         <load_address>0xee0</load_address>
         <run_address>0xee0</run_address>
         <size>0xe2</size>
         <input_file_ref idref="fl-2"/>
      </object_component>
      <object_component id="oc-17e">
         <name>.debug_info</name>
         <load_address>0xfc2</load_address>
         <run_address>0xfc2</run_address>
         <size>0xd2</size>
         <input_file_ref idref="fl-2"/>
      </object_component>
      <object_component id="oc-18a">
         <name>.debug_info</name>
         <load_address>0x1094</load_address>
         <run_address>0x1094</run_address>
         <size>0xd4</size>
         <input_file_ref idref="fl-2"/>
      </object_component>
      <object_component id="oc-184">
         <name>.debug_info</name>
         <load_address>0x1168</load_address>
         <run_address>0x1168</run_address>
         <size>0xd2</size>
         <input_file_ref idref="fl-2"/>
      </object_component>
      <object_component id="oc-3a">
         <name>.debug_info</name>
         <load_address>0x123a</load_address>
         <run_address>0x123a</run_address>
         <size>0x1059</size>
         <input_file_ref idref="fl-2"/>
      </object_component>
      <object_component id="oc-f2">
         <name>.debug_info</name>
         <load_address>0x2293</load_address>
         <run_address>0x2293</run_address>
         <size>0x529</size>
         <input_file_ref idref="fl-2"/>
      </object_component>
      <object_component id="oc-21d">
         <name>.debug_info</name>
         <load_address>0x27bc</load_address>
         <run_address>0x27bc</run_address>
         <size>0xe4</size>
         <input_file_ref idref="fl-2"/>
      </object_component>
      <object_component id="oc-223">
         <name>.debug_info</name>
         <load_address>0x28a0</load_address>
         <run_address>0x28a0</run_address>
         <size>0x70</size>
         <input_file_ref idref="fl-2"/>
      </object_component>
      <object_component id="oc-2e7">
         <name>.debug_info</name>
         <load_address>0x2910</load_address>
         <run_address>0x2910</run_address>
         <size>0xd6</size>
         <input_file_ref idref="fl-2"/>
      </object_component>
      <object_component id="oc-2a3">
         <name>.debug_info</name>
         <load_address>0x29e6</load_address>
         <run_address>0x29e6</run_address>
         <size>0x6bd</size>
         <input_file_ref idref="fl-2"/>
      </object_component>
      <object_component id="oc-101">
         <name>.debug_info</name>
         <load_address>0x30a3</load_address>
         <run_address>0x30a3</run_address>
         <size>0x189</size>
         <input_file_ref idref="fl-2"/>
      </object_component>
      <object_component id="oc-2a8">
         <name>.debug_info</name>
         <load_address>0x322c</load_address>
         <run_address>0x322c</run_address>
         <size>0x7f</size>
         <input_file_ref idref="fl-2"/>
      </object_component>
      <object_component id="oc-2ad">
         <name>.debug_info</name>
         <load_address>0x32ab</load_address>
         <run_address>0x32ab</run_address>
         <size>0x5e</size>
         <input_file_ref idref="fl-2"/>
      </object_component>
      <object_component id="oc-fc">
         <name>.debug_info</name>
         <load_address>0x3309</load_address>
         <run_address>0x3309</run_address>
         <size>0x8b</size>
         <input_file_ref idref="fl-2"/>
      </object_component>
      <object_component id="oc-f7">
         <name>.debug_info</name>
         <load_address>0x3394</load_address>
         <run_address>0x3394</run_address>
         <size>0x18b</size>
         <input_file_ref idref="fl-2"/>
      </object_component>
      <object_component id="oc-1ec">
         <name>.debug_info</name>
         <load_address>0x351f</load_address>
         <run_address>0x351f</run_address>
         <size>0x2c</size>
         <input_file_ref idref="fl-2"/>
      </object_component>
      <object_component id="oc-236">
         <name>.debug_info</name>
         <load_address>0x354b</load_address>
         <run_address>0x354b</run_address>
         <size>0x4e</size>
         <input_file_ref idref="fl-2"/>
      </object_component>
      <object_component id="oc-359">
         <name>.debug_info</name>
         <load_address>0x3599</load_address>
         <run_address>0x3599</run_address>
         <size>0x92b</size>
         <input_file_ref idref="fl-3"/>
      </object_component>
      <object_component id="oc-206">
         <name>.debug_info</name>
         <load_address>0x3ec4</load_address>
         <run_address>0x3ec4</run_address>
         <size>0x6ad</size>
         <input_file_ref idref="fl-3"/>
      </object_component>
      <object_component id="oc-f0">
         <name>.debug_info</name>
         <load_address>0x4571</load_address>
         <run_address>0x4571</run_address>
         <size>0x9c0</size>
         <input_file_ref idref="fl-4"/>
      </object_component>
      <object_component id="oc-bd">
         <name>.debug_info</name>
         <load_address>0x4f31</load_address>
         <run_address>0x4f31</run_address>
         <size>0xd5</size>
         <input_file_ref idref="fl-4"/>
      </object_component>
      <object_component id="oc-c3">
         <name>.debug_info</name>
         <load_address>0x5006</load_address>
         <run_address>0x5006</run_address>
         <size>0xd5</size>
         <input_file_ref idref="fl-4"/>
      </object_component>
      <object_component id="oc-ed">
         <name>.debug_info</name>
         <load_address>0x50db</load_address>
         <run_address>0x50db</run_address>
         <size>0xd5</size>
         <input_file_ref idref="fl-4"/>
      </object_component>
      <object_component id="oc-ea">
         <name>.debug_info</name>
         <load_address>0x51b0</load_address>
         <run_address>0x51b0</run_address>
         <size>0xd1</size>
         <input_file_ref idref="fl-4"/>
      </object_component>
      <object_component id="oc-c0">
         <name>.debug_info</name>
         <load_address>0x5281</load_address>
         <run_address>0x5281</run_address>
         <size>0xd9</size>
         <input_file_ref idref="fl-4"/>
      </object_component>
      <object_component id="oc-9c">
         <name>.debug_info</name>
         <load_address>0x535a</load_address>
         <run_address>0x535a</run_address>
         <size>0xd7</size>
         <input_file_ref idref="fl-4"/>
      </object_component>
      <object_component id="oc-de">
         <name>.debug_info</name>
         <load_address>0x5431</load_address>
         <run_address>0x5431</run_address>
         <size>0xdb</size>
         <input_file_ref idref="fl-4"/>
      </object_component>
      <object_component id="oc-e1">
         <name>.debug_info</name>
         <load_address>0x550c</load_address>
         <run_address>0x550c</run_address>
         <size>0xda</size>
         <input_file_ref idref="fl-4"/>
      </object_component>
      <object_component id="oc-99">
         <name>.debug_info</name>
         <load_address>0x55e6</load_address>
         <run_address>0x55e6</run_address>
         <size>0xe6</size>
         <input_file_ref idref="fl-4"/>
      </object_component>
      <object_component id="oc-32">
         <name>.debug_info</name>
         <load_address>0x56cc</load_address>
         <run_address>0x56cc</run_address>
         <size>0x1092</size>
         <input_file_ref idref="fl-4"/>
      </object_component>
      <object_component id="oc-3f">
         <name>.debug_info</name>
         <load_address>0x675e</load_address>
         <run_address>0x675e</run_address>
         <size>0x2fd</size>
         <input_file_ref idref="fl-5"/>
      </object_component>
      <object_component id="oc-10">
         <name>.debug_info</name>
         <load_address>0x6a5b</load_address>
         <run_address>0x6a5b</run_address>
         <size>0xec</size>
         <input_file_ref idref="fl-5"/>
      </object_component>
      <object_component id="oc-2c">
         <name>.debug_info</name>
         <load_address>0x6b47</load_address>
         <run_address>0x6b47</run_address>
         <size>0x270</size>
         <input_file_ref idref="fl-5"/>
      </object_component>
      <object_component id="oc-46">
         <name>.debug_info</name>
         <load_address>0x6db7</load_address>
         <run_address>0x6db7</run_address>
         <size>0x84</size>
         <input_file_ref idref="fl-5"/>
      </object_component>
      <object_component id="oc-45e">
         <name>.debug_info</name>
         <load_address>0x6e3b</load_address>
         <run_address>0x6e3b</run_address>
         <size>0x4a5</size>
         <input_file_ref idref="fl-6"/>
      </object_component>
      <object_component id="oc-45b">
         <name>.debug_info</name>
         <load_address>0x72e0</load_address>
         <run_address>0x72e0</run_address>
         <size>0xfe</size>
         <input_file_ref idref="fl-6"/>
      </object_component>
      <object_component id="oc-35c">
         <name>.debug_info</name>
         <load_address>0x73de</load_address>
         <run_address>0x73de</run_address>
         <size>0xee</size>
         <input_file_ref idref="fl-6"/>
      </object_component>
      <object_component id="oc-329">
         <name>.debug_info</name>
         <load_address>0x74cc</load_address>
         <run_address>0x74cc</run_address>
         <size>0xf46</size>
         <input_file_ref idref="fl-6"/>
      </object_component>
      <object_component id="oc-222">
         <name>.debug_info</name>
         <load_address>0x8412</load_address>
         <run_address>0x8412</run_address>
         <size>0x2c6</size>
         <input_file_ref idref="fl-7"/>
      </object_component>
      <object_component id="oc-21a">
         <name>.debug_info</name>
         <load_address>0x86d8</load_address>
         <run_address>0x86d8</run_address>
         <size>0x129</size>
         <input_file_ref idref="fl-7"/>
      </object_component>
      <object_component id="oc-217">
         <name>.debug_info</name>
         <load_address>0x8801</load_address>
         <run_address>0x8801</run_address>
         <size>0x147</size>
         <input_file_ref idref="fl-7"/>
      </object_component>
      <object_component id="oc-89">
         <name>.debug_info</name>
         <load_address>0x8948</load_address>
         <run_address>0x8948</run_address>
         <size>0x1d22</size>
         <input_file_ref idref="fl-7"/>
      </object_component>
      <object_component id="oc-251">
         <name>.debug_info</name>
         <load_address>0xa66a</load_address>
         <run_address>0xa66a</run_address>
         <size>0x533</size>
         <input_file_ref idref="fl-8"/>
      </object_component>
      <object_component id="oc-248">
         <name>.debug_info</name>
         <load_address>0xab9d</load_address>
         <run_address>0xab9d</run_address>
         <size>0xfc</size>
         <input_file_ref idref="fl-8"/>
      </object_component>
      <object_component id="oc-24b">
         <name>.debug_info</name>
         <load_address>0xac99</load_address>
         <run_address>0xac99</run_address>
         <size>0xfa</size>
         <input_file_ref idref="fl-8"/>
      </object_component>
      <object_component id="oc-23c">
         <name>.debug_info</name>
         <load_address>0xad93</load_address>
         <run_address>0xad93</run_address>
         <size>0xfc</size>
         <input_file_ref idref="fl-8"/>
      </object_component>
      <object_component id="oc-24e">
         <name>.debug_info</name>
         <load_address>0xae8f</load_address>
         <run_address>0xae8f</run_address>
         <size>0xfe</size>
         <input_file_ref idref="fl-8"/>
      </object_component>
      <object_component id="oc-245">
         <name>.debug_info</name>
         <load_address>0xaf8d</load_address>
         <run_address>0xaf8d</run_address>
         <size>0xfe</size>
         <input_file_ref idref="fl-8"/>
      </object_component>
      <object_component id="oc-96">
         <name>.debug_info</name>
         <load_address>0xb08b</load_address>
         <run_address>0xb08b</run_address>
         <size>0x5071</size>
         <input_file_ref idref="fl-8"/>
      </object_component>
      <object_component id="oc-39b">
         <name>.debug_info</name>
         <load_address>0x100fc</load_address>
         <run_address>0x100fc</run_address>
         <size>0x86</size>
         <input_file_ref idref="fl-8"/>
      </object_component>
      <object_component id="oc-390">
         <name>.debug_info</name>
         <load_address>0x10182</load_address>
         <run_address>0x10182</run_address>
         <size>0x2e5</size>
         <input_file_ref idref="fl-9"/>
      </object_component>
      <object_component id="oc-38b">
         <name>.debug_info</name>
         <load_address>0x10467</load_address>
         <run_address>0x10467</run_address>
         <size>0x10b</size>
         <input_file_ref idref="fl-9"/>
      </object_component>
      <object_component id="oc-23f">
         <name>.debug_info</name>
         <load_address>0x10572</load_address>
         <run_address>0x10572</run_address>
         <size>0x37c</size>
         <input_file_ref idref="fl-9"/>
      </object_component>
      <object_component id="oc-29c">
         <name>.debug_info</name>
         <load_address>0x108ee</load_address>
         <run_address>0x108ee</run_address>
         <size>0x2ee</size>
         <input_file_ref idref="fl-a"/>
      </object_component>
      <object_component id="oc-299">
         <name>.debug_info</name>
         <load_address>0x10bdc</load_address>
         <run_address>0x10bdc</run_address>
         <size>0xd9</size>
         <input_file_ref idref="fl-a"/>
      </object_component>
      <object_component id="oc-e4">
         <name>.debug_info</name>
         <load_address>0x10cb5</load_address>
         <run_address>0x10cb5</run_address>
         <size>0x1d5</size>
         <input_file_ref idref="fl-a"/>
      </object_component>
      <object_component id="oc-3c9">
         <name>.debug_info</name>
         <load_address>0x10e8a</load_address>
         <run_address>0x10e8a</run_address>
         <size>0x7f</size>
         <input_file_ref idref="fl-a"/>
      </object_component>
      <object_component id="oc-235">
         <name>.debug_info</name>
         <load_address>0x10f09</load_address>
         <run_address>0x10f09</run_address>
         <size>0x290</size>
         <input_file_ref idref="fl-b"/>
      </object_component>
      <object_component id="oc-22c">
         <name>.debug_info</name>
         <load_address>0x11199</load_address>
         <run_address>0x11199</run_address>
         <size>0xdd</size>
         <input_file_ref idref="fl-b"/>
      </object_component>
      <object_component id="oc-232">
         <name>.debug_info</name>
         <load_address>0x11276</load_address>
         <run_address>0x11276</run_address>
         <size>0xd7</size>
         <input_file_ref idref="fl-b"/>
      </object_component>
      <object_component id="oc-22f">
         <name>.debug_info</name>
         <load_address>0x1134d</load_address>
         <run_address>0x1134d</run_address>
         <size>0xe5</size>
         <input_file_ref idref="fl-b"/>
      </object_component>
      <object_component id="oc-229">
         <name>.debug_info</name>
         <load_address>0x11432</load_address>
         <run_address>0x11432</run_address>
         <size>0xe9</size>
         <input_file_ref idref="fl-b"/>
      </object_component>
      <object_component id="oc-8d">
         <name>.debug_info</name>
         <load_address>0x1151b</load_address>
         <run_address>0x1151b</run_address>
         <size>0x74d</size>
         <input_file_ref idref="fl-b"/>
      </object_component>
      <object_component id="oc-275">
         <name>.debug_info</name>
         <load_address>0x11c68</load_address>
         <run_address>0x11c68</run_address>
         <size>0x2bc</size>
         <input_file_ref idref="fl-c"/>
      </object_component>
      <object_component id="oc-269">
         <name>.debug_info</name>
         <load_address>0x11f24</load_address>
         <run_address>0x11f24</run_address>
         <size>0xd5</size>
         <input_file_ref idref="fl-c"/>
      </object_component>
      <object_component id="oc-26c">
         <name>.debug_info</name>
         <load_address>0x11ff9</load_address>
         <run_address>0x11ff9</run_address>
         <size>0xe6</size>
         <input_file_ref idref="fl-c"/>
      </object_component>
      <object_component id="oc-26f">
         <name>.debug_info</name>
         <load_address>0x120df</load_address>
         <run_address>0x120df</run_address>
         <size>0xe2</size>
         <input_file_ref idref="fl-c"/>
      </object_component>
      <object_component id="oc-272">
         <name>.debug_info</name>
         <load_address>0x121c1</load_address>
         <run_address>0x121c1</run_address>
         <size>0xe2</size>
         <input_file_ref idref="fl-c"/>
      </object_component>
      <object_component id="oc-cf">
         <name>.debug_info</name>
         <load_address>0x122a3</load_address>
         <run_address>0x122a3</run_address>
         <size>0xf20</size>
         <input_file_ref idref="fl-c"/>
      </object_component>
      <object_component id="oc-276">
         <name>.debug_info</name>
         <load_address>0x131c3</load_address>
         <run_address>0x131c3</run_address>
         <size>0x196</size>
         <input_file_ref idref="fl-c"/>
      </object_component>
      <object_component id="oc-25">
         <name>.debug_info</name>
         <load_address>0x13359</load_address>
         <run_address>0x13359</run_address>
         <size>0x160</size>
         <input_file_ref idref="fl-c8"/>
      </object_component>
      <object_component id="oc-1e2">
         <name>.debug_info</name>
         <load_address>0x134b9</load_address>
         <run_address>0x134b9</run_address>
         <size>0x293</size>
         <input_file_ref idref="fl-c9"/>
      </object_component>
      <object_component id="oc-13">
         <name>.debug_info</name>
         <load_address>0x1374c</load_address>
         <run_address>0x1374c</run_address>
         <size>0x245</size>
         <input_file_ref idref="fl-c9"/>
      </object_component>
      <object_component id="oc-41">
         <name>.debug_info</name>
         <load_address>0x13991</load_address>
         <run_address>0x13991</run_address>
         <size>0x60</size>
         <input_file_ref idref="fl-c9"/>
      </object_component>
      <object_component id="oc-1dd">
         <name>.debug_info</name>
         <load_address>0x139f1</load_address>
         <run_address>0x139f1</run_address>
         <size>0x46</size>
         <input_file_ref idref="fl-c9"/>
      </object_component>
      <object_component id="oc-56">
         <name>.debug_info</name>
         <load_address>0x13a37</load_address>
         <run_address>0x13a37</run_address>
         <size>0x2da</size>
         <input_file_ref idref="fl-ca"/>
      </object_component>
      <object_component id="oc-1c">
         <name>.debug_info</name>
         <load_address>0x13d11</load_address>
         <run_address>0x13d11</run_address>
         <size>0x1df</size>
         <input_file_ref idref="fl-ca"/>
      </object_component>
      <object_component id="oc-51">
         <name>.debug_info</name>
         <load_address>0x13ef0</load_address>
         <run_address>0x13ef0</run_address>
         <size>0x46</size>
         <input_file_ref idref="fl-ca"/>
      </object_component>
      <object_component id="oc-1e4">
         <name>.debug_info</name>
         <load_address>0x13f36</load_address>
         <run_address>0x13f36</run_address>
         <size>0x2c</size>
[...]
      <symbol id="sm-873">
         <name>__TI_decompress_lzss</name>
         <value>0x9b7d</value>
         <object_component_ref idref="oc-12"/>
      </symbol>
      <symbol id="sm-88a">
         <name>__TI_decompress_none</name>
         <value>0xa5fd</value>
         <object_component_ref idref="oc-18"/>
      </symbol>
      <symbol id="sm-89c">
         <name>__TI_zero_init</name>
         <value>0xa619</value>
         <object_component_ref idref="oc-1e"/>
      </symbol>
      <symbol id="sm-8bd">
         <name>C$$EXIT</name>
         <value>0x9e75</value>
         <object_component_ref idref="oc-7b"/>
      </symbol>
      <symbol id="sm-8be">
         <name>abort</name>
         <value>0x9e79</value>
         <object_component_ref idref="oc-7b"/>
      </symbol>
      <symbol id="sm-8bf">
         <name>exit</name>
         <value>0x9e81</value>
         <object_component_ref idref="oc-7b"/>
      </symbol>
      <symbol id="sm-8c0">
         <name>__TI_dtors_ptr</name>
         <value>0x20001254</value>
         <object_component_ref idref="oc-20b"/>
      </symbol>
      <symbol id="sm-8c1">
         <name>__TI_cleanup_ptr</name>
         <value>0x20001250</value>
         <object_component_ref idref="oc-20b"/>
      </symbol>
      <symbol id="sm-8c2">
         <name>__TI_enable_exit_profile_output</name>
         <value>0x20001258</value>
         <object_component_ref idref="oc-20b"/>
      </symbol>
      <symbol id="sm-8dd">
         <name>memcpy</name>
         <value>0x9649</value>
         <object_component_ref idref="oc-4b"/>
      </symbol>
      <symbol id="sm-8de">
         <name>__aeabi_memcpy</name>
         <value>0x9649</value>
         <object_component_ref idref="oc-4b"/>
      </symbol>
      <symbol id="sm-8df">
         <name>__aeabi_memcpy8</name>
         <value>0x9649</value>
         <object_component_ref idref="oc-4b"/>
      </symbol>
      <symbol id="sm-8e0">
         <name>__aeabi_memcpy4</name>
         <value>0x9649</value>
         <object_component_ref idref="oc-4b"/>
      </symbol>
      <symbol id="sm-8ef">
         <name>__aeabi_memset</name>
         <value>0x98f3</value>
         <object_component_ref idref="oc-57"/>
      </symbol>
      <symbol id="sm-8f0">
         <name>memset</name>
         <value>0x98f9</value>
         <object_component_ref idref="oc-57"/>
      </symbol>
      <symbol id="sm-8f1">
         <name>__aeabi_memset8</name>
         <value>0x98f3</value>
         <object_component_ref idref="oc-57"/>
      </symbol>
      <symbol id="sm-8f2">
         <name>__aeabi_memset4</name>
         <value>0x98f3</value>
         <object_component_ref idref="oc-57"/>
      </symbol>
      <symbol id="sm-8f3">
         <name>__aeabi_memclr8</name>
         <value>0x98f1</value>
         <object_component_ref idref="oc-57"/>
      </symbol>
      <symbol id="sm-8f4">
         <name>__aeabi_memclr4</name>
         <value>0x98f1</value>
         <object_component_ref idref="oc-57"/>
      </symbol>
      <symbol id="sm-8f5">
         <name>__aeabi_memclr</name>
         <value>0x98f1</value>
         <object_component_ref idref="oc-57"/>
      </symbol>
      <symbol id="sm-8ff">
         <name>__mpu_init</name>
         <value>0x4f4b</value>
         <object_component_ref idref="oc-63"/>
      </symbol>
      <symbol id="sm-909">
         <name>_system_pre_init</name>
         <value>0xa669</value>
         <object_component_ref idref="oc-69"/>
      </symbol>
      <symbol id="sm-922">
         <name>sprintf</name>
         <value>0x9d0d</value>
         <object_component_ref idref="oc-147"/>
      </symbol>
      <symbol id="sm-92a">
         <name>main_func_sp</name>
         <value>0x20001274</value>
         <object_component_ref idref="oc-81"/>
      </symbol>
      <symbol id="sm-93a">
         <name>strcat</name>
         <value>0xa417</value>
         <object_component_ref idref="oc-b6"/>
      </symbol>
      <symbol id="sm-949">
         <name>strcmp</name>
         <value>0xa499</value>
         <object_component_ref idref="oc-b0"/>
      </symbol>
      <symbol id="sm-957">
         <name>strcpy</name>
         <value>0xa555</value>
         <object_component_ref idref="oc-9e"/>
      </symbol>
      <symbol id="sm-965">
         <name>strlen</name>
         <value>0xa569</value>
         <object_component_ref idref="oc-a4"/>
      </symbol>
      <symbol id="sm-975">
         <name>strncpy</name>
         <value>0xa14b</value>
         <object_component_ref idref="oc-aa"/>
      </symbol>
      <symbol id="sm-98d">
         <name>strtok</name>
         <value>0xa091</value>
         <object_component_ref idref="oc-d1"/>
      </symbol>
      <symbol id="sm-99c">
         <name>__aeabi_uidivmod</name>
         <value>0xa0d1</value>
         <object_component_ref idref="oc-106"/>
      </symbol>
      <symbol id="sm-99d">
         <name>__aeabi_uidiv</name>
         <value>0xa0d1</value>
         <object_component_ref idref="oc-106"/>
      </symbol>
      <symbol id="sm-9b6">
         <name>_nop</name>
         <value>0xa53b</value>
         <object_component_ref idref="oc-36b"/>
      </symbol>
      <symbol id="sm-9b7">
         <name>_lock</name>
         <value>0x2000125c</value>
         <object_component_ref idref="oc-20e"/>
      </symbol>
      <symbol id="sm-9b8">
         <name>_unlock</name>
         <value>0x20001260</value>
         <object_component_ref idref="oc-20e"/>
      </symbol>
      <symbol id="sm-9b9">
         <name>_register_lock</name>
         <value>0xa533</value>
         <object_component_ref idref="oc-36b"/>
      </symbol>
      <symbol id="sm-9ba">
         <name>_register_unlock</name>
         <value>0xa52d</value>
         <object_component_ref idref="oc-36b"/>
      </symbol>
      <symbol id="sm-abb">
         <name>__TI_printfi</name>
         <value>0x4651</value>
         <object_component_ref idref="oc-2ca"/>
      </symbol>
      <symbol id="sm-acf">
         <name>_args_main</name>
         <value>0xa481</value>
         <object_component_ref idref="oc-75"/>
      </symbol>
      <symbol id="sm-ae5">
         <name>atoi</name>
         <value>0x9f1d</value>
         <object_component_ref idref="oc-417"/>
      </symbol>
      <symbol id="sm-b0f">
         <name>__TI_auto_init</name>
         <value>0x996d</value>
         <object_component_ref idref="oc-6f"/>
      </symbol>
      <symbol id="sm-b29">
         <name>copy_in</name>
         <value>0x9f69</value>
         <object_component_ref idref="oc-1f5"/>
      </symbol>
      <symbol id="sm-b34">
         <name>_ctypes_</name>
         <value>0x1254a</value>
         <object_component_ref idref="oc-4c1"/>
      </symbol>
      <symbol id="sm-b4b">
         <name>__aeabi_dsub</name>
         <value>0x8acd</value>
         <object_component_ref idref="oc-400"/>
      </symbol>
      <symbol id="sm-b4c">
         <name>__aeabi_dadd</name>
         <value>0x8ad7</value>
         <object_component_ref idref="oc-400"/>
      </symbol>
      <symbol id="sm-b6e">
         <name>__aeabi_cdcmpeq</name>
         <value>0x976b</value>
         <object_component_ref idref="oc-3dc"/>
      </symbol>
      <symbol id="sm-b6f">
         <name>__aeabi_cdcmple</name>
         <value>0x976b</value>
         <object_component_ref idref="oc-3dc"/>
      </symbol>
      <symbol id="sm-b70">
         <name>__aeabi_cdrcmple</name>
         <value>0x97f1</value>
         <object_component_ref idref="oc-3eb"/>
      </symbol>
      <symbol id="sm-b84">
         <name>__aeabi_ddiv</name>
         <value>0x8c83</value>
         <object_component_ref idref="oc-3e6"/>
      </symbol>
      <symbol id="sm-b8f">
         <name>__aeabi_dmul</name>
         <value>0x9125</value>
         <object_component_ref idref="oc-3e1"/>
      </symbol>
      <symbol id="sm-b99">
         <name>__aeabi_d2iz</name>
         <value>0xa049</value>
         <object_component_ref idref="oc-3f0"/>
      </symbol>
      <symbol id="sm-ba3">
         <name>__aeabi_idiv0</name>
         <value>0x3e0b</value>
         <object_component_ref idref="oc-2b2"/>
      </symbol>
      <symbol id="sm-bad">
         <name>__aeabi_i2d</name>
         <value>0xa245</value>
         <object_component_ref idref="oc-3fb"/>
      </symbol>
      <symbol id="sm-bbc">
         <name>ltoa</name>
         <value>0x9ec9</value>
         <object_component_ref idref="oc-3f5"/>
      </symbol>
      <symbol id="sm-bcc">
         <name>memccpy</name>
         <value>0xa435</value>
         <object_component_ref idref="oc-41d"/>
      </symbol>
      <symbol id="sm-be7">
         <name>frexpl</name>
         <value>0x9c49</value>
         <object_component_ref idref="oc-405"/>
      </symbol>
      <symbol id="sm-be8">
         <name>frexp</name>
         <value>0x9c49</value>
         <object_component_ref idref="oc-405"/>
      </symbol>
      <symbol id="sm-c05">
         <name>scalbn</name>
         <value>0x9221</value>
         <object_component_ref idref="oc-40b"/>
      </symbol>
      <symbol id="sm-c06">
         <name>scalbnl</name>
         <value>0x9221</value>
         <object_component_ref idref="oc-40b"/>
      </symbol>
      <symbol id="sm-c07">
         <name>ldexpl</name>
         <value>0x9221</value>
         <object_component_ref idref="oc-40b"/>
      </symbol>
      <symbol id="sm-c08">
         <name>ldexp</name>
         <value>0x9221</value>
         <object_component_ref idref="oc-40b"/>
      </symbol>
      <symbol id="sm-c12">
         <name>_system_post_cinit</name>
         <value>0x8eeb</value>
         <object_component_ref idref="oc-1fb"/>
      </symbol>
      <symbol id="sm-c22">
         <name>strchr</name>
         <value>0xa4c7</value>
         <object_component_ref idref="oc-411"/>
      </symbol>
      <symbol id="sm-c33">
         <name>strcspn</name>
         <value>0xa395</value>
         <object_component_ref idref="oc-281"/>
      </symbol>
      <symbol id="sm-c45">
         <name>strspn</name>
         <value>0xa2f7</value>
         <object_component_ref idref="oc-27b"/>
      </symbol>
      <symbol id="sm-c61">
         <name>__aeabi_uldivmod</name>
         <value>0x88d9</value>
         <object_component_ref idref="oc-3d7"/>
      </symbol>
      <symbol id="sm-c69">
         <name>errno</name>
         <value>0x20001270</value>
         <object_component_ref idref="oc-4ba"/>
      </symbol>
      <symbol id="sm-c73">
         <name>copysign</name>
         <value>0xa541</value>
         <object_component_ref idref="oc-4b4"/>
      </symbol>
      <symbol id="sm-c74">
         <name>copysignl</name>
         <value>0xa541</value>
         <object_component_ref idref="oc-4b4"/>
      </symbol>
      <symbol id="sm-cbc">
         <name>ADCProcessorTrigger</name>
         <value>0xa451</value>
         <object_component_ref idref="oc-117"/>
      </symbol>
      <symbol id="sm-cbd">
         <name>ADCSequenceEnable</name>
         <value>0xa5e1</value>
         <object_component_ref idref="oc-1c2"/>
      </symbol>
      <symbol id="sm-cbe">
         <name>ADCSequenceConfigure</name>
         <value>0x9dc9</value>
         <object_component_ref idref="oc-1b6"/>
      </symbol>
      <symbol id="sm-cbf">
         <name>ADCSequenceStepConfigure</name>
         <value>0x9877</value>
         <object_component_ref idref="oc-1bc"/>
      </symbol>
      <symbol id="sm-cc0">
         <name>ADCIntClear</name>
         <value>0xa631</value>
         <object_component_ref idref="oc-123"/>
      </symbol>
      <symbol id="sm-cc1">
         <name>ADCIntStatus</name>
         <value>0xa1e9</value>
         <object_component_ref idref="oc-11d"/>
      </symbol>
      <symbol id="sm-cc2">
         <name>ADCSequenceDataGet</name>
         <value>0xa3db</value>
         <object_component_ref idref="oc-129"/>
      </symbol>
      <symbol id="sm-cf4">
         <name>GPIOPinConfigure</name>
         <value>0xa001</value>
         <object_component_ref idref="oc-322"/>
      </symbol>
      <symbol id="sm-cf5">
         <name>GPIOPinTypeADC</name>
         <value>0xa57d</value>
         <object_component_ref idref="oc-1b0"/>
      </symbol>
      <symbol id="sm-cf6">
         <name>GPIODirModeSet</name>
         <value>0xa2cd</value>
         <object_component_ref idref="oc-2f7"/>
      </symbol>
      <symbol id="sm-cf7">
         <name>GPIOPadConfigSet</name>
         <value>0x8db9</value>
         <object_component_ref idref="oc-2fd"/>
      </symbol>
      <symbol id="sm-d9a">
         <name>HibernateDataSet</name>
         <value>0xa321</value>
         <object_component_ref idref="oc-1d4"/>
      </symbol>
      <symbol id="sm-d9b">
         <name>HibernateIntClear</name>
         <value>0xa4f1</value>
         <object_component_ref idref="oc-141"/>
      </symbol>
      <symbol id="sm-d9c">
         <name>HibernateRTCSet</name>
         <value>0xa2a1</value>
         <object_component_ref idref="oc-d7"/>
      </symbol>
      <symbol id="sm-d9d">
         <name>HibernateWakeSet</name>
         <value>0x9be5</value>
         <object_component_ref idref="oc-1a4"/>
      </symbol>
      <symbol id="sm-d9e">
         <name>HibernateEnableExpClk</name>
         <value>0xa4dd</value>
         <object_component_ref idref="oc-192"/>
      </symbol>
      <symbol id="sm-d9f">
         <name>HibernateRTCTrimSet</name>
         <value>0xa5c1</value>
         <object_component_ref idref="oc-198"/>
      </symbol>
      <symbol id="sm-da0">
         <name>HibernateRTCMatchSet</name>
         <value>0xa5a1</value>
         <object_component_ref idref="oc-177"/>
      </symbol>
      <symbol id="sm-da1">
         <name>HibernateRequest</name>
         <value>0xa519</value>
         <object_component_ref idref="oc-1aa"/>
      </symbol>
      <symbol id="sm-da2">
         <name>HibernateRTCEnable</name>
         <value>0xa505</value>
         <object_component_ref idref="oc-19e"/>
      </symbol>
      <symbol id="sm-da3">
         <name>HibernateRTCSSGet</name>
         <value>0xa5b1</value>
         <object_component_ref idref="oc-12f"/>
      </symbol>
      <symbol id="sm-da4">
         <name>HibernateIntStatus</name>
         <value>0xa469</value>
         <object_component_ref idref="oc-13b"/>
      </symbol>
      <symbol id="sm-da5">
         <name>HibernateDataGet</name>
         <value>0xa371</value>
         <object_component_ref idref="oc-1c8"/>
      </symbol>
      <symbol id="sm-da6">
         <name>HibernateRTCGet</name>
         <value>0xa60d</value>
         <object_component_ref idref="oc-c5"/>
      </symbol>
      <symbol id="sm-df2">
         <name>IntEnable</name>
         <value>0x9b15</value>
         <object_component_ref idref="oc-135"/>
      </symbol>
      <symbol id="sm-df3">
         <name>IntDisable</name>
         <value>0x9aad</value>
         <object_component_ref idref="oc-111"/>
      </symbol>
      <symbol id="sm-df4">
         <name>IntRegister</name>
         <value>0xa181</value>
         <object_component_ref idref="oc-14d"/>
      </symbol>
      <symbol id="sm-df5">
         <name>g_pfnRAMVectors</name>
         <value>0x20000000</value>
         <object_component_ref idref="oc-2d2"/>
      </symbol>
      <symbol id="sm-e19">
         <name>Crc16Array</name>
         <value>0xa63b</value>
         <object_component_ref idref="oc-1ce"/>
      </symbol>
      <symbol id="sm-e1a">
         <name>Crc16</name>
         <value>0x9411</value>
         <object_component_ref idref="oc-308"/>
      </symbol>
      <symbol id="sm-e6c">
         <name>SysCtlClockSet</name>
         <value>0x931d</value>
         <object_component_ref idref="oc-352"/>
      </symbol>
      <symbol id="sm-e6d">
         <name>SysCtlDelay</name>
         <value>0xa659</value>
         <object_component_ref idref="oc-48c"/>
      </symbol>
      <symbol id="sm-e6e">
         <name>SysCtlPeripheralEnable</name>
         <value>0xa1b5</value>
         <object_component_ref idref="oc-153"/>
      </symbol>
      <symbol id="sm-e6f">
         <name>SysCtlClockGet</name>
         <value>0x9015</value>
         <object_component_ref idref="oc-18c"/>
      </symbol>
      <symbol id="sm-eab">
         <name>TimerLoadSet</name>
         <value>0xa58f</value>
         <object_component_ref idref="oc-165"/>
      </symbol>
      <symbol id="sm-eac">
         <name>TimerEnable</name>
         <value>0xa5ef</value>
         <object_component_ref idref="oc-171"/>
      </symbol>
      <symbol id="sm-ead">
         <name>TimerIntEnable</name>
         <value>0xa64b</value>
         <object_component_ref idref="oc-16b"/>
      </symbol>
      <symbol id="sm-eae">
         <name>TimerClockSourceSet</name>
         <value>0xa65f</value>
         <object_component_ref idref="oc-15f"/>
      </symbol>
      <symbol id="sm-eaf">
         <name>TimerConfigure</name>
         <value>0x9cad</value>
         <object_component_ref idref="oc-159"/>
      </symbol>
      <symbol id="sm-eb0">
         <name>TimerIntClear</name>
         <value>0xa665</value>
         <object_component_ref idref="oc-10b"/>
      </symbol>
      <symbol id="sm-ecc">
         <name>GrContextInit</name>
         <value>0x99dd</value>
         <object_component_ref idref="oc-32e"/>
      </symbol>
      <symbol id="sm-ecd">
         <name>g_psDefaultCodePointMapTable</name>
         <value>0x1292c</value>
         <object_component_ref idref="oc-465"/>
      </symbol>
      <symbol id="sm-edb">
         <name>GrRectFill</name>
         <value>0x96e5</value>
         <object_component_ref idref="oc-334"/>
      </symbol>
      <symbol id="sm-f7e">
         <name>GrFontInfoGet</name>
         <value>0xa349</value>
         <object_component_ref idref="oc-483"/>
      </symbol>
      <symbol id="sm-f7f">
         <name>GrDefaultStringRenderer</name>
         <value>0x94dd</value>
         <object_component_ref idref="oc-45f"/>
      </symbol>
      <symbol id="sm-f80">
         <name>GrFontGlyphRender</name>
         <value>0x8685</value>
         <object_component_ref idref="oc-4d9"/>
      </symbol>
      <symbol id="sm-f81">
         <name>GrContextFontSet</name>
         <value>0xa653</value>
         <object_component_ref idref="oc-33a"/>
      </symbol>
      <symbol id="sm-f82">
         <name>GrFontGlyphDataGet</name>
         <value>0xa3b9</value>
         <object_component_ref idref="oc-47d"/>
      </symbol>
      <symbol id="sm-f83">
         <name>GrStringDraw</name>
         <value>0xa4b1</value>
         <object_component_ref idref="oc-34c"/>
      </symbol>
      <symbol id="sm-f84">
         <name>GrFontCodepageGet</name>
         <value>0xa3f9</value>
         <object_component_ref idref="oc-4ec"/>
      </symbol>
      <symbol id="sm-f85">
         <name>GrStringNextCharGet</name>
         <value>0xa217</value>
         <object_component_ref idref="oc-477"/>
      </symbol>
      <symbol id="sm-f86">
         <name>GrStringWidthGet</name>
         <value>0x9a45</value>
         <object_component_ref idref="oc-340"/>
      </symbol>
      <symbol id="sm-f87">
         <name>GrFontBaselineGet</name>
         <value>0xa273</value>
         <object_component_ref idref="oc-346"/>
      </symbol>
      <symbol id="sm-f99">
         <name>g_sFontFixed6x8</name>
         <value>0x1264c</value>
         <object_component_ref idref="oc-35e"/>
      </symbol>
      <symbol id="sm-fa6">
         <name>GrMapISO8859_1_Unicode</name>
         <value>0xa643</value>
         <object_component_ref idref="oc-4e0"/>
      </symbol>
      <symbol id="sm-fa8">
         <name>__TI_static_base__</name>
         <value>0x0</value>
      </symbol>
      <symbol id="sm-fab">
         <name>SHT$$INIT_ARRAY$$Limit</name>
         <value>0x0</value>
      </symbol>
      <symbol id="sm-fac">
         <name>SHT$$INIT_ARRAY$$Base</name>
         <value>0x0</value>
      </symbol>
   </symbol_table>
   <title>Link successful</title>
</link_info>
