******************************************************************************
                  TI ARM Linker PC v16.9.4                     
******************************************************************************
>> Linked Wed Nov 22 11:29:57 2017

OUTPUT FILE NAME:   <Frost_Probe.out>
ENTRY POINT SYMBOL: "_c_int00"  address: 00002431


MEMORY CONFIGURATION

         name            origin    length      used     unused   attr    fill
----------------------  --------  ---------  --------  --------  ----  --------
  FLASH                 00000000   00040000  00002abe  0003d542  R  X
  SRAM                  20000000   00008000  000018e0  00006720  RW X


SEGMENT ALLOCATION MAP

run origin  load origin   length   init length attrs members
----------  ----------- ---------- ----------- ----- -------
00000000    00000000    00002ac0   00002ac0    r-x
  00000000    00000000    0000026c   0000026c    r-- .intvecs
  0000026c    0000026c    0000261e   0000261e    r-x .text
  0000288c    0000288c    000001fc   000001fc    r-- .const
  00002a88    00002a88    00000038   00000038    r-- .cinit
20000000    20000000    000018e0   00000000    rw-
  20000000    20000000    000016b4   00000000    rw- .bss
  200016b4    200016b4    00000200   00000000    rw- .stack
  200018b4    200018b4    0000002c   00000000    rw- .data


SECTION ALLOCATION MAP

 output                                  attributes/
section   page    origin      length       input sections
--------  ----  ----------  ----------   ----------------
.intvecs   0    00000000    0000026c     
                  00000000    0000026c     tm4c123gh6pge_startup_ccs.obj (.intvecs)

.text      0    0000026c    0000261e     
                  0000026c    00000c84     ustdlib.obj (.text)
                  00000ef0    000004dc     uartstdio.obj (.text)
                  000013cc    00000484     FP_acquire.obj (.text)
                  00001850    000002e0     Main.obj (.text)
                  00001b30    00000268     datetimeset.obj (.text)
                  00001d98    00000132     driverlib.lib : gpio.obj (.text:GPIOPadConfigSet)
                  00001eca    00000002     rtsv7M4_T_le_v4SPD16_eabi.lib : i_div0.obj (.text)
                  00001ecc    00000110     driverlib.lib : sysctl.obj (.text:SysCtlClockGet)
                  00001fdc    0000009c     rtsv7M4_T_le_v4SPD16_eabi.lib : memcpy_t2.obj (.text)
                  00002078    0000007a     driverlib.lib : adc.obj (.text:ADCSequenceStepConfigure)
                  000020f2    0000007a     rtsv7M4_T_le_v4SPD16_eabi.lib : memset_t2.obj (.text)
                  0000216c    00000070                                   : autoinit.obj (.text)
                  000021dc    00000068     driverlib.lib : interrupt.obj (.text:IntDisable)
                  00002244    00000068                   : interrupt.obj (.text:IntEnable)
                  000022ac    00000068     rtsv7M4_T_le_v4SPD16_eabi.lib : copy_decompress_lzss.obj (.text:decompress:lzss)
                  00002314    00000064     driverlib.lib : hibernate.obj (.text:HibernateWakeSet)
                  00002378    00000060                   : timer.obj (.text:TimerConfigure)
                  000023d8    00000058                   : adc.obj (.text:ADCSequenceConfigure)
                  00002430    00000054     rtsv7M4_T_le_v4SPD16_eabi.lib : boot.obj (.text)
                  00002484    00000054                                   : exit.obj (.text)
                  000024d8    0000004c                                   : cpy_tbl.obj (.text)
                  00002524    00000048     driverlib.lib : gpio.obj (.text:GPIOPinConfigure)
                  0000256c    00000040     rtsv7M4_T_le_v4SPD16_eabi.lib : strtok.obj (.text)
                  000025ac    00000040                                   : u_divt2.obj (.text)
                  000025ec    00000034     driverlib.lib : sysctl.obj (.text:SysCtlPeripheralEnable)
                  00002620    0000002e                   : adc.obj (.text:ADCIntStatus)
                  0000264e    00000002     rtsv7M4_T_le_v4SPD16_eabi.lib : mpu_init.obj (.text)
                  00002650    0000002c     driverlib.lib : hibernate.obj (.text:HibernateRTCSet)
                  0000267c    0000002a                   : gpio.obj (.text:GPIODirModeSet)
                  000026a6    0000002a     rtsv7M4_T_le_v4SPD16_eabi.lib : strspn.obj (.text)
                  000026d0    00000024                                   : strcspn.obj (.text)
                  000026f4    0000001e     driverlib.lib : adc.obj (.text:ADCSequenceDataGet)
                  00002712    00000018                   : adc.obj (.text:ADCProcessorTrigger)
                  0000272a    00000002     rtsv7M4_T_le_v4SPD16_eabi.lib : startup.obj (.text)
                  0000272c    00000018     driverlib.lib : hibernate.obj (.text:HibernateIntStatus)
                  00002744    00000018     rtsv7M4_T_le_v4SPD16_eabi.lib : args_main.obj (.text)
                  0000275c    00000014     driverlib.lib : hibernate.obj (.text:HibernateEnableExpClk)
                  00002770    00000014                   : hibernate.obj (.text:HibernateIntClear)
                  00002784    00000014                   : hibernate.obj (.text:HibernateRTCEnable)
                  00002798    00000014                   : hibernate.obj (.text:HibernateRequest)
                  000027ac    00000014     rtsv7M4_T_le_v4SPD16_eabi.lib : _lock.obj (.text)
                  000027c0    00000012     driverlib.lib : gpio.obj (.text:GPIOPinTypeADC)
                  000027d2    00000012                   : timer.obj (.text:TimerLoadSet)
                  000027e4    00000010                   : hibernate.obj (.text:HibernateRTCMatchSet)
                  000027f4    00000010                   : hibernate.obj (.text:HibernateRTCSSGet)
                  00002804    00000010                   : hibernate.obj (.text:HibernateRTCTrimSet)
                  00002814    00000010                   : hibernate.obj (.text:_HibernateWriteComplete)
                  00002824    0000000e                   : adc.obj (.text:ADCSequenceEnable)
                  00002832    0000000e                   : timer.obj (.text:TimerEnable)
                  00002840    0000000e     rtsv7M4_T_le_v4SPD16_eabi.lib : copy_decompress_none.obj (.text:decompress:none)
                  0000284e    00000002     --HOLE-- [fill = 0]
                  00002850    0000000c     driverlib.lib : hibernate.obj (.text:HibernateRTCGet)
                  0000285c    0000000c     rtsv7M4_T_le_v4SPD16_eabi.lib : copy_zero_init.obj (.text:decompress:ZI)
                  00002868    0000000c     tm4c123gh6pge_startup_ccs.obj (.text)
                  00002874    0000000a     driverlib.lib : adc.obj (.text:ADCIntClear)
                  0000287e    00000008                   : timer.obj (.text:TimerIntEnable)
                  00002886    00000004     rtsv7M4_T_le_v4SPD16_eabi.lib : pre_init.obj (.text)

.const     0    0000288c    000001fc     
                  0000288c    00000090     driverlib.lib : gpio.obj (.const:g_pui32GPIOBaseAddrs)
                  0000291c    00000070                   : interrupt.obj (.const)
                  0000298c    0000006c                   : sysctl.obj (.const:g_pui32Xtals)
                  000029f8    00000030     ustdlib.obj (.const:g_psDaysToMonth)
                  00002a28    00000018     ustdlib.obj (.const:g_pfExponents)
                  00002a40    00000012     uartstdio.obj (.const:.string)
                  00002a52    00000002     --HOLE-- [fill = 0]
                  00002a54    00000012     ustdlib.obj (.const:.string)
                  00002a66    00000002     --HOLE-- [fill = 0]
                  00002a68    0000000c     uartstdio.obj (.const:g_ui32UARTBase)
                  00002a74    0000000c     uartstdio.obj (.const:g_ui32UARTPeriph)
                  00002a80    00000004     uartstdio.obj (.const)
                  00002a84    00000004     ustdlib.obj (.const)

.cinit     0    00002a88    00000038     
                  00002a88    00000014     (.cinit..data.load) [load image, compression = lzss]
                  00002a9c    0000000c     (__TI_handler_table)
                  00002aa8    00000008     (.cinit..bss.load) [load image, compression = zero_init]
                  00002ab0    00000010     (__TI_cinit_table)

.init_array 
*          0    00000000    00000000     UNINITIALIZED

.bss       0    20000000    000016b4     UNINITIALIZED
                  20000000    00001680     FP_acquire.obj (.bss:RTCMatchPeriod)
                  20001680    00000024     (.common:RealTime)
                  200016a4    00000010     FP_acquire.obj (.bss)

.stack     0    200016b4    00000200     UNINITIALIZED
                  200016b4    00000200     --HOLE--

.data      0    200018b4    0000002c     UNINITIALIZED
                  200018b4    0000000c     rtsv7M4_T_le_v4SPD16_eabi.lib : exit.obj (.data:$O1$$)
                  200018c0    00000008                                   : _lock.obj (.data:$O1$$)
                  200018c8    00000005     uartstdio.obj (.data)
                  200018cd    00000003     --HOLE--
                  200018d0    00000004     FP_acquire.obj (.data)
                  200018d4    00000004     rtsv7M4_T_le_v4SPD16_eabi.lib : stkdepth_vars.obj (.data)
                  200018d8    00000004                                   : strtok.obj (.data)
                  200018dc    00000004     ustdlib.obj (.data)

MODULE SUMMARY

       Module                          code   ro data   rw data
       ------                          ----   -------   -------
    .\
       FP_acquire.obj                  1156   0         5780   
       ustdlib.obj                     3204   94        4      
       uartstdio.obj                   1244   46        5      
       Main.obj                        736    0         36     
       tm4c123gh6pge_startup_ccs.obj   12     620       0      
       datetimeset.obj                 616    0         0      
    +--+-------------------------------+------+---------+---------+
       Total:                          6968   760       5825   
                                                               
    C:/ti/TivaWare_C_Series-2.1.3.156/driverlib/ccs/Debug/driverlib.lib
       gpio.obj                        438    144       0      
       sysctl.obj                      324    108       0      
       adc.obj                         334    0         0      
       hibernate.obj                   324    0         0      
       interrupt.obj                   208    112       0      
       timer.obj                       136    0         0      
    +--+-------------------------------+------+---------+---------+
       Total:                          1764   364       0      
                                                               
    C:\ti\ccsv7\tools\compiler\ti-cgt-arm_16.9.4.LTS\lib\rtsv7M4_T_le_v4SPD16_eabi.lib
       memcpy_t2.obj                   156    0         0      
       memset_t2.obj                   122    0         0      
       autoinit.obj                    112    0         0      
       copy_decompress_lzss.obj        104    0         0      
       exit.obj                        84     0         12     
       boot.obj                        84     0         0      
       cpy_tbl.obj                     76     0         0      
       strtok.obj                      64     0         4      
       u_divt2.obj                     64     0         0      
       strspn.obj                      42     0         0      
       strcspn.obj                     36     0         0      
       _lock.obj                       20     0         8      
       args_main.obj                   24     0         0      
       copy_decompress_none.obj        14     0         0      
       copy_zero_init.obj              12     0         0      
       pre_init.obj                    4      0         0      
       stkdepth_vars.obj               0      0         4      
       i_div0.obj                      2      0         0      
       mpu_init.obj                    2      0         0      
       startup.obj                     2      0         0      
    +--+-------------------------------+------+---------+---------+
       Total:                          1024   0         28     
                                                               
       Stack:                          0      0         512    
       Linker Generated:               0      56        0      
    +--+-------------------------------+------+---------+---------+
       Grand Total:                    9756   1180      6365   


LINKER GENERATED COPY TABLES

__TI_cinit_table @ 00002ab0 records: 2, size/record: 8, table size: 16
	.data: load addr=00002a88, load size=00000014 bytes, run addr=200018b4, run size=0000002c bytes, compression=lzss
	.bss: load addr=00002aa8, load size=00000008 bytes, run addr=20000000, run size=000016b4 bytes, compression=zero_init


LINKER GENERATED HANDLER TABLE

__TI_handler_table @ 00002a9c records: 3, size/record: 4, table size: 12
	index: 0, handler: __TI_decompress_lzss
	index: 1, handler: __TI_decompress_none
	index: 2, handler: __TI_zero_init


GLOBAL SYMBOLS: SORTED ALPHABETICALLY BY Name 

address   name                           
-------   ----                           
00002875  ADCIntClear                    
00002621  ADCIntStatus                   
00002713  ADCProcessorTrigger            
000023d9  ADCSequenceConfigure           
000026f5  ADCSequenceDataGet             
00002825  ADCSequenceEnable              
00002079  ADCSequenceStepConfigure       
000015a7  ADCSetup                       
000013cd  AcquireSetup                   
00002485  C$$EXIT                        
00001b31  DateSet                        
0000267d  GPIODirModeSet                 
00001d99  GPIOPadConfigSet               
00002525  GPIOPinConfigure               
000027c1  GPIOPinTypeADC                 
0000275d  HibernateEnableExpClk          
00002771  HibernateIntClear              
0000272d  HibernateIntStatus             
00002785  HibernateRTCEnable             
00002851  HibernateRTCGet                
000027e5  HibernateRTCMatchSet           
000027f5  HibernateRTCSSGet              
00002651  HibernateRTCSet                
00002805  HibernateRTCTrimSet            
00002799  HibernateRequest               
00002315  HibernateWakeSet               
00001851  InitConsole                    
000021dd  IntDisable                     
00002245  IntEnable                      
000016e7  RTCHandler                     
0000193d  RTCSetup                       
20001680  RealTime                       
00002869  ResetISR                       
UNDEFED   SHT$$INIT_ARRAY$$Base          
UNDEFED   SHT$$INIT_ARRAY$$Limit         
00001591  StartLogging                   
00001ecd  SysCtlClockGet                 
000025ed  SysCtlPeripheralEnable         
000018a5  SysTimeSet                     
00001bfb  TimeSet                        
00002379  TimerConfigure                 
00002833  TimerEnable                    
00001611  TimerHandler                   
0000287f  TimerIntEnable                 
000027d3  TimerLoadSet                   
00000ef1  UARTStdioConfig                
00001069  UARTgetc                       
00000fa3  UARTgets                       
00001397  UARTprintf                     
0000109d  UARTvprintf                    
00000f51  UARTwrite                      
200018b4  __STACK_END                    
00000200  __STACK_SIZE                   
200018b4  __STACK_TOP                    
00002ab0  __TI_CINIT_Base                
00002ac0  __TI_CINIT_Limit               
00002a9c  __TI_Handler_Table_Base        
00002aa8  __TI_Handler_Table_Limit       
0000216d  __TI_auto_init                 
200018b4  __TI_cleanup_ptr               
000022ad  __TI_decompress_lzss           
00002841  __TI_decompress_none           
200018b8  __TI_dtors_ptr                 
200018bc  __TI_enable_exit_profile_output
ffffffff  __TI_pprof_out_hndl            
ffffffff  __TI_prof_data_size            
ffffffff  __TI_prof_data_start           
00000000  __TI_static_base__             
0000285d  __TI_zero_init                 
00001ecb  __aeabi_idiv0                  
000020f3  __aeabi_memclr                 
000020f3  __aeabi_memclr4                
000020f3  __aeabi_memclr8                
00001fdd  __aeabi_memcpy                 
00001fdd  __aeabi_memcpy4                
00001fdd  __aeabi_memcpy8                
000020f5  __aeabi_memset                 
000020f5  __aeabi_memset4                
000020f5  __aeabi_memset8                
000025ad  __aeabi_uidiv                  
000025ad  __aeabi_uidivmod               
ffffffff  __binit__                      
ffffffff  __c_args__                     
0000264f  __mpu_init                     
200016b4  __stack                        
00002745  _args_main                     
00002431  _c_int00                       
200018c0  _lock                          
000027bb  _nop                           
000027b3  _register_lock                 
000027ad  _register_unlock               
0000272b  _system_post_cinit             
00002887  _system_pre_init               
200018c4  _unlock                        
00002489  abort                          
ffffffff  binit                          
000024d9  copy_in                        
00002491  exit                           
00000000  g_pfnVectors                   
0000194f  main                           
200018d4  main_func_sp                   
00001fdd  memcpy                         
000020fb  memset                         
000026d1  strcspn                        
000026a7  strspn                         
0000256d  strtok                         
00000751  ulocaltime                     
0000094f  umktime                        
00000ec9  urand                          
00000721  usnprintf                      
000006ef  usprintf                       
00000eb9  usrand                         
00000e31  ustrcasecmp                    
00000ea5  ustrcmp                        
00000d35  ustrlen                        
00000d8d  ustrncasecmp                   
00000e45  ustrncmp                       
0000026d  ustrncpy                       
00000d57  ustrstr                        
00000afd  ustrtof                        
000009c5  ustrtoul                       
000002c5  uvsnprintf                     


GLOBAL SYMBOLS: SORTED BY Symbol Address 

address   name                           
-------   ----                           
00000000  __TI_static_base__             
00000000  g_pfnVectors                   
00000200  __STACK_SIZE                   
0000026d  ustrncpy                       
000002c5  uvsnprintf                     
000006ef  usprintf                       
00000721  usnprintf                      
00000751  ulocaltime                     
0000094f  umktime                        
000009c5  ustrtoul                       
00000afd  ustrtof                        
00000d35  ustrlen                        
00000d57  ustrstr                        
00000d8d  ustrncasecmp                   
00000e31  ustrcasecmp                    
00000e45  ustrncmp                       
00000ea5  ustrcmp                        
00000eb9  usrand                         
00000ec9  urand                          
00000ef1  UARTStdioConfig                
00000f51  UARTwrite                      
00000fa3  UARTgets                       
00001069  UARTgetc                       
0000109d  UARTvprintf                    
00001397  UARTprintf                     
000013cd  AcquireSetup                   
00001591  StartLogging                   
000015a7  ADCSetup                       
00001611  TimerHandler                   
000016e7  RTCHandler                     
00001851  InitConsole                    
000018a5  SysTimeSet                     
0000193d  RTCSetup                       
0000194f  main                           
00001b31  DateSet                        
00001bfb  TimeSet                        
00001d99  GPIOPadConfigSet               
00001ecb  __aeabi_idiv0                  
00001ecd  SysCtlClockGet                 
00001fdd  __aeabi_memcpy                 
00001fdd  __aeabi_memcpy4                
00001fdd  __aeabi_memcpy8                
00001fdd  memcpy                         
00002079  ADCSequenceStepConfigure       
000020f3  __aeabi_memclr                 
000020f3  __aeabi_memclr4                
000020f3  __aeabi_memclr8                
000020f5  __aeabi_memset                 
000020f5  __aeabi_memset4                
000020f5  __aeabi_memset8                
000020fb  memset                         
0000216d  __TI_auto_init                 
000021dd  IntDisable                     
00002245  IntEnable                      
000022ad  __TI_decompress_lzss           
00002315  HibernateWakeSet               
00002379  TimerConfigure                 
000023d9  ADCSequenceConfigure           
00002431  _c_int00                       
00002485  C$$EXIT                        
00002489  abort                          
00002491  exit                           
000024d9  copy_in                        
00002525  GPIOPinConfigure               
0000256d  strtok                         
000025ad  __aeabi_uidiv                  
000025ad  __aeabi_uidivmod               
000025ed  SysCtlPeripheralEnable         
00002621  ADCIntStatus                   
0000264f  __mpu_init                     
00002651  HibernateRTCSet                
0000267d  GPIODirModeSet                 
000026a7  strspn                         
000026d1  strcspn                        
000026f5  ADCSequenceDataGet             
00002713  ADCProcessorTrigger            
0000272b  _system_post_cinit             
0000272d  HibernateIntStatus             
00002745  _args_main                     
0000275d  HibernateEnableExpClk          
00002771  HibernateIntClear              
00002785  HibernateRTCEnable             
00002799  HibernateRequest               
000027ad  _register_unlock               
000027b3  _register_lock                 
000027bb  _nop                           
000027c1  GPIOPinTypeADC                 
000027d3  TimerLoadSet                   
000027e5  HibernateRTCMatchSet           
000027f5  HibernateRTCSSGet              
00002805  HibernateRTCTrimSet            
00002825  ADCSequenceEnable              
00002833  TimerEnable                    
00002841  __TI_decompress_none           
00002851  HibernateRTCGet                
0000285d  __TI_zero_init                 
00002869  ResetISR                       
00002875  ADCIntClear                    
0000287f  TimerIntEnable                 
00002887  _system_pre_init               
00002a9c  __TI_Handler_Table_Base        
00002aa8  __TI_Handler_Table_Limit       
00002ab0  __TI_CINIT_Base                
00002ac0  __TI_CINIT_Limit               
20001680  RealTime                       
200016b4  __stack                        
200018b4  __STACK_END                    
200018b4  __STACK_TOP                    
200018b4  __TI_cleanup_ptr               
200018b8  __TI_dtors_ptr                 
200018bc  __TI_enable_exit_profile_output
200018c0  _lock                          
200018c4  _unlock                        
200018d4  main_func_sp                   
ffffffff  __TI_pprof_out_hndl            
ffffffff  __TI_prof_data_size            
ffffffff  __TI_prof_data_start           
ffffffff  __binit__                      
ffffffff  __c_args__                     
ffffffff  binit                          
UNDEFED   SHT$$INIT_ARRAY$$Base          
UNDEFED   SHT$$INIT_ARRAY$$Limit         

[122 symbols]
