******************************************************************************
                  TI ARM Linker PC v16.9.4                     
******************************************************************************
>> Linked Tue Nov 21 17:26:41 2017

OUTPUT FILE NAME:   <Frost_Probe.out>
ENTRY POINT SYMBOL: "_c_int00"  address: 00002411


MEMORY CONFIGURATION

         name            origin    length      used     unused   attr    fill
----------------------  --------  ---------  --------  --------  ----  --------
  FLASH                 00000000   00040000  00002a9e  0003d562  R  X
  SRAM                  20000000   00008000  000018e4  0000671c  RW X


SEGMENT ALLOCATION MAP

run origin  load origin   length   init length attrs members
----------  ----------- ---------- ----------- ----- -------
00000000    00000000    00002aa0   00002aa0    r-x
  00000000    00000000    0000026c   0000026c    r-- .intvecs
  0000026c    0000026c    000025fe   000025fe    r-x .text
  0000286c    0000286c    000001fc   000001fc    r-- .const
  00002a68    00002a68    00000038   00000038    r-- .cinit
20000000    20000000    000018e4   00000000    rw-
  20000000    20000000    000016b8   00000000    rw- .bss
  200016b8    200016b8    00000200   00000000    rw- .stack
  200018b8    200018b8    0000002c   00000000    rw- .data


SECTION ALLOCATION MAP

 output                                  attributes/
section   page    origin      length       input sections
--------  ----  ----------  ----------   ----------------
.intvecs   0    00000000    0000026c     
                  00000000    0000026c     tm4c123gh6pge_startup_ccs.obj (.intvecs)

.text      0    0000026c    000025fe     
                  0000026c    00000c84     ustdlib.obj (.text)
                  00000ef0    000004dc     uartstdio.obj (.text)
                  000013cc    00000468     FP_acquire.obj (.text)
                  00001834    000002e0     Main.obj (.text)
                  00001b14    00000264     datetimeset.obj (.text)
                  00001d78    00000132     driverlib.lib : gpio.obj (.text:GPIOPadConfigSet)
                  00001eaa    00000002     rtsv7M4_T_le_v4SPD16_eabi.lib : i_div0.obj (.text)
                  00001eac    00000110     driverlib.lib : sysctl.obj (.text:SysCtlClockGet)
                  00001fbc    0000009c     rtsv7M4_T_le_v4SPD16_eabi.lib : memcpy_t2.obj (.text)
                  00002058    0000007a     driverlib.lib : adc.obj (.text:ADCSequenceStepConfigure)
                  000020d2    0000007a     rtsv7M4_T_le_v4SPD16_eabi.lib : memset_t2.obj (.text)
                  0000214c    00000070                                   : autoinit.obj (.text)
                  000021bc    00000068     driverlib.lib : interrupt.obj (.text:IntDisable)
                  00002224    00000068                   : interrupt.obj (.text:IntEnable)
                  0000228c    00000068     rtsv7M4_T_le_v4SPD16_eabi.lib : copy_decompress_lzss.obj (.text:decompress:lzss)
                  000022f4    00000064     driverlib.lib : hibernate.obj (.text:HibernateWakeSet)
                  00002358    00000060                   : timer.obj (.text:TimerConfigure)
                  000023b8    00000058                   : adc.obj (.text:ADCSequenceConfigure)
                  00002410    00000054     rtsv7M4_T_le_v4SPD16_eabi.lib : boot.obj (.text)
                  00002464    00000054                                   : exit.obj (.text)
                  000024b8    0000004c                                   : cpy_tbl.obj (.text)
                  00002504    00000048     driverlib.lib : gpio.obj (.text:GPIOPinConfigure)
                  0000254c    00000040     rtsv7M4_T_le_v4SPD16_eabi.lib : strtok.obj (.text)
                  0000258c    00000040                                   : u_divt2.obj (.text)
                  000025cc    00000034     driverlib.lib : sysctl.obj (.text:SysCtlPeripheralEnable)
                  00002600    0000002e                   : adc.obj (.text:ADCIntStatus)
                  0000262e    00000002     rtsv7M4_T_le_v4SPD16_eabi.lib : mpu_init.obj (.text)
                  00002630    0000002c     driverlib.lib : hibernate.obj (.text:HibernateRTCSet)
                  0000265c    0000002a                   : gpio.obj (.text:GPIODirModeSet)
                  00002686    0000002a     rtsv7M4_T_le_v4SPD16_eabi.lib : strspn.obj (.text)
                  000026b0    00000024                                   : strcspn.obj (.text)
                  000026d4    0000001e     driverlib.lib : adc.obj (.text:ADCSequenceDataGet)
                  000026f2    00000018                   : adc.obj (.text:ADCProcessorTrigger)
                  0000270a    00000002     rtsv7M4_T_le_v4SPD16_eabi.lib : startup.obj (.text)
                  0000270c    00000018     driverlib.lib : hibernate.obj (.text:HibernateIntStatus)
                  00002724    00000018     rtsv7M4_T_le_v4SPD16_eabi.lib : args_main.obj (.text)
                  0000273c    00000014     driverlib.lib : hibernate.obj (.text:HibernateEnableExpClk)
                  00002750    00000014                   : hibernate.obj (.text:HibernateIntClear)
                  00002764    00000014                   : hibernate.obj (.text:HibernateRTCEnable)
                  00002778    00000014                   : hibernate.obj (.text:HibernateRequest)
                  0000278c    00000014     rtsv7M4_T_le_v4SPD16_eabi.lib : _lock.obj (.text)
                  000027a0    00000012     driverlib.lib : gpio.obj (.text:GPIOPinTypeADC)
                  000027b2    00000012                   : timer.obj (.text:TimerLoadSet)
                  000027c4    00000010                   : hibernate.obj (.text:HibernateRTCMatchSet)
                  000027d4    00000010                   : hibernate.obj (.text:HibernateRTCSSGet)
                  000027e4    00000010                   : hibernate.obj (.text:HibernateRTCTrimSet)
                  000027f4    00000010                   : hibernate.obj (.text:_HibernateWriteComplete)
                  00002804    0000000e                   : adc.obj (.text:ADCSequenceEnable)
                  00002812    0000000e                   : timer.obj (.text:TimerEnable)
                  00002820    0000000e     rtsv7M4_T_le_v4SPD16_eabi.lib : copy_decompress_none.obj (.text:decompress:none)
                  0000282e    00000002     --HOLE-- [fill = 0]
                  00002830    0000000c     driverlib.lib : hibernate.obj (.text:HibernateRTCGet)
                  0000283c    0000000c     rtsv7M4_T_le_v4SPD16_eabi.lib : copy_zero_init.obj (.text:decompress:ZI)
                  00002848    0000000c     tm4c123gh6pge_startup_ccs.obj (.text)
                  00002854    0000000a     driverlib.lib : adc.obj (.text:ADCIntClear)
                  0000285e    00000008                   : timer.obj (.text:TimerIntEnable)
                  00002866    00000004     rtsv7M4_T_le_v4SPD16_eabi.lib : pre_init.obj (.text)

.const     0    0000286c    000001fc     
                  0000286c    00000090     driverlib.lib : gpio.obj (.const:g_pui32GPIOBaseAddrs)
                  000028fc    00000070                   : interrupt.obj (.const)
                  0000296c    0000006c                   : sysctl.obj (.const:g_pui32Xtals)
                  000029d8    00000030     ustdlib.obj (.const:g_psDaysToMonth)
                  00002a08    00000018     ustdlib.obj (.const:g_pfExponents)
                  00002a20    00000012     uartstdio.obj (.const:.string)
                  00002a32    00000002     --HOLE-- [fill = 0]
                  00002a34    00000012     ustdlib.obj (.const:.string)
                  00002a46    00000002     --HOLE-- [fill = 0]
                  00002a48    0000000c     uartstdio.obj (.const:g_ui32UARTBase)
                  00002a54    0000000c     uartstdio.obj (.const:g_ui32UARTPeriph)
                  00002a60    00000004     uartstdio.obj (.const)
                  00002a64    00000004     ustdlib.obj (.const)

.cinit     0    00002a68    00000038     
                  00002a68    00000014     (.cinit..data.load) [load image, compression = lzss]
                  00002a7c    0000000c     (__TI_handler_table)
                  00002a88    00000008     (.cinit..bss.load) [load image, compression = zero_init]
                  00002a90    00000010     (__TI_cinit_table)

.init_array 
*          0    00000000    00000000     UNINITIALIZED

.bss       0    20000000    000016b8     UNINITIALIZED
                  20000000    00001690     (.common:ConfigState)
                  20001690    00000024     (.common:RealTime)
                  200016b4    00000004     FP_acquire.obj (.bss)

.stack     0    200016b8    00000200     UNINITIALIZED
                  200016b8    00000200     --HOLE--

.data      0    200018b8    0000002c     UNINITIALIZED
                  200018b8    0000000c     rtsv7M4_T_le_v4SPD16_eabi.lib : exit.obj (.data:$O1$$)
                  200018c4    00000008                                   : _lock.obj (.data:$O1$$)
                  200018cc    00000005     uartstdio.obj (.data)
                  200018d1    00000003     --HOLE--
                  200018d4    00000004     FP_acquire.obj (.data)
                  200018d8    00000004     rtsv7M4_T_le_v4SPD16_eabi.lib : stkdepth_vars.obj (.data)
                  200018dc    00000004                                   : strtok.obj (.data)
                  200018e0    00000004     ustdlib.obj (.data)

MODULE SUMMARY

       Module                          code   ro data   rw data
       ------                          ----   -------   -------
    .\
       FP_acquire.obj                  1128   0         5784   
       ustdlib.obj                     3204   94        4      
       uartstdio.obj                   1244   46        5      
       Main.obj                        736    0         36     
       tm4c123gh6pge_startup_ccs.obj   12     620       0      
       datetimeset.obj                 612    0         0      
    +--+-------------------------------+------+---------+---------+
       Total:                          6936   760       5829   
                                                               
    C:/ti/TivaWare_C_Series-2.1.3.156/driverlib/ccs/Debug/driverlib.lib
       gpio.obj                        438    144       0      
       sysctl.obj                      324    108       0      
       adc.obj                         334    0         0      
       hibernate.obj                   324    0         0      
       interrupt.obj                   208    112       0      
       timer.obj                       136    0         0      
    +--+-------------------------------+------+---------+---------+
       Total:                          1764   364       0      
                                                               
    C:\ti\ccsv7\tools\compiler\ti-cgt-arm_16.9.4.LTS\lib\rtsv7M4_T_le_v4SPD16_eabi.lib
       memcpy_t2.obj                   156    0         0      
       memset_t2.obj                   122    0         0      
       autoinit.obj                    112    0         0      
       copy_decompress_lzss.obj        104    0         0      
       exit.obj                        84     0         12     
       boot.obj                        84     0         0      
       cpy_tbl.obj                     76     0         0      
       strtok.obj                      64     0         4      
       u_divt2.obj                     64     0         0      
       strspn.obj                      42     0         0      
       strcspn.obj                     36     0         0      
       _lock.obj                       20     0         8      
       args_main.obj                   24     0         0      
       copy_decompress_none.obj        14     0         0      
       copy_zero_init.obj              12     0         0      
       pre_init.obj                    4      0         0      
       stkdepth_vars.obj               0      0         4      
       i_div0.obj                      2      0         0      
       mpu_init.obj                    2      0         0      
       startup.obj                     2      0         0      
    +--+-------------------------------+------+---------+---------+
       Total:                          1024   0         28     
                                                               
       Stack:                          0      0         512    
       Linker Generated:               0      56        0      
    +--+-------------------------------+------+---------+---------+
       Grand Total:                    9724   1180      6369   


LINKER GENERATED COPY TABLES

__TI_cinit_table @ 00002a90 records: 2, size/record: 8, table size: 16
	.data: load addr=00002a68, load size=00000014 bytes, run addr=200018b8, run size=0000002c bytes, compression=lzss
	.bss: load addr=00002a88, load size=00000008 bytes, run addr=20000000, run size=000016b8 bytes, compression=zero_init


LINKER GENERATED HANDLER TABLE

__TI_handler_table @ 00002a7c records: 3, size/record: 4, table size: 12
	index: 0, handler: __TI_decompress_lzss
	index: 1, handler: __TI_decompress_none
	index: 2, handler: __TI_zero_init


GLOBAL SYMBOLS: SORTED ALPHABETICALLY BY Name 

address   name                           
-------   ----                           
00002855  ADCIntClear                    
00002601  ADCIntStatus                   
000026f3  ADCProcessorTrigger            
000023b9  ADCSequenceConfigure           
000026d5  ADCSequenceDataGet             
00002805  ADCSequenceEnable              
00002059  ADCSequenceStepConfigure       
00001597  ADCSetup                       
000013cd  AcquireSetup                   
00002465  C$$EXIT                        
20000000  ConfigState                    
00001b15  DateSet                        
0000265d  GPIODirModeSet                 
00001d79  GPIOPadConfigSet               
00002505  GPIOPinConfigure               
000027a1  GPIOPinTypeADC                 
0000273d  HibernateEnableExpClk          
00002751  HibernateIntClear              
0000270d  HibernateIntStatus             
00002765  HibernateRTCEnable             
00002831  HibernateRTCGet                
000027c5  HibernateRTCMatchSet           
000027d5  HibernateRTCSSGet              
00002631  HibernateRTCSet                
000027e5  HibernateRTCTrimSet            
00002779  HibernateRequest               
000022f5  HibernateWakeSet               
00001835  InitConsole                    
000021bd  IntDisable                     
00002225  IntEnable                      
000016d7  RTCHandler                     
0000191f  RTCSetup                       
20001690  RealTime                       
00002849  ResetISR                       
UNDEFED   SHT$$INIT_ARRAY$$Base          
UNDEFED   SHT$$INIT_ARRAY$$Limit         
00001581  StartLogging                   
00001ead  SysCtlClockGet                 
000025cd  SysCtlPeripheralEnable         
00001889  SysTimeSet                     
00001bdb  TimeSet                        
00002359  TimerConfigure                 
00002813  TimerEnable                    
00001601  TimerHandler                   
0000285f  TimerIntEnable                 
000027b3  TimerLoadSet                   
00000ef1  UARTStdioConfig                
00001069  UARTgetc                       
00000fa3  UARTgets                       
00001397  UARTprintf                     
0000109d  UARTvprintf                    
00000f51  UARTwrite                      
200018b8  __STACK_END                    
00000200  __STACK_SIZE                   
200018b8  __STACK_TOP                    
00002a90  __TI_CINIT_Base                
00002aa0  __TI_CINIT_Limit               
00002a7c  __TI_Handler_Table_Base        
00002a88  __TI_Handler_Table_Limit       
0000214d  __TI_auto_init                 
200018b8  __TI_cleanup_ptr               
0000228d  __TI_decompress_lzss           
00002821  __TI_decompress_none           
200018bc  __TI_dtors_ptr                 
200018c0  __TI_enable_exit_profile_output
ffffffff  __TI_pprof_out_hndl            
ffffffff  __TI_prof_data_size            
ffffffff  __TI_prof_data_start           
00000000  __TI_static_base__             
0000283d  __TI_zero_init                 
00001eab  __aeabi_idiv0                  
000020d3  __aeabi_memclr                 
000020d3  __aeabi_memclr4                
000020d3  __aeabi_memclr8                
00001fbd  __aeabi_memcpy                 
00001fbd  __aeabi_memcpy4                
00001fbd  __aeabi_memcpy8                
000020d5  __aeabi_memset                 
000020d5  __aeabi_memset4                
000020d5  __aeabi_memset8                
0000258d  __aeabi_uidiv                  
0000258d  __aeabi_uidivmod               
ffffffff  __binit__                      
ffffffff  __c_args__                     
0000262f  __mpu_init                     
200016b8  __stack                        
00002725  _args_main                     
00002411  _c_int00                       
200018c4  _lock                          
0000279b  _nop                           
00002793  _register_lock                 
0000278d  _register_unlock               
0000270b  _system_post_cinit             
00002867  _system_pre_init               
200018c8  _unlock                        
00002469  abort                          
ffffffff  binit                          
000024b9  copy_in                        
00002471  exit                           
00000000  g_pfnVectors                   
00001931  main                           
200018d8  main_func_sp                   
00001fbd  memcpy                         
000020db  memset                         
000026b1  strcspn                        
00002687  strspn                         
0000254d  strtok                         
00000751  ulocaltime                     
0000094f  umktime                        
00000ec9  urand                          
00000721  usnprintf                      
000006ef  usprintf                       
00000eb9  usrand                         
00000e31  ustrcasecmp                    
00000ea5  ustrcmp                        
00000d35  ustrlen                        
00000d8d  ustrncasecmp                   
00000e45  ustrncmp                       
0000026d  ustrncpy                       
00000d57  ustrstr                        
00000afd  ustrtof                        
000009c5  ustrtoul                       
000002c5  uvsnprintf                     


GLOBAL SYMBOLS: SORTED BY Symbol Address 

address   name                           
-------   ----                           
00000000  __TI_static_base__             
00000000  g_pfnVectors                   
00000200  __STACK_SIZE                   
0000026d  ustrncpy                       
000002c5  uvsnprintf                     
000006ef  usprintf                       
00000721  usnprintf                      
00000751  ulocaltime                     
0000094f  umktime                        
000009c5  ustrtoul                       
00000afd  ustrtof                        
00000d35  ustrlen                        
00000d57  ustrstr                        
00000d8d  ustrncasecmp                   
00000e31  ustrcasecmp                    
00000e45  ustrncmp                       
00000ea5  ustrcmp                        
00000eb9  usrand                         
00000ec9  urand                          
00000ef1  UARTStdioConfig                
00000f51  UARTwrite                      
00000fa3  UARTgets                       
00001069  UARTgetc                       
0000109d  UARTvprintf                    
00001397  UARTprintf                     
000013cd  AcquireSetup                   
00001581  StartLogging                   
00001597  ADCSetup                       
00001601  TimerHandler                   
000016d7  RTCHandler                     
00001835  InitConsole                    
00001889  SysTimeSet                     
0000191f  RTCSetup                       
00001931  main                           
00001b15  DateSet                        
00001bdb  TimeSet                        
00001d79  GPIOPadConfigSet               
00001eab  __aeabi_idiv0                  
00001ead  SysCtlClockGet                 
00001fbd  __aeabi_memcpy                 
00001fbd  __aeabi_memcpy4                
00001fbd  __aeabi_memcpy8                
00001fbd  memcpy                         
00002059  ADCSequenceStepConfigure       
000020d3  __aeabi_memclr                 
000020d3  __aeabi_memclr4                
000020d3  __aeabi_memclr8                
000020d5  __aeabi_memset                 
000020d5  __aeabi_memset4                
000020d5  __aeabi_memset8                
000020db  memset                         
0000214d  __TI_auto_init                 
000021bd  IntDisable                     
00002225  IntEnable                      
0000228d  __TI_decompress_lzss           
000022f5  HibernateWakeSet               
00002359  TimerConfigure                 
000023b9  ADCSequenceConfigure           
00002411  _c_int00                       
00002465  C$$EXIT                        
00002469  abort                          
00002471  exit                           
000024b9  copy_in                        
00002505  GPIOPinConfigure               
0000254d  strtok                         
0000258d  __aeabi_uidiv                  
0000258d  __aeabi_uidivmod               
000025cd  SysCtlPeripheralEnable         
00002601  ADCIntStatus                   
0000262f  __mpu_init                     
00002631  HibernateRTCSet                
0000265d  GPIODirModeSet                 
00002687  strspn                         
000026b1  strcspn                        
000026d5  ADCSequenceDataGet             
000026f3  ADCProcessorTrigger            
0000270b  _system_post_cinit             
0000270d  HibernateIntStatus             
00002725  _args_main                     
0000273d  HibernateEnableExpClk          
00002751  HibernateIntClear              
00002765  HibernateRTCEnable             
00002779  HibernateRequest               
0000278d  _register_unlock               
00002793  _register_lock                 
0000279b  _nop                           
000027a1  GPIOPinTypeADC                 
000027b3  TimerLoadSet                   
000027c5  HibernateRTCMatchSet           
000027d5  HibernateRTCSSGet              
000027e5  HibernateRTCTrimSet            
00002805  ADCSequenceEnable              
00002813  TimerEnable                    
00002821  __TI_decompress_none           
00002831  HibernateRTCGet                
0000283d  __TI_zero_init                 
00002849  ResetISR                       
00002855  ADCIntClear                    
0000285f  TimerIntEnable                 
00002867  _system_pre_init               
00002a7c  __TI_Handler_Table_Base        
00002a88  __TI_Handler_Table_Limit       
00002a90  __TI_CINIT_Base                
00002aa0  __TI_CINIT_Limit               
20000000  ConfigState                    
20001690  RealTime                       
200016b8  __stack                        
200018b8  __STACK_END                    
200018b8  __STACK_TOP                    
200018b8  __TI_cleanup_ptr               
200018bc  __TI_dtors_ptr                 
200018c0  __TI_enable_exit_profile_output
200018c4  _lock                          
200018c8  _unlock                        
200018d8  main_func_sp                   
ffffffff  __TI_pprof_out_hndl            
ffffffff  __TI_prof_data_size            
ffffffff  __TI_prof_data_start           
ffffffff  __binit__                      
ffffffff  __c_args__                     
ffffffff  binit                          
UNDEFED   SHT$$INIT_ARRAY$$Base          
UNDEFED   SHT$$INIT_ARRAY$$Limit         

[123 symbols]
